#
# There is insufficient memory for the Java Runtime Environment to continue.
# Native memory allocation (malloc) failed to allocate 1239760 bytes. Error detail: Chunk::new
# Possible reasons:
#   The system is out of physical RAM or swap space
#   This process is running with CompressedOops enabled, and the Java Heap may be blocking the growth of the native heap
# Possible solutions:
#   Reduce memory load on the system
#   Increase physical memory or swap space
#   Check if swap backing store is full
#   Decrease Java heap size (-Xmx/-Xms)
#   Decrease number of Java threads
#   Decrease Java thread stack sizes (-Xss)
#   Set larger code cache with -XX:ReservedCodeCacheSize=
#   JVM is running with Unscaled Compressed Oops mode in which the Java heap is
#     placed in the first 4GB address space. The Java Heap base address is the
#     maximum limit for the native heap growth. Please use -XX:HeapBaseMinAddress
#     to set the Java Heap base and to place the Java Heap above 4GB virtual address.
# This output file may be truncated or incomplete.
#
#  Out of Memory Error (arena.cpp:168), pid=16804, tid=7328
#
# JRE version: OpenJDK Runtime Environment Temurin-21.0.10+7 (21.0.10+7) (build 21.0.10+7-LTS)
# Java VM: OpenJDK 64-Bit Server VM Temurin-21.0.10+7 (21.0.10+7-LTS, mixed mode, sharing, tiered, compressed oops, compressed class ptrs, parallel gc, windows-amd64)
# No core dump will be written. Minidumps are not enabled by default on client versions of Windows
#

---------------  S U M M A R Y ------------

Command Line: --add-modules=ALL-SYSTEM --add-opens=java.base/java.util=ALL-UNNAMED --add-opens=java.base/java.lang=ALL-UNNAMED --add-opens=java.base/sun.nio.fs=ALL-UNNAMED -Declipse.application=org.eclipse.jdt.ls.core.id1 -Dosgi.bundles.defaultStartLevel=4 -Declipse.product=org.eclipse.jdt.ls.core.product -Djava.import.generatesMetadataFilesAtProjectRoot=false -DDetectVMInstallationsJob.disabled=true -Dfile.encoding=utf8 -XX:+UseParallelGC -XX:GCTimeRatio=4 -XX:AdaptiveSizePolicyWeight=90 -Dsun.zip.disableMemoryMapping=true -Xmx2G -Xms100m -Xlog:disable -javaagent:c:\Users\KEKE\.cursor\extensions\redhat.java-1.53.0-win32-x64\lombok\lombok-1.18.39-4050.jar -XX:+HeapDumpOnOutOfMemoryError -XX:HeapDumpPath=c:\Users\KEKE\AppData\Roaming\Cursor\User\workspaceStorage\b4f81907cdd886fa0c08bef9f9a78c8a\redhat.java -Daether.dependencyCollector.impl=bf c:\Users\KEKE\.cursor\extensions\redhat.java-1.53.0-win32-x64\server\plugins\org.eclipse.equinox.launcher_1.7.100.v20251111-0406.jar -configuration c:\Users\KEKE\AppData\Roaming\Cursor\User\globalStorage\redhat.java\1.53.0\config_win -data c:\Users\KEKE\AppData\Roaming\Cursor\User\workspaceStorage\b4f81907cdd886fa0c08bef9f9a78c8a\redhat.java\jdt_ws --pipe=\\.\pipe\lsp-b5d8c50428aa95741ee325ff36e40aa2-sock

Host: AMD Ryzen 5 3500U with Radeon Vega Mobile Gfx  , 8 cores, 6G,  Windows 10 , 64 bit Build 19041 (10.0.19041.5915)
Time: Thu Mar 12 08:06:02 2026 Temps universel coordonné elapsed time: 13.363090 seconds (0d 0h 0m 13s)

---------------  T H R E A D  ---------------

Current thread (0x000002a596319d60):  JavaThread "C2 CompilerThread0" daemon [_thread_in_native, id=7328, stack(0x000000b6fbc00000,0x000000b6fbd00000) (1024K)]


Current CompileTask:
C2:13363 7599       4       org.eclipse.osgi.internal.loader.BundleLoader::addExportedProvidersFor (167 bytes)

Stack: [0x000000b6fbc00000,0x000000b6fbd00000]
Native frames: (J=compiled Java code, j=interpreted, Vv=VM code, C=native code)
V  [jvm.dll+0x6d7a39]
V  [jvm.dll+0x8b4b26]
V  [jvm.dll+0x8b70de]
V  [jvm.dll+0x8b77c3]
V  [jvm.dll+0x284346]
V  [jvm.dll+0xc66ed]
V  [jvm.dll+0xc6c31]
V  [jvm.dll+0x3bec3b]
V  [jvm.dll+0x38b162]
V  [jvm.dll+0x38a5aa]
V  [jvm.dll+0x24c560]
V  [jvm.dll+0x24bb40]
V  [jvm.dll+0x1cb34e]
V  [jvm.dll+0x25b85d]
V  [jvm.dll+0x259dea]
V  [jvm.dll+0x3f857e]
V  [jvm.dll+0x85f59d]
V  [jvm.dll+0x6d626d]
C  [ucrtbase.dll+0x21bb2]
C  [KERNEL32.DLL+0x17374]
C  [ntdll.dll+0x4cc91]


---------------  P R O C E S S  ---------------

Threads class SMR info:
_java_thread_list=0x000002a5df080660, length=44, elements={
0x000002a5fc18bfc0, 0x000002a5962ec000, 0x000002a5962ed520, 0x000002a5962eee30,
0x000002a5962f1ee0, 0x000002a5962f44a0, 0x000002a596314f10, 0x000002a596319d60,
0x000002a5dd010110, 0x000002a5dd20b000, 0x000002a5dd3104d0, 0x000002a5dda17320,
0x000002a5dd91e970, 0x000002a5dda44260, 0x000002a5dda450a0, 0x000002a5dea82270,
0x000002a5dde5bb70, 0x000002a5de80d240, 0x000002a5de1cd960, 0x000002a5de1cbf20,
0x000002a5de1cb890, 0x000002a5de1cd2d0, 0x000002a5de1ce680, 0x000002a5de1ccc40,
0x000002a5de1cdff0, 0x000002a5de1ced10, 0x000002a5ddaddd40, 0x000002a5ddad9510,
0x000002a5ddadb5e0, 0x000002a5ddada230, 0x000002a5ddadd6b0, 0x000002a5ddade3d0,
0x000002a5ddad9ba0, 0x000002a5ddadc300, 0x000002a5ddadea60, 0x000002a5ddadc990,
0x000002a5ddada8c0, 0x000002a5ddadf780, 0x000002a5ddadaf50, 0x000002a5ddadbc70,
0x000002a5ddadf0f0, 0x000002a5ddadfe10, 0x000002a5ddad8e80, 0x000002a5ddae04a0
}

Java Threads: ( => current thread )
  0x000002a5fc18bfc0 JavaThread "main"                              [_thread_blocked, id=14512, stack(0x000000b6fb200000,0x000000b6fb300000) (1024K)]
  0x000002a5962ec000 JavaThread "Reference Handler"          daemon [_thread_blocked, id=9844, stack(0x000000b6fb600000,0x000000b6fb700000) (1024K)]
  0x000002a5962ed520 JavaThread "Finalizer"                  daemon [_thread_blocked, id=17036, stack(0x000000b6fb700000,0x000000b6fb800000) (1024K)]
  0x000002a5962eee30 JavaThread "Signal Dispatcher"          daemon [_thread_blocked, id=3364, stack(0x000000b6fb800000,0x000000b6fb900000) (1024K)]
  0x000002a5962f1ee0 JavaThread "Attach Listener"            daemon [_thread_blocked, id=12740, stack(0x000000b6fb900000,0x000000b6fba00000) (1024K)]
  0x000002a5962f44a0 JavaThread "Service Thread"             daemon [_thread_blocked, id=15128, stack(0x000000b6fba00000,0x000000b6fbb00000) (1024K)]
  0x000002a596314f10 JavaThread "Monitor Deflation Thread"   daemon [_thread_blocked, id=12016, stack(0x000000b6fbb00000,0x000000b6fbc00000) (1024K)]
=>0x000002a596319d60 JavaThread "C2 CompilerThread0"         daemon [_thread_in_native, id=7328, stack(0x000000b6fbc00000,0x000000b6fbd00000) (1024K)]
  0x000002a5dd010110 JavaThread "C1 CompilerThread0"         daemon [_thread_blocked, id=1636, stack(0x000000b6fbd00000,0x000000b6fbe00000) (1024K)]
  0x000002a5dd20b000 JavaThread "Common-Cleaner"             daemon [_thread_blocked, id=16468, stack(0x000000b6fbe00000,0x000000b6fbf00000) (1024K)]
  0x000002a5dd3104d0 JavaThread "Notification Thread"        daemon [_thread_blocked, id=18720, stack(0x000000b6fbf00000,0x000000b6fc000000) (1024K)]
  0x000002a5dda17320 JavaThread "Active Thread: Equinox Container: 8075b519-d995-41c6-8552-4809533e9d57"        [_thread_blocked, id=18176, stack(0x000000b6fc600000,0x000000b6fc700000) (1024K)]
  0x000002a5dd91e970 JavaThread "Refresh Thread: Equinox Container: 8075b519-d995-41c6-8552-4809533e9d57" daemon [_thread_blocked, id=15036, stack(0x000000b6fc800000,0x000000b6fc900000) (1024K)]
  0x000002a5dda44260 JavaThread "Framework Event Dispatcher: Equinox Container: 8075b519-d995-41c6-8552-4809533e9d57" daemon [_thread_blocked, id=9768, stack(0x000000b6fc900000,0x000000b6fca00000) (1024K)]
  0x000002a5dda450a0 JavaThread "Start Level: Equinox Container: 8075b519-d995-41c6-8552-4809533e9d57" daemon [_thread_blocked, id=10368, stack(0x000000b6fca00000,0x000000b6fcb00000) (1024K)]
  0x000002a5dea82270 JavaThread "Bundle File Closer"         daemon [_thread_blocked, id=15312, stack(0x000000b6fcb00000,0x000000b6fcc00000) (1024K)]
  0x000002a5dde5bb70 JavaThread "SCR Component Actor"        daemon [_thread_blocked, id=14596, stack(0x000000b6fcc00000,0x000000b6fcd00000) (1024K)]
  0x000002a5de80d240 JavaThread "Worker-JM"                         [_thread_blocked, id=13040, stack(0x000000b6fcd00000,0x000000b6fce00000) (1024K)]
  0x000002a5de1cd960 JavaThread "JNA Cleaner"                daemon [_thread_blocked, id=13580, stack(0x000000b6fce00000,0x000000b6fcf00000) (1024K)]
  0x000002a5de1cbf20 JavaThread "Worker-0"                          [_thread_blocked, id=13520, stack(0x000000b6fcf00000,0x000000b6fd000000) (1024K)]
  0x000002a5de1cb890 JavaThread "Worker-1: Initialize workspace"        [_thread_blocked, id=13140, stack(0x000000b6fd000000,0x000000b6fd100000) (1024K)]
  0x000002a5de1cd2d0 JavaThread "Java indexing"              daemon [_thread_blocked, id=10264, stack(0x000000b6fd100000,0x000000b6fd200000) (1024K)]
  0x000002a5de1ce680 JavaThread "Worker-2"                          [_thread_blocked, id=9040, stack(0x000000b6fd200000,0x000000b6fd300000) (1024K)]
  0x000002a5de1ccc40 JavaThread "Worker-3"                          [_thread_blocked, id=8012, stack(0x000000b6fd500000,0x000000b6fd600000) (1024K)]
  0x000002a5de1cdff0 JavaThread "Worker-4: Initialize Workspace"        [_thread_blocked, id=16092, stack(0x000000b6fd600000,0x000000b6fd700000) (1024K)]
  0x000002a5de1ced10 JavaThread "Thread-1"                   daemon [_thread_in_native, id=2308, stack(0x000000b6fd700000,0x000000b6fd800000) (1024K)]
  0x000002a5ddaddd40 JavaThread "Thread-2"                   daemon [_thread_in_native, id=1720, stack(0x000000b6fd800000,0x000000b6fd900000) (1024K)]
  0x000002a5ddad9510 JavaThread "Thread-3"                   daemon [_thread_in_native, id=18748, stack(0x000000b6fd900000,0x000000b6fda00000) (1024K)]
  0x000002a5ddadb5e0 JavaThread "Thread-4"                   daemon [_thread_in_native, id=2592, stack(0x000000b6fda00000,0x000000b6fdb00000) (1024K)]
  0x000002a5ddada230 JavaThread "Thread-5"                   daemon [_thread_in_native, id=3248, stack(0x000000b6fdb00000,0x000000b6fdc00000) (1024K)]
  0x000002a5ddadd6b0 JavaThread "Thread-6"                   daemon [_thread_in_native, id=18316, stack(0x000000b6fdc00000,0x000000b6fdd00000) (1024K)]
  0x000002a5ddade3d0 JavaThread "Thread-7"                   daemon [_thread_in_native, id=17596, stack(0x000000b6fdd00000,0x000000b6fde00000) (1024K)]
  0x000002a5ddad9ba0 JavaThread "Thread-8"                   daemon [_thread_in_native, id=7448, stack(0x000000b6fde00000,0x000000b6fdf00000) (1024K)]
  0x000002a5ddadc300 JavaThread "Thread-9"                   daemon [_thread_in_native, id=15936, stack(0x000000b6fdf00000,0x000000b6fe000000) (1024K)]
  0x000002a5ddadea60 JavaThread "pool-2-thread-1"                   [_thread_blocked, id=13892, stack(0x000000b6fe000000,0x000000b6fe100000) (1024K)]
  0x000002a5ddadc990 JavaThread "WorkspaceEventsHandler"            [_thread_blocked, id=9480, stack(0x000000b6fe100000,0x000000b6fe200000) (1024K)]
  0x000002a5ddada8c0 JavaThread "pool-1-thread-1"                   [_thread_in_vm, id=4024, stack(0x000000b6fe200000,0x000000b6fe300000) (1024K)]
  0x000002a5ddadf780 JavaThread "ForkJoinPool.commonPool-worker-1" daemon [_thread_blocked, id=16812, stack(0x000000b6fe300000,0x000000b6fe400000) (1024K)]
  0x000002a5ddadaf50 JavaThread "ForkJoinPool.commonPool-worker-2" daemon [_thread_blocked, id=18780, stack(0x000000b6fe400000,0x000000b6fe500000) (1024K)]
  0x000002a5ddadbc70 JavaThread "ForkJoinPool.commonPool-worker-3" daemon [_thread_blocked, id=10044, stack(0x000000b6fe500000,0x000000b6fe600000) (1024K)]
  0x000002a5ddadf0f0 JavaThread "ForkJoinPool.commonPool-worker-4" daemon [_thread_blocked, id=13832, stack(0x000000b6fe600000,0x000000b6fe700000) (1024K)]
  0x000002a5ddadfe10 JavaThread "ForkJoinPool.commonPool-worker-5" daemon [_thread_blocked, id=18304, stack(0x000000b6fe700000,0x000000b6fe800000) (1024K)]
  0x000002a5ddad8e80 JavaThread "ForkJoinPool.commonPool-worker-6" daemon [_thread_blocked, id=4800, stack(0x000000b6fe800000,0x000000b6fe900000) (1024K)]
  0x000002a5ddae04a0 JavaThread "ForkJoinPool.commonPool-worker-7" daemon [_thread_blocked, id=14140, stack(0x000000b6fe900000,0x000000b6fea00000) (1024K)]
Total: 44

Other Threads:
  0x000002a5962e1d20 VMThread "VM Thread"                           [id=17352, stack(0x000000b6fb500000,0x000000b6fb600000) (1024K)]
  0x000002a5fe52c6c0 WatcherThread "VM Periodic Task Thread"        [id=16692, stack(0x000000b6fb400000,0x000000b6fb500000) (1024K)]
  0x000002a5fe4dfce0 WorkerThread "GC Thread#0"                     [id=17476, stack(0x000000b6fb300000,0x000000b6fb400000) (1024K)]
  0x000002a5dd8749f0 WorkerThread "GC Thread#1"                     [id=3348, stack(0x000000b6fc000000,0x000000b6fc100000) (1024K)]
  0x000002a5dd874da0 WorkerThread "GC Thread#2"                     [id=16416, stack(0x000000b6fc100000,0x000000b6fc200000) (1024K)]
  0x000002a5dd4b6640 WorkerThread "GC Thread#3"                     [id=19184, stack(0x000000b6fc200000,0x000000b6fc300000) (1024K)]
  0x000002a5dd4b69f0 WorkerThread "GC Thread#4"                     [id=9960, stack(0x000000b6fc300000,0x000000b6fc400000) (1024K)]
  0x000002a5dd7cd640 WorkerThread "GC Thread#5"                     [id=18324, stack(0x000000b6fc400000,0x000000b6fc500000) (1024K)]
  0x000002a5dd7cd9f0 WorkerThread "GC Thread#6"                     [id=6612, stack(0x000000b6fc500000,0x000000b6fc600000) (1024K)]
  0x000002a5dd94d1b0 WorkerThread "GC Thread#7"                     [id=17960, stack(0x000000b6fc700000,0x000000b6fc800000) (1024K)]
Total: 10

Threads with active compile tasks:
C2 CompilerThread0  13397 7599       4       org.eclipse.osgi.internal.loader.BundleLoader::addExportedProvidersFor (167 bytes)
Total: 1

VM state: not at safepoint (normal execution)

VM Mutex/Monitor currently owned by a thread:  ([mutex/lock_event])
[0x00007ffe926ec4e0] Metaspace_lock - owner thread: 0x000002a5ddada8c0

Heap address: 0x0000000080000000, size: 2048 MB, Compressed Oops mode: 32-bit

CDS archive(s) mapped at: [0x000002a597000000-0x000002a597ba0000-0x000002a597ba0000), size 12189696, SharedBaseAddress: 0x000002a597000000, ArchiveRelocationMode: 1.
Compressed class space mapped at: 0x000002a598000000-0x000002a5d8000000, reserved size: 1073741824
Narrow klass base: 0x000002a597000000, Narrow klass shift: 0, Narrow klass range: 0x100000000

GC Precious Log:
 CardTable entry size: 512
 CPUs: 8 total, 8 available
 Memory: 7103M
 Large Page Support: Disabled
 NUMA Support: Disabled
 Compressed Oops: Enabled (32-bit)
 Alignments: Space 512K, Generation 512K, Heap 2M
 Heap Min Capacity: 100M
 Heap Initial Capacity: 100M
 Heap Max Capacity: 2G
 Pre-touch: Disabled
 Parallel Workers: 8

Heap:
 PSYoungGen      total 16384K, used 11063K [0x00000000d5580000, 0x00000000d6780000, 0x0000000100000000)
  eden space 15360K, 66% used [0x00000000d5580000,0x00000000d5f8b810,0x00000000d6480000)
  from space 1024K, 75% used [0x00000000d6480000,0x00000000d6542730,0x00000000d6580000)
  to   space 1536K, 0% used [0x00000000d6600000,0x00000000d6600000,0x00000000d6780000)
 ParOldGen       total 68608K, used 51259K [0x0000000080000000, 0x0000000084300000, 0x00000000d5580000)
  object space 68608K, 74% used [0x0000000080000000,0x000000008320ec30,0x0000000084300000)
 Metaspace       used 55127K, committed 56448K, reserved 1114112K
  class space    used 5969K, committed 6528K, reserved 1048576K

Card table byte_map: [0x000002a5fdea0000,0x000002a5fe2b0000] _byte_map_base: 0x000002a5fdaa0000

Marking Bits: (ParMarkBitMap*) 0x00007ffe926f3450
 Begin Bits: [0x000002a592140000, 0x000002a594140000)
 End Bits:   [0x000002a594140000, 0x000002a596140000)

Polling page: 0x000002a5fdc90000

Metaspace:

Usage:
  Non-class:     48.01 MB used.
      Class:      5.83 MB used.
       Both:     53.84 MB used.

Virtual space:
  Non-class space:       64.00 MB reserved,      48.75 MB ( 76%) committed,  1 nodes.
      Class space:        1.00 GB reserved,       6.38 MB ( <1%) committed,  1 nodes.
             Both:        1.06 GB reserved,      55.12 MB (  5%) committed. 

Chunk freelists:
   Non-Class:  14.52 MB
       Class:  9.48 MB
        Both:  24.00 MB

MaxMetaspaceSize: unlimited
CompressedClassSpaceSize: 1.00 GB
Initial GC threshold: 21.00 MB
Current GC threshold: 58.38 MB
CDS: on
 - commit_granule_bytes: 65536.
 - commit_granule_words: 8192.
 - virtual_space_node_default_size: 8388608.
 - enlarge_chunks_in_place: 1.
 - use_allocation_guard: 0.


Internal statistics:

num_allocs_failed_limit: 6.
num_arena_births: 1046.
num_arena_deaths: 14.
num_vsnodes_births: 2.
num_vsnodes_deaths: 0.
num_space_committed: 882.
num_space_uncommitted: 0.
num_chunks_returned_to_freelist: 20.
num_chunks_taken_from_freelist: 3562.
num_chunk_merges: 12.
num_chunk_splits: 2218.
num_chunks_enlarged: 1292.
num_inconsistent_stats: 0.

CodeHeap 'non-profiled nmethods': size=120000Kb used=3002Kb max_used=3002Kb free=116998Kb
 bounds [0x000002a58ac10000, 0x000002a58af00000, 0x000002a592140000]
CodeHeap 'profiled nmethods': size=120000Kb used=14507Kb max_used=14507Kb free=105492Kb
 bounds [0x000002a583140000, 0x000002a583f70000, 0x000002a58a670000]
CodeHeap 'non-nmethods': size=5760Kb used=1398Kb max_used=1420Kb free=4361Kb
 bounds [0x000002a58a670000, 0x000002a58a8e0000, 0x000002a58ac10000]
CodeCache: size=245760Kb, used=18907Kb, max_used=18929Kb, free=226851Kb
 total_blobs=7829, nmethods=7124, adapters=611, full_count=0
Compilation: enabled, stopped_count=0, restarted_count=0

Compilation events (20 events):
Event: 13.294 Thread 0x000002a5dd010110 7694 %     3       org.lombokweb.asm.ClassReader::getFirstAttributeOffset @ 85 (136 bytes)
Event: 13.295 Thread 0x000002a5dd010110 nmethod 7694% 0x000002a583f48810 code [0x000002a583f48a60, 0x000002a583f49130]
Event: 13.295 Thread 0x000002a5dd010110 7695 %     3       org.lombokweb.asm.ClassReader::readCode @ 2037 (5117 bytes)
Event: 13.329 Thread 0x000002a5dd010110 nmethod 7695% 0x000002a583f49410 code [0x000002a583f4a9c0, 0x000002a583f5c060]
Event: 13.329 Thread 0x000002a5dd010110 7700       3       java.util.regex.Pattern$Slice::match (79 bytes)
Event: 13.330 Thread 0x000002a5dd010110 nmethod 7700 0x000002a583f64590 code [0x000002a583f64780, 0x000002a583f64c08]
Event: 13.330 Thread 0x000002a5dd010110 7688       3       lombok.patcher.scripts.WrapMethodCallScript$WrapMethodCall::visitMethodInsn (310 bytes)
Event: 13.332 Thread 0x000002a5dd010110 nmethod 7688 0x000002a583f64d90 code [0x000002a583f651e0, 0x000002a583f66bb8]
Event: 13.332 Thread 0x000002a5dd010110 7698       3       java.util.regex.Pattern$Dollar::match (209 bytes)
Event: 13.333 Thread 0x000002a5dd010110 nmethod 7698 0x000002a583f67690 code [0x000002a583f67920, 0x000002a583f685c8]
Event: 13.333 Thread 0x000002a5dd010110 7686       3       org.lombokweb.asm.MethodVisitor::visitLocalVariable (24 bytes)
Event: 13.333 Thread 0x000002a5dd010110 nmethod 7686 0x000002a583f68890 code [0x000002a583f68a40, 0x000002a583f68c50]
Event: 13.333 Thread 0x000002a5dd010110 7701       3       java.util.regex.IntHashSet::contains (44 bytes)
Event: 13.334 Thread 0x000002a5dd010110 nmethod 7701 0x000002a583f68d10 code [0x000002a583f68ec0, 0x000002a583f69168]
Event: 13.334 Thread 0x000002a5dd010110 7702       3       java.util.regex.Pattern$Loop::match (196 bytes)
Event: 13.334 Thread 0x000002a5dd010110 nmethod 7702 0x000002a583f69310 code [0x000002a583f69560, 0x000002a583f69e30]
Event: 13.334 Thread 0x000002a5dd010110 7684       2       lombok.patcher.MethodLogistics::sizeOf (46 bytes)
Event: 13.335 Thread 0x000002a5dd010110 nmethod 7684 0x000002a583f6a210 code [0x000002a583f6a3c0, 0x000002a583f6a630]
Event: 13.335 Thread 0x000002a5dd010110 7679       2       org.lombokweb.asm.ClassReader::getTypeAnnotationBytecodeOffset (34 bytes)
Event: 13.335 Thread 0x000002a5dd010110 nmethod 7679 0x000002a583f6a810 code [0x000002a583f6a9c0, 0x000002a583f6ab90]

GC Heap History (20 events):
Event: 11.117 GC heap before
{Heap before GC invocations=28 (full 2):
 PSYoungGen      total 18432K, used 18080K [0x00000000d5580000, 0x00000000d6a80000, 0x0000000100000000)
  eden space 16384K, 100% used [0x00000000d5580000,0x00000000d6580000,0x00000000d6580000)
  from space 2048K, 82% used [0x00000000d6580000,0x00000000d6728000,0x00000000d6780000)
  to   space 2560K, 0% used [0x00000000d6800000,0x00000000d6800000,0x00000000d6a80000)
 ParOldGen       total 68608K, used 40033K [0x0000000080000000, 0x0000000084300000, 0x00000000d5580000)
  object space 68608K, 58% used [0x0000000080000000,0x0000000082718620,0x0000000084300000)
 Metaspace       used 49013K, committed 50368K, reserved 1114112K
  class space    used 5327K, committed 5888K, reserved 1048576K
}
Event: 11.122 GC heap after
{Heap after GC invocations=28 (full 2):
 PSYoungGen      total 18432K, used 1540K [0x00000000d5580000, 0x00000000d6a00000, 0x0000000100000000)
  eden space 16384K, 0% used [0x00000000d5580000,0x00000000d5580000,0x00000000d6580000)
  from space 2048K, 75% used [0x00000000d6800000,0x00000000d6981000,0x00000000d6a00000)
  to   space 2048K, 0% used [0x00000000d6580000,0x00000000d6580000,0x00000000d6780000)
 ParOldGen       total 68608K, used 41641K [0x0000000080000000, 0x0000000084300000, 0x00000000d5580000)
  object space 68608K, 60% used [0x0000000080000000,0x00000000828aa620,0x0000000084300000)
 Metaspace       used 49013K, committed 50368K, reserved 1114112K
  class space    used 5327K, committed 5888K, reserved 1048576K
}
Event: 11.186 GC heap before
{Heap before GC invocations=29 (full 2):
 PSYoungGen      total 18432K, used 17924K [0x00000000d5580000, 0x00000000d6a00000, 0x0000000100000000)
  eden space 16384K, 100% used [0x00000000d5580000,0x00000000d6580000,0x00000000d6580000)
  from space 2048K, 75% used [0x00000000d6800000,0x00000000d6981000,0x00000000d6a00000)
  to   space 2048K, 0% used [0x00000000d6580000,0x00000000d6580000,0x00000000d6780000)
 ParOldGen       total 68608K, used 41641K [0x0000000080000000, 0x0000000084300000, 0x00000000d5580000)
  object space 68608K, 60% used [0x0000000080000000,0x00000000828aa620,0x0000000084300000)
 Metaspace       used 49013K, committed 50368K, reserved 1114112K
  class space    used 5327K, committed 5888K, reserved 1048576K
}
Event: 11.189 GC heap after
{Heap after GC invocations=29 (full 2):
 PSYoungGen      total 18432K, used 1536K [0x00000000d5580000, 0x00000000d6980000, 0x0000000100000000)
  eden space 16384K, 0% used [0x00000000d5580000,0x00000000d5580000,0x00000000d6580000)
  from space 2048K, 75% used [0x00000000d6580000,0x00000000d6700000,0x00000000d6780000)
  to   space 2048K, 0% used [0x00000000d6780000,0x00000000d6780000,0x00000000d6980000)
 ParOldGen       total 68608K, used 43121K [0x0000000080000000, 0x0000000084300000, 0x00000000d5580000)
  object space 68608K, 62% used [0x0000000080000000,0x0000000082a1c720,0x0000000084300000)
 Metaspace       used 49013K, committed 50368K, reserved 1114112K
  class space    used 5327K, committed 5888K, reserved 1048576K
}
Event: 11.557 GC heap before
{Heap before GC invocations=30 (full 2):
 PSYoungGen      total 18432K, used 17920K [0x00000000d5580000, 0x00000000d6980000, 0x0000000100000000)
  eden space 16384K, 100% used [0x00000000d5580000,0x00000000d6580000,0x00000000d6580000)
  from space 2048K, 75% used [0x00000000d6580000,0x00000000d6700000,0x00000000d6780000)
  to   space 2048K, 0% used [0x00000000d6780000,0x00000000d6780000,0x00000000d6980000)
 ParOldGen       total 68608K, used 43121K [0x0000000080000000, 0x0000000084300000, 0x00000000d5580000)
  object space 68608K, 62% used [0x0000000080000000,0x0000000082a1c720,0x0000000084300000)
 Metaspace       used 49035K, committed 50432K, reserved 1114112K
  class space    used 5328K, committed 5952K, reserved 1048576K
}
Event: 11.562 GC heap after
{Heap after GC invocations=30 (full 2):
 PSYoungGen      total 18432K, used 1888K [0x00000000d5580000, 0x00000000d6980000, 0x0000000100000000)
  eden space 16384K, 0% used [0x00000000d5580000,0x00000000d5580000,0x00000000d6580000)
  from space 2048K, 92% used [0x00000000d6780000,0x00000000d6958010,0x00000000d6980000)
  to   space 2048K, 0% used [0x00000000d6580000,0x00000000d6580000,0x00000000d6780000)
 ParOldGen       total 68608K, used 44425K [0x0000000080000000, 0x0000000084300000, 0x00000000d5580000)
  object space 68608K, 64% used [0x0000000080000000,0x0000000082b62720,0x0000000084300000)
 Metaspace       used 49035K, committed 50432K, reserved 1114112K
  class space    used 5328K, committed 5952K, reserved 1048576K
}
Event: 11.633 GC heap before
{Heap before GC invocations=31 (full 2):
 PSYoungGen      total 18432K, used 18272K [0x00000000d5580000, 0x00000000d6980000, 0x0000000100000000)
  eden space 16384K, 100% used [0x00000000d5580000,0x00000000d6580000,0x00000000d6580000)
  from space 2048K, 92% used [0x00000000d6780000,0x00000000d6958010,0x00000000d6980000)
  to   space 2048K, 0% used [0x00000000d6580000,0x00000000d6580000,0x00000000d6780000)
 ParOldGen       total 68608K, used 44425K [0x0000000080000000, 0x0000000084300000, 0x00000000d5580000)
  object space 68608K, 64% used [0x0000000080000000,0x0000000082b62720,0x0000000084300000)
 Metaspace       used 49065K, committed 50432K, reserved 1114112K
  class space    used 5330K, committed 5952K, reserved 1048576K
}
Event: 11.637 GC heap after
{Heap after GC invocations=31 (full 2):
 PSYoungGen      total 18432K, used 1472K [0x00000000d5580000, 0x00000000d6980000, 0x0000000100000000)
  eden space 16384K, 0% used [0x00000000d5580000,0x00000000d5580000,0x00000000d6580000)
  from space 2048K, 71% used [0x00000000d6580000,0x00000000d66f0000,0x00000000d6780000)
  to   space 2048K, 0% used [0x00000000d6780000,0x00000000d6780000,0x00000000d6980000)
 ParOldGen       total 68608K, used 46081K [0x0000000080000000, 0x0000000084300000, 0x00000000d5580000)
  object space 68608K, 67% used [0x0000000080000000,0x0000000082d00730,0x0000000084300000)
 Metaspace       used 49065K, committed 50432K, reserved 1114112K
  class space    used 5330K, committed 5952K, reserved 1048576K
}
Event: 11.750 GC heap before
{Heap before GC invocations=32 (full 2):
 PSYoungGen      total 18432K, used 17856K [0x00000000d5580000, 0x00000000d6980000, 0x0000000100000000)
  eden space 16384K, 100% used [0x00000000d5580000,0x00000000d6580000,0x00000000d6580000)
  from space 2048K, 71% used [0x00000000d6580000,0x00000000d66f0000,0x00000000d6780000)
  to   space 2048K, 0% used [0x00000000d6780000,0x00000000d6780000,0x00000000d6980000)
 ParOldGen       total 68608K, used 46081K [0x0000000080000000, 0x0000000084300000, 0x00000000d5580000)
  object space 68608K, 67% used [0x0000000080000000,0x0000000082d00730,0x0000000084300000)
 Metaspace       used 49571K, committed 50880K, reserved 1114112K
  class space    used 5398K, committed 5952K, reserved 1048576K
}
Event: 11.754 GC heap after
{Heap after GC invocations=32 (full 2):
 PSYoungGen      total 17920K, used 1248K [0x00000000d5580000, 0x00000000d6900000, 0x0000000100000000)
  eden space 16384K, 0% used [0x00000000d5580000,0x00000000d5580000,0x00000000d6580000)
  from space 1536K, 81% used [0x00000000d6780000,0x00000000d68b8000,0x00000000d6900000)
  to   space 1536K, 0% used [0x00000000d6600000,0x00000000d6600000,0x00000000d6780000)
 ParOldGen       total 68608K, used 47458K [0x0000000080000000, 0x0000000084300000, 0x00000000d5580000)
  object space 68608K, 69% used [0x0000000080000000,0x0000000082e58930,0x0000000084300000)
 Metaspace       used 49571K, committed 50880K, reserved 1114112K
  class space    used 5398K, committed 5952K, reserved 1048576K
}
Event: 12.133 GC heap before
{Heap before GC invocations=33 (full 2):
 PSYoungGen      total 17920K, used 17632K [0x00000000d5580000, 0x00000000d6900000, 0x0000000100000000)
  eden space 16384K, 100% used [0x00000000d5580000,0x00000000d6580000,0x00000000d6580000)
  from space 1536K, 81% used [0x00000000d6780000,0x00000000d68b8000,0x00000000d6900000)
  to   space 1536K, 0% used [0x00000000d6600000,0x00000000d6600000,0x00000000d6780000)
 ParOldGen       total 68608K, used 47458K [0x0000000080000000, 0x0000000084300000, 0x00000000d5580000)
  object space 68608K, 69% used [0x0000000080000000,0x0000000082e58930,0x0000000084300000)
 Metaspace       used 51020K, committed 52352K, reserved 1114112K
  class space    used 5605K, committed 6208K, reserved 1048576K
}
Event: 12.136 GC heap after
{Heap after GC invocations=33 (full 2):
 PSYoungGen      total 17408K, used 523K [0x00000000d5580000, 0x00000000d6800000, 0x0000000100000000)
  eden space 16384K, 0% used [0x00000000d5580000,0x00000000d5580000,0x00000000d6580000)
  from space 1024K, 51% used [0x00000000d6600000,0x00000000d6682e58,0x00000000d6700000)
  to   space 1024K, 0% used [0x00000000d6700000,0x00000000d6700000,0x00000000d6800000)
 ParOldGen       total 68608K, used 48590K [0x0000000080000000, 0x0000000084300000, 0x00000000d5580000)
  object space 68608K, 70% used [0x0000000080000000,0x0000000082f73bf8,0x0000000084300000)
 Metaspace       used 51020K, committed 52352K, reserved 1114112K
  class space    used 5605K, committed 6208K, reserved 1048576K
}
Event: 12.684 GC heap before
{Heap before GC invocations=34 (full 2):
 PSYoungGen      total 17408K, used 16894K [0x00000000d5580000, 0x00000000d6800000, 0x0000000100000000)
  eden space 16384K, 99% used [0x00000000d5580000,0x00000000d657ca88,0x00000000d6580000)
  from space 1024K, 51% used [0x00000000d6600000,0x00000000d6682e58,0x00000000d6700000)
  to   space 1024K, 0% used [0x00000000d6700000,0x00000000d6700000,0x00000000d6800000)
 ParOldGen       total 68608K, used 48590K [0x0000000080000000, 0x0000000084300000, 0x00000000d5580000)
  object space 68608K, 70% used [0x0000000080000000,0x0000000082f73bf8,0x0000000084300000)
 Metaspace       used 51848K, committed 53184K, reserved 1114112K
  class space    used 5691K, committed 6272K, reserved 1048576K
}
Event: 12.686 GC heap after
{Heap after GC invocations=34 (full 2):
 PSYoungGen      total 16896K, used 384K [0x00000000d5580000, 0x00000000d6780000, 0x0000000100000000)
  eden space 16384K, 0% used [0x00000000d5580000,0x00000000d5580000,0x00000000d6580000)
  from space 512K, 75% used [0x00000000d6700000,0x00000000d6760010,0x00000000d6780000)
  to   space 512K, 0% used [0x00000000d6680000,0x00000000d6680000,0x00000000d6700000)
 ParOldGen       total 68608K, used 49010K [0x0000000080000000, 0x0000000084300000, 0x00000000d5580000)
  object space 68608K, 71% used [0x0000000080000000,0x0000000082fdc920,0x0000000084300000)
 Metaspace       used 51848K, committed 53184K, reserved 1114112K
  class space    used 5691K, committed 6272K, reserved 1048576K
}
Event: 13.103 GC heap before
{Heap before GC invocations=35 (full 2):
 PSYoungGen      total 16896K, used 16768K [0x00000000d5580000, 0x00000000d6780000, 0x0000000100000000)
  eden space 16384K, 100% used [0x00000000d5580000,0x00000000d6580000,0x00000000d6580000)
  from space 512K, 75% used [0x00000000d6700000,0x00000000d6760010,0x00000000d6780000)
  to   space 512K, 0% used [0x00000000d6680000,0x00000000d6680000,0x00000000d6700000)
 ParOldGen       total 68608K, used 49010K [0x0000000080000000, 0x0000000084300000, 0x00000000d5580000)
  object space 68608K, 71% used [0x0000000080000000,0x0000000082fdc920,0x0000000084300000)
 Metaspace       used 53914K, committed 55296K, reserved 1114112K
  class space    used 5878K, committed 6464K, reserved 1048576K
}
Event: 13.105 GC heap after
{Heap after GC invocations=35 (full 2):
 PSYoungGen      total 16896K, used 512K [0x00000000d5580000, 0x00000000d6780000, 0x0000000100000000)
  eden space 16384K, 0% used [0x00000000d5580000,0x00000000d5580000,0x00000000d6580000)
  from space 512K, 100% used [0x00000000d6680000,0x00000000d6700000,0x00000000d6700000)
  to   space 512K, 0% used [0x00000000d6700000,0x00000000d6700000,0x00000000d6780000)
 ParOldGen       total 68608K, used 49338K [0x0000000080000000, 0x0000000084300000, 0x00000000d5580000)
  object space 68608K, 71% used [0x0000000080000000,0x000000008302e930,0x0000000084300000)
 Metaspace       used 53914K, committed 55296K, reserved 1114112K
  class space    used 5878K, committed 6464K, reserved 1048576K
}
Event: 13.234 GC heap before
{Heap before GC invocations=36 (full 2):
 PSYoungGen      total 16896K, used 16826K [0x00000000d5580000, 0x00000000d6780000, 0x0000000100000000)
  eden space 16384K, 99% used [0x00000000d5580000,0x00000000d656e838,0x00000000d6580000)
  from space 512K, 100% used [0x00000000d6680000,0x00000000d6700000,0x00000000d6700000)
  to   space 512K, 0% used [0x00000000d6700000,0x00000000d6700000,0x00000000d6780000)
 ParOldGen       total 68608K, used 49338K [0x0000000080000000, 0x0000000084300000, 0x00000000d5580000)
  object space 68608K, 71% used [0x0000000080000000,0x000000008302e930,0x0000000084300000)
 Metaspace       used 54419K, committed 55808K, reserved 1114112K
  class space    used 5912K, committed 6528K, reserved 1048576K
}
Event: 13.236 GC heap after
{Heap after GC invocations=36 (full 2):
 PSYoungGen      total 15872K, used 504K [0x00000000d5580000, 0x00000000d6a80000, 0x0000000100000000)
  eden space 15360K, 0% used [0x00000000d5580000,0x00000000d5580000,0x00000000d6480000)
  from space 512K, 98% used [0x00000000d6700000,0x00000000d677e138,0x00000000d6780000)
  to   space 2560K, 0% used [0x00000000d6480000,0x00000000d6480000,0x00000000d6700000)
 ParOldGen       total 68608K, used 51107K [0x0000000080000000, 0x0000000084300000, 0x00000000d5580000)
  object space 68608K, 74% used [0x0000000080000000,0x00000000831e8c30,0x0000000084300000)
 Metaspace       used 54419K, committed 55808K, reserved 1114112K
  class space    used 5912K, committed 6528K, reserved 1048576K
}
Event: 13.296 GC heap before
{Heap before GC invocations=37 (full 2):
 PSYoungGen      total 15872K, used 15864K [0x00000000d5580000, 0x00000000d6a80000, 0x0000000100000000)
  eden space 15360K, 100% used [0x00000000d5580000,0x00000000d6480000,0x00000000d6480000)
  from space 512K, 98% used [0x00000000d6700000,0x00000000d677e138,0x00000000d6780000)
  to   space 2560K, 0% used [0x00000000d6480000,0x00000000d6480000,0x00000000d6700000)
 ParOldGen       total 68608K, used 51107K [0x0000000080000000, 0x0000000084300000, 0x00000000d5580000)
  object space 68608K, 74% used [0x0000000080000000,0x00000000831e8c30,0x0000000084300000)
 Metaspace       used 54424K, committed 55808K, reserved 1114112K
  class space    used 5912K, committed 6528K, reserved 1048576K
}
Event: 13.298 GC heap after
{Heap after GC invocations=37 (full 2):
 PSYoungGen      total 16384K, used 777K [0x00000000d5580000, 0x00000000d6780000, 0x0000000100000000)
  eden space 15360K, 0% used [0x00000000d5580000,0x00000000d5580000,0x00000000d6480000)
  from space 1024K, 75% used [0x00000000d6480000,0x00000000d6542730,0x00000000d6580000)
  to   space 1536K, 0% used [0x00000000d6600000,0x00000000d6600000,0x00000000d6780000)
 ParOldGen       total 68608K, used 51259K [0x0000000080000000, 0x0000000084300000, 0x00000000d5580000)
  object space 68608K, 74% used [0x0000000080000000,0x000000008320ec30,0x0000000084300000)
 Metaspace       used 54424K, committed 55808K, reserved 1114112K
  class space    used 5912K, committed 6528K, reserved 1048576K
}

Dll operation events (10 events):
Event: 0.012 Loaded shared library c:\Users\KEKE\.cursor\extensions\redhat.java-1.53.0-win32-x64\jre\21.0.10-win32-x86_64\bin\java.dll
Event: 0.131 Loaded shared library c:\Users\KEKE\.cursor\extensions\redhat.java-1.53.0-win32-x64\jre\21.0.10-win32-x86_64\bin\zip.dll
Event: 0.169 Loaded shared library C:\Users\KEKE\.cursor\extensions\redhat.java-1.53.0-win32-x64\jre\21.0.10-win32-x86_64\bin\instrument.dll
Event: 0.178 Loaded shared library C:\Users\KEKE\.cursor\extensions\redhat.java-1.53.0-win32-x64\jre\21.0.10-win32-x86_64\bin\net.dll
Event: 0.181 Loaded shared library C:\Users\KEKE\.cursor\extensions\redhat.java-1.53.0-win32-x64\jre\21.0.10-win32-x86_64\bin\nio.dll
Event: 0.186 Loaded shared library C:\Users\KEKE\.cursor\extensions\redhat.java-1.53.0-win32-x64\jre\21.0.10-win32-x86_64\bin\zip.dll
Event: 0.222 Loaded shared library C:\Users\KEKE\.cursor\extensions\redhat.java-1.53.0-win32-x64\jre\21.0.10-win32-x86_64\bin\jimage.dll
Event: 0.374 Loaded shared library c:\Users\KEKE\.cursor\extensions\redhat.java-1.53.0-win32-x64\jre\21.0.10-win32-x86_64\bin\verify.dll
Event: 2.369 Loaded shared library C:\Users\KEKE\AppData\Roaming\Cursor\User\globalStorage\redhat.java\1.53.0\config_win\org.eclipse.equinox.launcher\org.eclipse.equinox.launcher.win32.win32.x86_64_1.3.0.v20260203-2149\eclipse_11919.dll
Event: 4.213 Loaded shared library C:\Users\KEKE\AppData\Local\Temp\jna-2303028\jna16770356539396976221.dll

Deoptimization events (20 events):
Event: 13.138 Thread 0x000002a5ddada8c0 Uncommon trap: trap_request=0xffffff45 fr.pc=0x000002a58ac8e674 relative=0x00000000000002d4
Event: 13.138 Thread 0x000002a5ddada8c0 Uncommon trap: reason=unstable_if action=reinterpret pc=0x000002a58ac8e674 method=java.lang.String.decodeASCII([BI[CII)I @ 13 c2
Event: 13.138 Thread 0x000002a5ddada8c0 DEOPT PACKING pc=0x000002a58ac8e674 sp=0x000000b6fe2fe010
Event: 13.138 Thread 0x000002a5ddada8c0 DEOPT UNPACKING pc=0x000002a58a6c3aa2 sp=0x000000b6fe2fdf40 mode 2
Event: 13.217 Thread 0x000002a5ddada8c0 Uncommon trap: trap_request=0xffffffde fr.pc=0x000002a58adc9e6c relative=0x0000000000006a8c
Event: 13.217 Thread 0x000002a5ddada8c0 Uncommon trap: reason=class_check action=maybe_recompile pc=0x000002a58adc9e6c method=lombok.patcher.PatchScript$MethodPatcher.visitMethod(ILjava/lang/String;Ljava/lang/String;Ljava/lang/String;[Ljava/lang/String;)Lorg/lombokweb/asm/MethodVisitor; @ 101 c
Event: 13.217 Thread 0x000002a5ddada8c0 DEOPT PACKING pc=0x000002a58adc9e6c sp=0x000000b6fe2f9f90
Event: 13.217 Thread 0x000002a5ddada8c0 DEOPT UNPACKING pc=0x000002a58a6c3aa2 sp=0x000000b6fe2f9ef8 mode 2
Event: 13.217 Thread 0x000002a5ddada8c0 Uncommon trap: trap_request=0xffffffde fr.pc=0x000002a58adc9e6c relative=0x0000000000006a8c
Event: 13.217 Thread 0x000002a5ddada8c0 Uncommon trap: reason=class_check action=maybe_recompile pc=0x000002a58adc9e6c method=lombok.patcher.PatchScript$MethodPatcher.visitMethod(ILjava/lang/String;Ljava/lang/String;Ljava/lang/String;[Ljava/lang/String;)Lorg/lombokweb/asm/MethodVisitor; @ 101 c
Event: 13.217 Thread 0x000002a5ddada8c0 DEOPT PACKING pc=0x000002a58adc9e6c sp=0x000000b6fe2f9f90
Event: 13.217 Thread 0x000002a5ddada8c0 DEOPT UNPACKING pc=0x000002a58a6c3aa2 sp=0x000000b6fe2f9ef8 mode 2
Event: 13.217 Thread 0x000002a5ddada8c0 Uncommon trap: trap_request=0xffffffde fr.pc=0x000002a58adc9e6c relative=0x0000000000006a8c
Event: 13.217 Thread 0x000002a5ddada8c0 Uncommon trap: reason=class_check action=maybe_recompile pc=0x000002a58adc9e6c method=lombok.patcher.PatchScript$MethodPatcher.visitMethod(ILjava/lang/String;Ljava/lang/String;Ljava/lang/String;[Ljava/lang/String;)Lorg/lombokweb/asm/MethodVisitor; @ 101 c
Event: 13.217 Thread 0x000002a5ddada8c0 DEOPT PACKING pc=0x000002a58adc9e6c sp=0x000000b6fe2f9f90
Event: 13.217 Thread 0x000002a5ddada8c0 DEOPT UNPACKING pc=0x000002a58a6c3aa2 sp=0x000000b6fe2f9ef8 mode 2
Event: 13.217 Thread 0x000002a5ddada8c0 Uncommon trap: trap_request=0xffffffde fr.pc=0x000002a58adc9e6c relative=0x0000000000006a8c
Event: 13.217 Thread 0x000002a5ddada8c0 Uncommon trap: reason=class_check action=maybe_recompile pc=0x000002a58adc9e6c method=lombok.patcher.PatchScript$MethodPatcher.visitMethod(ILjava/lang/String;Ljava/lang/String;Ljava/lang/String;[Ljava/lang/String;)Lorg/lombokweb/asm/MethodVisitor; @ 101 c
Event: 13.217 Thread 0x000002a5ddada8c0 DEOPT PACKING pc=0x000002a58adc9e6c sp=0x000000b6fe2f9f90
Event: 13.218 Thread 0x000002a5ddada8c0 DEOPT UNPACKING pc=0x000002a58a6c3aa2 sp=0x000000b6fe2f9ef8 mode 2

Classes loaded (20 events):
Event: 10.239 Loading class java/nio/ByteBufferAsIntBufferL
Event: 10.239 Loading class java/nio/ByteBufferAsIntBufferL done
Event: 10.245 Loading class jdk/internal/jimage/ImageReader$Directory
Event: 10.245 Loading class jdk/internal/jimage/ImageReader$Directory done
Event: 10.815 Loading class java/util/AbstractList$ListItr
Event: 10.815 Loading class java/util/AbstractList$ListItr done
Event: 10.835 Loading class java/nio/channels/Channels$ReadableByteChannelImpl
Event: 10.836 Loading class java/nio/channels/Channels$ReadableByteChannelImpl done
Event: 10.836 Loading class java/nio/channels/NonWritableChannelException
Event: 10.836 Loading class java/nio/channels/NonWritableChannelException done
Event: 12.281 Loading class java/util/Vector$1
Event: 12.281 Loading class java/util/Vector$1 done
Event: 12.974 Loading class java/util/Hashtable$ValueCollection
Event: 12.974 Loading class java/util/Hashtable$ValueCollection done
Event: 13.087 Loading class java/nio/charset/CharacterCodingException
Event: 13.087 Loading class java/nio/charset/CharacterCodingException done
Event: 13.087 Loading class java/io/SequenceInputStream
Event: 13.087 Loading class java/io/SequenceInputStream done
Event: 13.126 Loading class java/util/WeakHashMap$KeyIterator
Event: 13.126 Loading class java/util/WeakHashMap$KeyIterator done

Classes unloaded (7 events):
Event: 5.133 Thread 0x000002a5962e1d20 Unloading class 0x000002a5981ad400 'java/lang/invoke/LambdaForm$MH+0x000002a5981ad400'
Event: 5.133 Thread 0x000002a5962e1d20 Unloading class 0x000002a5981ad000 'java/lang/invoke/LambdaForm$MH+0x000002a5981ad000'
Event: 5.133 Thread 0x000002a5962e1d20 Unloading class 0x000002a5981acc00 'java/lang/invoke/LambdaForm$MH+0x000002a5981acc00'
Event: 5.133 Thread 0x000002a5962e1d20 Unloading class 0x000002a5981ac800 'java/lang/invoke/LambdaForm$MH+0x000002a5981ac800'
Event: 5.133 Thread 0x000002a5962e1d20 Unloading class 0x000002a5981ac400 'java/lang/invoke/LambdaForm$BMH+0x000002a5981ac400'
Event: 5.133 Thread 0x000002a5962e1d20 Unloading class 0x000002a5981ac000 'java/lang/invoke/LambdaForm$DMH+0x000002a5981ac000'
Event: 5.133 Thread 0x000002a5962e1d20 Unloading class 0x000002a5981aac00 'java/lang/invoke/LambdaForm$DMH+0x000002a5981aac00'

Classes redefined (0 events):
No events

Internal exceptions (20 events):
Event: 9.042 Thread 0x000002a5de1cdff0 Exception <a 'sun/nio/fs/WindowsException'{0x00000000d6438298}> (0x00000000d6438298) 
thrown [s\src\hotspot\share\prims\jni.cpp, line 520]
Event: 9.042 Thread 0x000002a5de1cdff0 Exception <a 'sun/nio/fs/WindowsException'{0x00000000d64389a0}> (0x00000000d64389a0) 
thrown [s\src\hotspot\share\prims\jni.cpp, line 520]
Event: 9.042 Thread 0x000002a5de1cdff0 Exception <a 'sun/nio/fs/WindowsException'{0x00000000d64390b8}> (0x00000000d64390b8) 
thrown [s\src\hotspot\share\prims\jni.cpp, line 520]
Event: 9.043 Thread 0x000002a5de1cdff0 Exception <a 'sun/nio/fs/WindowsException'{0x00000000d643c9d0}> (0x00000000d643c9d0) 
thrown [s\src\hotspot\share\prims\jni.cpp, line 520]
Event: 9.043 Thread 0x000002a5de1cdff0 Exception <a 'sun/nio/fs/WindowsException'{0x00000000d643d000}> (0x00000000d643d000) 
thrown [s\src\hotspot\share\prims\jni.cpp, line 520]
Event: 9.043 Thread 0x000002a5de1cdff0 Exception <a 'sun/nio/fs/WindowsException'{0x00000000d643d630}> (0x00000000d643d630) 
thrown [s\src\hotspot\share\prims\jni.cpp, line 520]
Event: 9.043 Thread 0x000002a5de1cdff0 Exception <a 'sun/nio/fs/WindowsException'{0x00000000d643dc80}> (0x00000000d643dc80) 
thrown [s\src\hotspot\share\prims\jni.cpp, line 520]
Event: 9.044 Thread 0x000002a5de1cdff0 Exception <a 'sun/nio/fs/WindowsException'{0x00000000d64411b8}> (0x00000000d64411b8) 
thrown [s\src\hotspot\share\prims\jni.cpp, line 520]
Event: 9.044 Thread 0x000002a5de1cdff0 Exception <a 'sun/nio/fs/WindowsException'{0x00000000d6441a80}> (0x00000000d6441a80) 
thrown [s\src\hotspot\share\prims\jni.cpp, line 520]
Event: 9.044 Thread 0x000002a5de1cdff0 Exception <a 'sun/nio/fs/WindowsException'{0x00000000d64420d0}> (0x00000000d64420d0) 
thrown [s\src\hotspot\share\prims\jni.cpp, line 520]
Event: 9.044 Thread 0x000002a5de1cdff0 Exception <a 'sun/nio/fs/WindowsException'{0x00000000d6442738}> (0x00000000d6442738) 
thrown [s\src\hotspot\share\prims\jni.cpp, line 520]
Event: 9.045 Thread 0x000002a5de1cdff0 Exception <a 'sun/nio/fs/WindowsException'{0x00000000d6445e98}> (0x00000000d6445e98) 
thrown [s\src\hotspot\share\prims\jni.cpp, line 520]
Event: 9.045 Thread 0x000002a5de1cdff0 Exception <a 'sun/nio/fs/WindowsException'{0x00000000d6446500}> (0x00000000d6446500) 
thrown [s\src\hotspot\share\prims\jni.cpp, line 520]
Event: 9.045 Thread 0x000002a5de1cdff0 Exception <a 'sun/nio/fs/WindowsException'{0x00000000d6446b78}> (0x00000000d6446b78) 
thrown [s\src\hotspot\share\prims\jni.cpp, line 520]
Event: 9.045 Thread 0x000002a5de1cdff0 Exception <a 'sun/nio/fs/WindowsException'{0x00000000d6447200}> (0x00000000d6447200) 
thrown [s\src\hotspot\share\prims\jni.cpp, line 520]
Event: 10.086 Thread 0x000002a5ddada8c0 Exception <a 'java/lang/IncompatibleClassChangeError'{0x00000000d643c038}: Found class java.lang.Object, but interface was expected> (0x00000000d643c038) 
thrown [s\src\hotspot\share\interpreter\linkResolver.cpp, line 840]
Event: 10.220 Thread 0x000002a5ddada8c0 Exception <a 'java/lang/NoSuchMethodError'{0x00000000d5866618}: 'java.lang.Object java.lang.invoke.DelegatingMethodHandle$Holder.reinvoke_L(java.lang.Object, int, long, java.lang.Object, java.lang.Object, int, java.lang.Object)'> (0x00000000d5866618) 
thrown [s\src\hotspot\share\interpreter\linkResolver.cpp, line 773]
Event: 11.883 Thread 0x000002a5ddada8c0 Exception <a 'java/lang/NoSuchMethodError'{0x00000000d5b5ee68}: 'java.lang.Object java.lang.invoke.DirectMethodHandle$Holder.invokeVirtual(java.lang.Object, java.lang.Object, int)'> (0x00000000d5b5ee68) 
thrown [s\src\hotspot\share\interpreter\linkResolver.cpp, line 773]
Event: 13.108 Thread 0x000002a5ddada8c0 Exception <a 'java/io/FileNotFoundException'{0x00000000d55b8460}> (0x00000000d55b8460) 
thrown [s\src\hotspot\share\prims\jni.cpp, line 520]
Event: 13.109 Thread 0x000002a5ddada8c0 Exception <a 'java/io/FileNotFoundException'{0x00000000d55b9868}> (0x00000000d55b9868) 
thrown [s\src\hotspot\share\prims\jni.cpp, line 520]

ZGC Phase Switch (0 events):
No events

VM Operations (20 events):
Event: 11.186 Executing safepoint VM operation: ParallelGCFailedAllocation (Allocation Failure)
Event: 11.189 Executing safepoint VM operation: ParallelGCFailedAllocation (Allocation Failure) done
Event: 11.557 Executing safepoint VM operation: ParallelGCFailedAllocation (Allocation Failure)
Event: 11.562 Executing safepoint VM operation: ParallelGCFailedAllocation (Allocation Failure) done
Event: 11.633 Executing safepoint VM operation: ParallelGCFailedAllocation (Allocation Failure)
Event: 11.637 Executing safepoint VM operation: ParallelGCFailedAllocation (Allocation Failure) done
Event: 11.750 Executing safepoint VM operation: ParallelGCFailedAllocation (Allocation Failure)
Event: 11.754 Executing safepoint VM operation: ParallelGCFailedAllocation (Allocation Failure) done
Event: 11.896 Executing non-safepoint VM operation: HandshakeAllThreads (Deoptimize)
Event: 11.897 Executing non-safepoint VM operation: HandshakeAllThreads (Deoptimize) done
Event: 12.133 Executing safepoint VM operation: ParallelGCFailedAllocation (Allocation Failure)
Event: 12.136 Executing safepoint VM operation: ParallelGCFailedAllocation (Allocation Failure) done
Event: 12.684 Executing safepoint VM operation: ParallelGCFailedAllocation (Allocation Failure)
Event: 12.686 Executing safepoint VM operation: ParallelGCFailedAllocation (Allocation Failure) done
Event: 13.103 Executing safepoint VM operation: ParallelGCFailedAllocation (Allocation Failure)
Event: 13.105 Executing safepoint VM operation: ParallelGCFailedAllocation (Allocation Failure) done
Event: 13.234 Executing safepoint VM operation: ParallelGCFailedAllocation (Allocation Failure)
Event: 13.236 Executing safepoint VM operation: ParallelGCFailedAllocation (Allocation Failure) done
Event: 13.296 Executing safepoint VM operation: ParallelGCFailedAllocation (Allocation Failure)
Event: 13.298 Executing safepoint VM operation: ParallelGCFailedAllocation (Allocation Failure) done

Memory protections (0 events):
No events

Nmethod flushes (20 events):
Event: 6.794 Thread 0x000002a5962e1d20 flushing  nmethod 0x000002a583672410
Event: 6.794 Thread 0x000002a5962e1d20 flushing  nmethod 0x000002a583687910
Event: 6.794 Thread 0x000002a5962e1d20 flushing  nmethod 0x000002a5836aec10
Event: 6.794 Thread 0x000002a5962e1d20 flushing  nmethod 0x000002a5836bac10
Event: 6.794 Thread 0x000002a5962e1d20 flushing  nmethod 0x000002a5836e9390
Event: 6.794 Thread 0x000002a5962e1d20 flushing  nmethod 0x000002a5836fdc10
Event: 6.794 Thread 0x000002a5962e1d20 flushing  nmethod 0x000002a583738690
Event: 6.794 Thread 0x000002a5962e1d20 flushing  nmethod 0x000002a58373e010
Event: 6.794 Thread 0x000002a5962e1d20 flushing  nmethod 0x000002a58373e910
Event: 6.794 Thread 0x000002a5962e1d20 flushing  nmethod 0x000002a58373fb10
Event: 6.794 Thread 0x000002a5962e1d20 flushing  nmethod 0x000002a583740310
Event: 6.794 Thread 0x000002a5962e1d20 flushing  nmethod 0x000002a583742010
Event: 6.794 Thread 0x000002a5962e1d20 flushing  nmethod 0x000002a583745c10
Event: 6.794 Thread 0x000002a5962e1d20 flushing  nmethod 0x000002a583746990
Event: 6.794 Thread 0x000002a5962e1d20 flushing  nmethod 0x000002a58377ef10
Event: 6.794 Thread 0x000002a5962e1d20 flushing  nmethod 0x000002a583784910
Event: 6.794 Thread 0x000002a5962e1d20 flushing  nmethod 0x000002a583791010
Event: 6.794 Thread 0x000002a5962e1d20 flushing  nmethod 0x000002a583793a90
Event: 6.794 Thread 0x000002a5962e1d20 flushing  nmethod 0x000002a58379b710
Event: 6.794 Thread 0x000002a5962e1d20 flushing  nmethod 0x000002a58380fe10

Events (20 events):
Event: 6.689 Thread 0x000002a5de1ccc40 Thread added: 0x000002a5de1cdff0
Event: 6.715 Thread 0x000002a5fc18bfc0 Thread added: 0x000002a5de1ced10
Event: 6.715 Thread 0x000002a5fc18bfc0 Thread added: 0x000002a5ddaddd40
Event: 6.715 Thread 0x000002a5fc18bfc0 Thread added: 0x000002a5ddad9510
Event: 6.716 Thread 0x000002a5fc18bfc0 Thread added: 0x000002a5ddadb5e0
Event: 6.716 Thread 0x000002a5fc18bfc0 Thread added: 0x000002a5ddada230
Event: 6.716 Thread 0x000002a5fc18bfc0 Thread added: 0x000002a5ddadd6b0
Event: 6.716 Thread 0x000002a5fc18bfc0 Thread added: 0x000002a5ddade3d0
Event: 6.716 Thread 0x000002a5fc18bfc0 Thread added: 0x000002a5ddad9ba0
Event: 6.716 Thread 0x000002a5fc18bfc0 Thread added: 0x000002a5ddadc300
Event: 6.750 Thread 0x000002a5fc18bfc0 Thread added: 0x000002a5ddadea60
Event: 7.046 Thread 0x000002a5fc18bfc0 Thread added: 0x000002a5ddadc990
Event: 7.047 Thread 0x000002a5fc18bfc0 Thread added: 0x000002a5ddada8c0
Event: 7.450 Thread 0x000002a5de1cbf20 Thread added: 0x000002a5ddadf780
Event: 7.450 Thread 0x000002a5de1cbf20 Thread added: 0x000002a5ddadaf50
Event: 7.451 Thread 0x000002a5ddadf780 Thread added: 0x000002a5ddadbc70
Event: 7.451 Thread 0x000002a5ddadbc70 Thread added: 0x000002a5ddadf0f0
Event: 7.452 Thread 0x000002a5ddadaf50 Thread added: 0x000002a5ddadfe10
Event: 7.453 Thread 0x000002a5ddadf0f0 Thread added: 0x000002a5ddad8e80
Event: 7.457 Thread 0x000002a5ddadfe10 Thread added: 0x000002a5ddae04a0


Dynamic libraries:
0x00007ff649970000 - 0x00007ff64997e000 	c:\Users\KEKE\.cursor\extensions\redhat.java-1.53.0-win32-x64\jre\21.0.10-win32-x86_64\bin\java.exe
0x00007ffecd310000 - 0x00007ffecd508000 	C:\WINDOWS\SYSTEM32\ntdll.dll
0x00007ffecd050000 - 0x00007ffecd112000 	C:\WINDOWS\System32\KERNEL32.DLL
0x00007ffecb040000 - 0x00007ffecb336000 	C:\WINDOWS\System32\KERNELBASE.dll
0x00007ffecae90000 - 0x00007ffecaf90000 	C:\WINDOWS\System32\ucrtbase.dll
0x00007ffec55a0000 - 0x00007ffec55b8000 	c:\Users\KEKE\.cursor\extensions\redhat.java-1.53.0-win32-x64\jre\21.0.10-win32-x86_64\bin\jli.dll
0x00007ffecc6b0000 - 0x00007ffecc84d000 	C:\WINDOWS\System32\USER32.dll
0x00007ffecac20000 - 0x00007ffecac42000 	C:\WINDOWS\System32\win32u.dll
0x00007ffecbf10000 - 0x00007ffecbf3b000 	C:\WINDOWS\System32\GDI32.dll
0x00007ffecac50000 - 0x00007ffecad69000 	C:\WINDOWS\System32\gdi32full.dll
0x00007ffecad70000 - 0x00007ffecae0d000 	C:\WINDOWS\System32\msvcp_win.dll
0x00007ffec5580000 - 0x00007ffec559e000 	c:\Users\KEKE\.cursor\extensions\redhat.java-1.53.0-win32-x64\jre\21.0.10-win32-x86_64\bin\VCRUNTIME140.dll
0x00007ffeba390000 - 0x00007ffeba62b000 	C:\WINDOWS\WinSxS\amd64_microsoft.windows.common-controls_6595b64144ccf1df_6.0.19041.6280_none_60bc30a171f2f3f3\COMCTL32.dll
0x00007ffecb340000 - 0x00007ffecb3de000 	C:\WINDOWS\System32\msvcrt.dll
0x00007ffecc130000 - 0x00007ffecc15f000 	C:\WINDOWS\System32\IMM32.DLL
0x00007ffebd370000 - 0x00007ffebd37c000 	c:\Users\KEKE\.cursor\extensions\redhat.java-1.53.0-win32-x64\jre\21.0.10-win32-x86_64\bin\vcruntime140_1.dll
0x00007ffea9520000 - 0x00007ffea95ad000 	c:\Users\KEKE\.cursor\extensions\redhat.java-1.53.0-win32-x64\jre\21.0.10-win32-x86_64\bin\msvcp140.dll
0x00007ffe91a30000 - 0x00007ffe927d1000 	c:\Users\KEKE\.cursor\extensions\redhat.java-1.53.0-win32-x64\jre\21.0.10-win32-x86_64\bin\server\jvm.dll
0x00007ffecc070000 - 0x00007ffecc121000 	C:\WINDOWS\System32\ADVAPI32.dll
0x00007ffecc610000 - 0x00007ffecc6af000 	C:\WINDOWS\System32\sechost.dll
0x00007ffecbc40000 - 0x00007ffecbd60000 	C:\WINDOWS\System32\RPCRT4.dll
0x00007ffecae10000 - 0x00007ffecae37000 	C:\WINDOWS\System32\bcrypt.dll
0x00007ffecb960000 - 0x00007ffecb9cb000 	C:\WINDOWS\System32\WS2_32.dll
0x00007ffeca810000 - 0x00007ffeca85b000 	C:\WINDOWS\SYSTEM32\POWRPROF.dll
0x00007ffebfce0000 - 0x00007ffebfd07000 	C:\WINDOWS\SYSTEM32\WINMM.dll
0x00007ffec1b90000 - 0x00007ffec1b9a000 	C:\WINDOWS\SYSTEM32\VERSION.dll
0x00007ffeca7f0000 - 0x00007ffeca802000 	C:\WINDOWS\SYSTEM32\UMPDC.dll
0x00007ffec91d0000 - 0x00007ffec91e2000 	C:\WINDOWS\SYSTEM32\kernel.appcore.dll
0x00007ffec3e00000 - 0x00007ffec3e0a000 	c:\Users\KEKE\.cursor\extensions\redhat.java-1.53.0-win32-x64\jre\21.0.10-win32-x86_64\bin\jimage.dll
0x00007ffec8c60000 - 0x00007ffec8e61000 	C:\WINDOWS\SYSTEM32\DBGHELP.DLL
0x00007ffeb4840000 - 0x00007ffeb4874000 	C:\WINDOWS\SYSTEM32\dbgcore.DLL
0x00007ffeca9b0000 - 0x00007ffecaa32000 	C:\WINDOWS\System32\bcryptPrimitives.dll
0x00007ffec3df0000 - 0x00007ffec3dff000 	c:\Users\KEKE\.cursor\extensions\redhat.java-1.53.0-win32-x64\jre\21.0.10-win32-x86_64\bin\instrument.dll
0x00007ffeaf8d0000 - 0x00007ffeaf8f0000 	c:\Users\KEKE\.cursor\extensions\redhat.java-1.53.0-win32-x64\jre\21.0.10-win32-x86_64\bin\java.dll
0x00007ffecc850000 - 0x00007ffeccfc0000 	C:\WINDOWS\System32\SHELL32.dll
0x00007ffec83e0000 - 0x00007ffec8b85000 	C:\WINDOWS\SYSTEM32\windows.storage.dll
0x00007ffecc270000 - 0x00007ffecc5c3000 	C:\WINDOWS\System32\combase.dll
0x00007ffeca310000 - 0x00007ffeca33b000 	C:\WINDOWS\SYSTEM32\Wldp.dll
0x00007ffecbf40000 - 0x00007ffecc00d000 	C:\WINDOWS\System32\OLEAUT32.dll
0x00007ffecb8b0000 - 0x00007ffecb95d000 	C:\WINDOWS\System32\SHCORE.dll
0x00007ffecbbd0000 - 0x00007ffecbc2b000 	C:\WINDOWS\System32\shlwapi.dll
0x00007ffeca8e0000 - 0x00007ffeca904000 	C:\WINDOWS\SYSTEM32\profapi.dll
0x00007ffeaf4f0000 - 0x00007ffeaf508000 	c:\Users\KEKE\.cursor\extensions\redhat.java-1.53.0-win32-x64\jre\21.0.10-win32-x86_64\bin\zip.dll
0x00007ffebd4b0000 - 0x00007ffebd4c0000 	C:\Users\KEKE\.cursor\extensions\redhat.java-1.53.0-win32-x64\jre\21.0.10-win32-x86_64\bin\net.dll
0x00007ffec14e0000 - 0x00007ffec15ea000 	C:\WINDOWS\SYSTEM32\WINHTTP.dll
0x00007ffeca070000 - 0x00007ffeca0da000 	C:\WINDOWS\system32\mswsock.dll
0x00007ffea9600000 - 0x00007ffea9616000 	C:\Users\KEKE\.cursor\extensions\redhat.java-1.53.0-win32-x64\jre\21.0.10-win32-x86_64\bin\nio.dll
0x00007ffeb7a00000 - 0x00007ffeb7a10000 	c:\Users\KEKE\.cursor\extensions\redhat.java-1.53.0-win32-x64\jre\21.0.10-win32-x86_64\bin\verify.dll
0x00007ffea7d80000 - 0x00007ffea7dc5000 	C:\Users\KEKE\AppData\Roaming\Cursor\User\globalStorage\redhat.java\1.53.0\config_win\org.eclipse.equinox.launcher\org.eclipse.equinox.launcher.win32.win32.x86_64_1.3.0.v20260203-2149\eclipse_11919.dll
0x00007ffecd120000 - 0x00007ffecd24b000 	C:\WINDOWS\System32\ole32.dll
0x00007ffeca270000 - 0x00007ffeca288000 	C:\WINDOWS\SYSTEM32\CRYPTSP.dll
0x00007ffec9990000 - 0x00007ffec99c8000 	C:\WINDOWS\system32\rsaenh.dll
0x00007ffeca8a0000 - 0x00007ffeca8ce000 	C:\WINDOWS\SYSTEM32\USERENV.dll
0x00007ffeca260000 - 0x00007ffeca26c000 	C:\WINDOWS\SYSTEM32\CRYPTBASE.dll
0x00007ffec9d50000 - 0x00007ffec9d8b000 	C:\WINDOWS\SYSTEM32\IPHLPAPI.DLL
0x00007ffecc5e0000 - 0x00007ffecc5e8000 	C:\WINDOWS\System32\NSI.dll
0x00007ffeaa5b0000 - 0x00007ffeaa5f9000 	C:\Users\KEKE\AppData\Local\Temp\jna-2303028\jna16770356539396976221.dll
0x00007ffecbc30000 - 0x00007ffecbc38000 	C:\WINDOWS\System32\PSAPI.DLL
0x00007ffec1950000 - 0x00007ffec1967000 	C:\WINDOWS\SYSTEM32\dhcpcsvc6.DLL
0x00007ffec2660000 - 0x00007ffec267d000 	C:\WINDOWS\SYSTEM32\dhcpcsvc.DLL

JVMTI agents:
c:\Users\KEKE\.cursor\extensions\redhat.java-1.53.0-win32-x64\lombok\lombok-1.18.39-4050.jar path:c:\Users\KEKE\.cursor\extensions\redhat.java-1.53.0-win32-x64\jre\21.0.10-win32-x86_64\bin\instrument.dll, loaded, initialized, instrumentlib options:none

dbghelp: loaded successfully - version: 4.0.5 - missing functions: none
symbol engine: initialized successfully - sym options: 0x614 - pdb path: .;c:\Users\KEKE\.cursor\extensions\redhat.java-1.53.0-win32-x64\jre\21.0.10-win32-x86_64\bin;C:\WINDOWS\SYSTEM32;C:\WINDOWS\WinSxS\amd64_microsoft.windows.common-controls_6595b64144ccf1df_6.0.19041.6280_none_60bc30a171f2f3f3;c:\Users\KEKE\.cursor\extensions\redhat.java-1.53.0-win32-x64\jre\21.0.10-win32-x86_64\bin\server;C:\Users\KEKE\AppData\Roaming\Cursor\User\globalStorage\redhat.java\1.53.0\config_win\org.eclipse.equinox.launcher\org.eclipse.equinox.launcher.win32.win32.x86_64_1.3.0.v20260203-2149;C:\Users\KEKE\AppData\Local\Temp\jna-2303028

VM Arguments:
jvm_args: --add-modules=ALL-SYSTEM --add-opens=java.base/java.util=ALL-UNNAMED --add-opens=java.base/java.lang=ALL-UNNAMED --add-opens=java.base/sun.nio.fs=ALL-UNNAMED -Declipse.application=org.eclipse.jdt.ls.core.id1 -Dosgi.bundles.defaultStartLevel=4 -Declipse.product=org.eclipse.jdt.ls.core.product -Djava.import.generatesMetadataFilesAtProjectRoot=false -DDetectVMInstallationsJob.disabled=true -Dfile.encoding=utf8 -XX:+UseParallelGC -XX:GCTimeRatio=4 -XX:AdaptiveSizePolicyWeight=90 -Dsun.zip.disableMemoryMapping=true -Xmx2G -Xms100m -Xlog:disable -javaagent:c:\Users\KEKE\.cursor\extensions\redhat.java-1.53.0-win32-x64\lombok\lombok-1.18.39-4050.jar -XX:+HeapDumpOnOutOfMemoryError -XX:HeapDumpPath=c:\Users\KEKE\AppData\Roaming\Cursor\User\workspaceStorage\b4f81907cdd886fa0c08bef9f9a78c8a\redhat.java -Daether.dependencyCollector.impl=bf 
java_command: c:\Users\KEKE\.cursor\extensions\redhat.java-1.53.0-win32-x64\server\plugins\org.eclipse.equinox.launcher_1.7.100.v20251111-0406.jar -configuration c:\Users\KEKE\AppData\Roaming\Cursor\User\globalStorage\redhat.java\1.53.0\config_win -data c:\Users\KEKE\AppData\Roaming\Cursor\User\workspaceStorage\b4f81907cdd886fa0c08bef9f9a78c8a\redhat.java\jdt_ws --pipe=\\.\pipe\lsp-b5d8c50428aa95741ee325ff36e40aa2-sock
java_class_path (initial): c:\Users\KEKE\.cursor\extensions\redhat.java-1.53.0-win32-x64\server\plugins\org.eclipse.equinox.launcher_1.7.100.v20251111-0406.jar
Launcher Type: SUN_STANDARD

[Global flags]
    uintx AdaptiveSizePolicyWeight                 = 90                                        {product} {command line}
     intx CICompilerCount                          = 4                                         {product} {ergonomic}
    uintx GCTimeRatio                              = 4                                         {product} {command line}
     bool HeapDumpOnOutOfMemoryError               = true                                   {manageable} {command line}
    ccstr HeapDumpPath                             = c:\Users\KEKE\AppData\Roaming\Cursor\User\workspaceStorage\b4f81907cdd886fa0c08bef9f9a78c8a\redhat.java         {manageable} {command line}
   size_t InitialHeapSize                          = 104857600                                 {product} {command line}
   size_t MaxHeapSize                              = 2147483648                                {product} {command line}
   size_t MaxNewSize                               = 715653120                                 {product} {ergonomic}
   size_t MinHeapDeltaBytes                        = 524288                                    {product} {ergonomic}
   size_t MinHeapSize                              = 104857600                                 {product} {command line}
   size_t NewSize                                  = 34603008                                  {product} {ergonomic}
    uintx NonNMethodCodeHeapSize                   = 5839372                                {pd product} {ergonomic}
    uintx NonProfiledCodeHeapSize                  = 122909434                              {pd product} {ergonomic}
   size_t OldSize                                  = 70254592                                  {product} {ergonomic}
    uintx ProfiledCodeHeapSize                     = 122909434                              {pd product} {ergonomic}
    uintx ReservedCodeCacheSize                    = 251658240                              {pd product} {ergonomic}
     bool SegmentedCodeCache                       = true                                      {product} {ergonomic}
   size_t SoftMaxHeapSize                          = 2147483648                             {manageable} {ergonomic}
     bool UseCompressedOops                        = true                           {product lp64_product} {ergonomic}
     bool UseLargePagesIndividualAllocation        = false                                  {pd product} {ergonomic}
     bool UseParallelGC                            = true                                      {product} {command line}

Logging:
Log output configuration:
 #0: stdout all=off uptime,level,tags foldmultilines=false
 #1: stderr all=off uptime,level,tags foldmultilines=false

Release file:
JAVA_VERSION="21.0.10" 
MODULES="java.base java.compiler java.datatransfer java.xml java.prefs java.desktop java.instrument java.logging java.management java.security.sasl java.naming java.rmi java.management.rmi java.net.http java.scripting java.security.jgss java.transaction.xa java.sql java.sql.rowset java.xml.crypto java.se java.smartcardio jdk.accessibility jdk.internal.jvmstat jdk.attach jdk.charsets jdk.internal.opt jdk.zipfs jdk.compiler jdk.crypto.ec jdk.crypto.cryptoki jdk.crypto.mscapi jdk.dynalink jdk.internal.ed jdk.editpad jdk.hotspot.agent jdk.httpserver jdk.internal.le jdk.internal.vm.ci jdk.internal.vm.compiler jdk.internal.vm.compiler.management jdk.jartool jdk.javadoc jdk.jcmd jdk.management jdk.management.agent jdk.jconsole jdk.jdeps jdk.jdwp.agent jdk.jdi jdk.jfr jdk.jshell jdk.jsobject jdk.jstatd jdk.localedata jdk.management.jfr jdk.naming.dns jdk.naming.rmi jdk.net jdk.nio.mapmode jdk.random jdk.sctp jdk.security.auth jdk.security.jgss jdk.unsupported jdk.unsupported.desktop jdk.xml.dom" 

Environment Variables:
PATH=C:\env\java\jdk-11\bin;C:\Program Files (x86)\Common Files\Oracle\Java\javapath;C:\WINDOWS\system32;C:\WINDOWS;C:\WINDOWS\System32\Wbem;C:\WINDOWS\System32\WindowsPowerShell\v1.0\;C:\WINDOWS\System32\OpenSSH\;C:\Program Files\Git\cmd;C:\env softs\cmake-4.1.0-rc1-windows-x86_64\bin;C:\Program Files\nodejs\;C:\env\apache-maven-3.9.8\bin;C:\redis;C:\laragon\bin\mysql\mysql-8.0.30-winx64\bin;C:\laragon\bin;C:\laragon\bin\apache\httpd-2.4.54-win64-VS16\bin;C:\laragon\bin\composer;C:\laragon\bin\dbeaver;C:\laragon\bin\git\bin;C:\laragon\bin\git\cmd;C:\laragon\bin\git\mingw64\bin;C:\laragon\bin\git\usr\bin;C:\laragon\bin\laragon\utils;C:\laragon\bin\mysql\mysql-8.0.30-winx64\bin;C:\laragon\bin\nginx\nginx-1.22.0;C:\laragon\bin\ngrok;C:\laragon\bin\nodejs\node-v18;C:\laragon\bin\notepad++;C:\laragon\bin\php\php-8.2.30-Win32-vs16-x64;C:\laragon\bin\python\python-3.10;C:\laragon\bin\python\python-3.10\Scripts;C:\laragon\bin\redis\redis-x64-5.0.14.1;C:\laragon\bin\telnet;C:\laragon\usr\bin;C:\Users\KEKE\AppData\Local\Yarn\config\global\node_modules\.bin;C:\Users\KEKE\AppData\Roaming\Composer\vendor\bin;C:\Users\KEKE\AppData\Roaming\npm;C:\Program Files\MySQL\MySQL Shell 8.0\bin\;C:\Users\KEKE\AppData\Local\Microsoft\WindowsApps;C:\Users\KEKE\AppData\Local\Programs\cursor\resources\app\bin;C:\Users\KEKE\AppData\Local\Programs\Microsoft VS Code\bin
USERNAME=KEKE
OS=Windows_NT
PROCESSOR_IDENTIFIER=AMD64 Family 23 Model 24 Stepping 1, AuthenticAMD
TMP=C:\Users\KEKE\AppData\Local\Temp
TEMP=C:\Users\KEKE\AppData\Local\Temp




Periodic native trim disabled

---------------  S Y S T E M  ---------------

OS:
 Windows 10 , 64 bit Build 19041 (10.0.19041.5915)
OS uptime: 0 days 9:07 hours

CPU: total 8 (initial active 8) (8 cores per cpu, 2 threads per core) family 23 model 24 stepping 1 microcode 0x0, cx8, cmov, fxsr, ht, mmx, 3dnowpref, sse, sse2, sse3, ssse3, sse4a, sse4.1, sse4.2, popcnt, lzcnt, tsc, tscinvbit, avx, avx2, aes, clmul, bmi1, bmi2, adx, sha, fma, vzeroupper, clflush, clflushopt, rdtscp, f16c
Processor Information for the first 8 processors :
  Max Mhz: 2100, Current Mhz: 2100, Mhz Limit: 2100

Memory: 4k page, system-wide physical 7103M (230M free)
TotalPageFile size 22463M (AvailPageFile size 0M)
current process WorkingSet (physical memory assigned to process): 236M, peak: 236M
current process commit charge ("private bytes"): 328M, peak: 331M

vm_info: OpenJDK 64-Bit Server VM (21.0.10+7-LTS) for windows-amd64 JRE (21.0.10+7-LTS), built on 2026-01-20T00:00:00Z by "admin" with MS VC++ 17.12 (VS2022)

END.
