#
# There is insufficient memory for the Java Runtime Environment to continue.
# Native memory allocation (malloc) failed to allocate 1056976 bytes for Chunk::new
# Possible reasons:
#   The system is out of physical RAM or swap space
#   The process is running with CompressedOops enabled, and the Java Heap may be blocking the growth of the native heap
# Possible solutions:
#   Reduce memory load on the system
#   Increase physical memory or swap space
#   Check if swap backing store is full
#   Decrease Java heap size (-Xmx/-Xms)
#   Decrease number of Java threads
#   Decrease Java thread stack sizes (-Xss)
#   Set larger code cache with -XX:ReservedCodeCacheSize=
#   JVM is running with Unscaled Compressed Oops mode in which the Java heap is
#     placed in the first 4GB address space. The Java Heap base address is the
#     maximum limit for the native heap growth. Please use -XX:HeapBaseMinAddress
#     to set the Java Heap base and to place the Java Heap above 4GB virtual address.
# This output file may be truncated or incomplete.
#
#  Out of Memory Error (arena.cpp:168), pid=568, tid=20576
#
# JRE version: Java(TM) SE Runtime Environment (21.0.3+7) (build 21.0.3+7-LTS-152)
# Java VM: Java HotSpot(TM) 64-Bit Server VM (21.0.3+7-LTS-152, mixed mode, sharing, tiered, compressed oops, compressed class ptrs, g1 gc, windows-amd64)
# No core dump will be written. Minidumps are not enabled by default on client versions of Windows
#

---------------  S U M M A R Y ------------

Command Line: -Dclassworlds.conf=C:\apache-maven-3.9.8\bin\m2.conf -Dmaven.home=C:\apache-maven-3.9.8 -Dlibrary.jansi.path=C:\apache-maven-3.9.8\lib\jansi-native -Dmaven.multiModuleProjectDirectory=C:\Users\roiga\OneDrive\Bureau\DOC DTSI\SD PROJECT\SD N\AENF APP\prism org.codehaus.plexus.classworlds.launcher.Launcher -DskipTests clean compile

Host: Intel(R) Core(TM) i5-10210U CPU @ 1.60GHz, 8 cores, 7G,  Windows 11 , 64 bit Build 26100 (10.0.26100.8246)
Time: Tue May 12 12:05:36 2026 Temps universel coordonné elapsed time: 150.009824 seconds (0d 0h 2m 30s)

---------------  T H R E A D  ---------------

Current thread (0x00000259d0061880):  JavaThread "C2 CompilerThread0" daemon [_thread_in_native, id=20576, stack(0x000000aa15100000,0x000000aa15200000) (1024K)]


Current CompileTask:
C2: 150010 8975       4       com.sun.tools.javac.comp.Resolve::findType (512 bytes)

Stack: [0x000000aa15100000,0x000000aa15200000]
Native frames: (J=compiled Java code, j=interpreted, Vv=VM code, C=native code)
V  [jvm.dll+0x6c63b9]
V  [jvm.dll+0x84fa11]
V  [jvm.dll+0x851f3e]
V  [jvm.dll+0x852613]
V  [jvm.dll+0x27cd46]
V  [jvm.dll+0xc4aad]
V  [jvm.dll+0xc4fe3]
V  [jvm.dll+0x2efaff]
V  [jvm.dll+0x5f150a]
V  [jvm.dll+0x24e99f]
V  [jvm.dll+0x2474cc]
V  [jvm.dll+0x245014]
V  [jvm.dll+0x1c689e]
V  [jvm.dll+0x254609]
V  [jvm.dll+0x252b9a]
V  [jvm.dll+0x3eb056]
V  [jvm.dll+0x7f9ffb]
V  [jvm.dll+0x6c4a9d]
C  [ucrtbase.dll+0x37b0]
C  [KERNEL32.DLL+0x2e8d7]
C  [ntdll.dll+0x8c3fc]


---------------  P R O C E S S  ---------------

Threads class SMR info:
_java_thread_list=0x00000259d08ff2e0, length=12, elements={
0x00000259b1566720, 0x00000259d004c780, 0x00000259d004df00, 0x00000259d0051c80,
0x00000259d0052b70, 0x00000259d0054420, 0x00000259d0055ba0, 0x00000259d0061880,
0x00000259d006ac20, 0x00000259d02eca90, 0x00000259d02fb920, 0x00000259d0d7dfc0
}

Java Threads: ( => current thread )
  0x00000259b1566720 JavaThread "main"                              [_thread_in_Java, id=24368, stack(0x000000aa14300000,0x000000aa14400000) (1024K)]
  0x00000259d004c780 JavaThread "Reference Handler"          daemon [_thread_blocked, id=3384, stack(0x000000aa14b00000,0x000000aa14c00000) (1024K)]
  0x00000259d004df00 JavaThread "Finalizer"                  daemon [_thread_blocked, id=11988, stack(0x000000aa14c00000,0x000000aa14d00000) (1024K)]
  0x00000259d0051c80 JavaThread "Signal Dispatcher"          daemon [_thread_blocked, id=17532, stack(0x000000aa14d00000,0x000000aa14e00000) (1024K)]
  0x00000259d0052b70 JavaThread "Attach Listener"            daemon [_thread_blocked, id=14032, stack(0x000000aa14e00000,0x000000aa14f00000) (1024K)]
  0x00000259d0054420 JavaThread "Service Thread"             daemon [_thread_blocked, id=14040, stack(0x000000aa14f00000,0x000000aa15000000) (1024K)]
  0x00000259d0055ba0 JavaThread "Monitor Deflation Thread"   daemon [_thread_blocked, id=7320, stack(0x000000aa15000000,0x000000aa15100000) (1024K)]
=>0x00000259d0061880 JavaThread "C2 CompilerThread0"         daemon [_thread_in_native, id=20576, stack(0x000000aa15100000,0x000000aa15200000) (1024K)]
  0x00000259d006ac20 JavaThread "C1 CompilerThread0"         daemon [_thread_blocked, id=9600, stack(0x000000aa15200000,0x000000aa15300000) (1024K)]
  0x00000259d02eca90 JavaThread "Notification Thread"        daemon [_thread_blocked, id=9156, stack(0x000000aa15300000,0x000000aa15400000) (1024K)]
  0x00000259d02fb920 JavaThread "Common-Cleaner"             daemon [_thread_blocked, id=25808, stack(0x000000aa15400000,0x000000aa15500000) (1024K)]
  0x00000259d0d7dfc0 JavaThread "Thread-1"                   daemon [_thread_blocked, id=9624, stack(0x000000aa15500000,0x000000aa15600000) (1024K)]
Total: 12

Other Threads:
  0x00000259d0028ec0 VMThread "VM Thread"                           [id=10052, stack(0x000000aa14a00000,0x000000aa14b00000) (1024K)]
  0x00000259d000fee0 WatcherThread "VM Periodic Task Thread"        [id=6896, stack(0x000000aa14900000,0x000000aa14a00000) (1024K)]
  0x00000259b3795fd0 WorkerThread "GC Thread#0"                     [id=26568, stack(0x000000aa14400000,0x000000aa14500000) (1024K)]
  0x0000025a16373610 WorkerThread "GC Thread#1"                     [id=20236, stack(0x000000aa15600000,0x000000aa15700000) (1024K)]
  0x0000025a163739b0 WorkerThread "GC Thread#2"                     [id=11596, stack(0x000000aa15700000,0x000000aa15800000) (1024K)]
  0x0000025a163b4b20 WorkerThread "GC Thread#3"                     [id=7412, stack(0x000000aa15800000,0x000000aa15900000) (1024K)]
  0x0000025a16511c00 WorkerThread "GC Thread#4"                     [id=22776, stack(0x000000aa15900000,0x000000aa15a00000) (1024K)]
  0x0000025a160aa8b0 WorkerThread "GC Thread#5"                     [id=14436, stack(0x000000aa15a00000,0x000000aa15b00000) (1024K)]
  0x0000025a1681ba70 WorkerThread "GC Thread#6"                     [id=22128, stack(0x000000aa15b00000,0x000000aa15c00000) (1024K)]
  0x0000025a164ecc80 WorkerThread "GC Thread#7"                     [id=26228, stack(0x000000aa15c00000,0x000000aa15d00000) (1024K)]
  0x00000259b37a6ab0 ConcurrentGCThread "G1 Main Marker"            [id=5940, stack(0x000000aa14500000,0x000000aa14600000) (1024K)]
  0x00000259b37a8430 WorkerThread "G1 Conc#0"                       [id=17608, stack(0x000000aa14600000,0x000000aa14700000) (1024K)]
  0x0000025a1668c790 WorkerThread "G1 Conc#1"                       [id=22068, stack(0x000000aa14100000,0x000000aa14200000) (1024K)]
  0x00000259cfee1fc0 ConcurrentGCThread "G1 Refine#0"               [id=13884, stack(0x000000aa14700000,0x000000aa14800000) (1024K)]
  0x00000259cfee2a40 ConcurrentGCThread "G1 Service"                [id=23916, stack(0x000000aa14800000,0x000000aa14900000) (1024K)]
Total: 15

Threads with active compile tasks:
C2 CompilerThread0   150097 8975       4       com.sun.tools.javac.comp.Resolve::findType (512 bytes)
Total: 1

VM state: not at safepoint (normal execution)

VM Mutex/Monitor currently owned by a thread: None

Heap address: 0x0000000082800000, size: 2008 MB, Compressed Oops mode: 32-bit

CDS archive(s) mapped at: [0x00000259d1000000-0x00000259d1c90000-0x00000259d1c90000), size 13172736, SharedBaseAddress: 0x00000259d1000000, ArchiveRelocationMode: 1.
Compressed class space mapped at: 0x00000259d2000000-0x0000025a12000000, reserved size: 1073741824
Narrow klass base: 0x00000259d1000000, Narrow klass shift: 0, Narrow klass range: 0x100000000

GC Precious Log:
 CardTable entry size: 512
 Card Set container configuration: InlinePtr #cards 5 size 8 Array Of Cards #cards 12 size 40 Howl #buckets 4 coarsen threshold 1843 Howl Bitmap #cards 512 size 80 coarsen threshold 460 Card regions per heap region 1 cards per card region 2048
 CPUs: 8 total, 8 available
 Memory: 8025M
 Large Page Support: Disabled
 NUMA Support: Disabled
 Compressed Oops: Enabled (32-bit)
 Heap Region Size: 1M
 Heap Min Capacity: 8M
 Heap Initial Capacity: 126M
 Heap Max Capacity: 2008M
 Pre-touch: Disabled
 Parallel Workers: 8
 Concurrent Workers: 2
 Concurrent Refinement Workers: 8
 Periodic GC: Disabled

Heap:
 garbage-first heap   total 212992K, used 146177K [0x0000000082800000, 0x0000000100000000)
  region size 1024K, 74 young (75776K), 4 survivors (4096K)
 Metaspace       used 31406K, committed 31872K, reserved 1114112K
  class space    used 3425K, committed 3648K, reserved 1048576K

Heap Regions: E=young(eden), S=young(survivor), O=old, HS=humongous(starts), HC=humongous(continues), CS=collection set, F=free, TAMS=top-at-mark-start, PB=parsable bottom
|   0|0x0000000082800000, 0x0000000082900000, 0x0000000082900000|100%| O|  |TAMS 0x0000000082800000| PB 0x0000000082800000| Untracked 
|   1|0x0000000082900000, 0x0000000082a00000, 0x0000000082a00000|100%| O|  |TAMS 0x0000000082900000| PB 0x0000000082900000| Untracked 
|   2|0x0000000082a00000, 0x0000000082b00000, 0x0000000082b00000|100%| O|  |TAMS 0x0000000082a00000| PB 0x0000000082a00000| Untracked 
|   3|0x0000000082b00000, 0x0000000082c00000, 0x0000000082c00000|100%| O|  |TAMS 0x0000000082b00000| PB 0x0000000082b00000| Untracked 
|   4|0x0000000082c00000, 0x0000000082d00000, 0x0000000082d00000|100%| O|  |TAMS 0x0000000082c00000| PB 0x0000000082c00000| Untracked 
|   5|0x0000000082d00000, 0x0000000082e00000, 0x0000000082e00000|100%| O|  |TAMS 0x0000000082d00000| PB 0x0000000082d00000| Untracked 
|   6|0x0000000082e00000, 0x0000000082f00000, 0x0000000082f00000|100%| O|  |TAMS 0x0000000082e00000| PB 0x0000000082e00000| Untracked 
|   7|0x0000000082f00000, 0x0000000083000000, 0x0000000083000000|100%| O|  |TAMS 0x0000000082f00000| PB 0x0000000082f00000| Untracked 
|   8|0x0000000083000000, 0x0000000083100000, 0x0000000083100000|100%| O|  |TAMS 0x0000000083000000| PB 0x0000000083000000| Untracked 
|   9|0x0000000083100000, 0x0000000083200000, 0x0000000083200000|100%| O|  |TAMS 0x0000000083100000| PB 0x0000000083100000| Untracked 
|  10|0x0000000083200000, 0x0000000083300000, 0x0000000083300000|100%| O|  |TAMS 0x0000000083200000| PB 0x0000000083200000| Untracked 
|  11|0x0000000083300000, 0x0000000083400000, 0x0000000083400000|100%| O|  |TAMS 0x0000000083300000| PB 0x0000000083300000| Untracked 
|  12|0x0000000083400000, 0x0000000083500000, 0x0000000083500000|100%| O|  |TAMS 0x0000000083400000| PB 0x0000000083400000| Untracked 
|  13|0x0000000083500000, 0x0000000083600000, 0x0000000083600000|100%| O|  |TAMS 0x0000000083500000| PB 0x0000000083500000| Untracked 
|  14|0x0000000083600000, 0x0000000083700000, 0x0000000083700000|100%| O|  |TAMS 0x0000000083600000| PB 0x0000000083600000| Untracked 
|  15|0x0000000083700000, 0x0000000083800000, 0x0000000083800000|100%| O|  |TAMS 0x0000000083700000| PB 0x0000000083700000| Untracked 
|  16|0x0000000083800000, 0x0000000083900000, 0x0000000083900000|100%| O|  |TAMS 0x0000000083800000| PB 0x0000000083800000| Untracked 
|  17|0x0000000083900000, 0x0000000083a00000, 0x0000000083a00000|100%| O|  |TAMS 0x0000000083900000| PB 0x0000000083900000| Untracked 
|  18|0x0000000083a00000, 0x0000000083b00000, 0x0000000083b00000|100%|HS|  |TAMS 0x0000000083a00000| PB 0x0000000083a00000| Complete 
|  19|0x0000000083b00000, 0x0000000083c00000, 0x0000000083c00000|100%|HC|  |TAMS 0x0000000083b00000| PB 0x0000000083b00000| Complete 
|  20|0x0000000083c00000, 0x0000000083d00000, 0x0000000083d00000|100%|HC|  |TAMS 0x0000000083c00000| PB 0x0000000083c00000| Complete 
|  21|0x0000000083d00000, 0x0000000083e00000, 0x0000000083e00000|100%| O|  |TAMS 0x0000000083d00000| PB 0x0000000083d00000| Untracked 
|  22|0x0000000083e00000, 0x0000000083f00000, 0x0000000083f00000|100%| O|  |TAMS 0x0000000083e00000| PB 0x0000000083e00000| Untracked 
|  23|0x0000000083f00000, 0x0000000084000000, 0x0000000084000000|100%| O|  |TAMS 0x0000000083f00000| PB 0x0000000083f00000| Untracked 
|  24|0x0000000084000000, 0x0000000084100000, 0x0000000084100000|100%| O|  |TAMS 0x0000000084000000| PB 0x0000000084000000| Untracked 
|  25|0x0000000084100000, 0x0000000084200000, 0x0000000084200000|100%| O|  |TAMS 0x0000000084100000| PB 0x0000000084100000| Untracked 
|  26|0x0000000084200000, 0x0000000084300000, 0x0000000084300000|100%| O|  |TAMS 0x0000000084200000| PB 0x0000000084200000| Untracked 
|  27|0x0000000084300000, 0x0000000084400000, 0x0000000084400000|100%| O|  |TAMS 0x0000000084300000| PB 0x0000000084300000| Untracked 
|  28|0x0000000084400000, 0x0000000084500000, 0x0000000084500000|100%| O|  |TAMS 0x0000000084400000| PB 0x0000000084400000| Untracked 
|  29|0x0000000084500000, 0x0000000084600000, 0x0000000084600000|100%| O|  |TAMS 0x0000000084500000| PB 0x0000000084500000| Untracked 
|  30|0x0000000084600000, 0x0000000084700000, 0x0000000084700000|100%| O|  |TAMS 0x0000000084600000| PB 0x0000000084600000| Untracked 
|  31|0x0000000084700000, 0x0000000084800000, 0x0000000084800000|100%| O|  |TAMS 0x0000000084700000| PB 0x0000000084700000| Untracked 
|  32|0x0000000084800000, 0x0000000084900000, 0x0000000084900000|100%| O|  |TAMS 0x0000000084800000| PB 0x0000000084800000| Untracked 
|  33|0x0000000084900000, 0x0000000084a00000, 0x0000000084a00000|100%| O|  |TAMS 0x0000000084900000| PB 0x0000000084900000| Untracked 
|  34|0x0000000084a00000, 0x0000000084b00000, 0x0000000084b00000|100%| O|  |TAMS 0x0000000084a00000| PB 0x0000000084a00000| Untracked 
|  35|0x0000000084b00000, 0x0000000084c00000, 0x0000000084c00000|100%|HS|  |TAMS 0x0000000084b00000| PB 0x0000000084b00000| Complete 
|  36|0x0000000084c00000, 0x0000000084d00000, 0x0000000084d00000|100%| O|  |TAMS 0x0000000084c00000| PB 0x0000000084c00000| Untracked 
|  37|0x0000000084d00000, 0x0000000084e00000, 0x0000000084e00000|100%| O|  |TAMS 0x0000000084d00000| PB 0x0000000084d00000| Untracked 
|  38|0x0000000084e00000, 0x0000000084f00000, 0x0000000084f00000|100%| O|  |TAMS 0x0000000084e00000| PB 0x0000000084e00000| Untracked 
|  39|0x0000000084f00000, 0x0000000085000000, 0x0000000085000000|100%| O|  |TAMS 0x0000000084f00000| PB 0x0000000084f00000| Untracked 
|  40|0x0000000085000000, 0x0000000085100000, 0x0000000085100000|100%| O|  |TAMS 0x0000000085000000| PB 0x0000000085000000| Untracked 
|  41|0x0000000085100000, 0x0000000085200000, 0x0000000085200000|100%| O|  |TAMS 0x0000000085100000| PB 0x0000000085100000| Untracked 
|  42|0x0000000085200000, 0x0000000085300000, 0x0000000085300000|100%| O|  |TAMS 0x0000000085200000| PB 0x0000000085200000| Untracked 
|  43|0x0000000085300000, 0x0000000085400000, 0x0000000085400000|100%| O|  |TAMS 0x0000000085300000| PB 0x0000000085300000| Untracked 
|  44|0x0000000085400000, 0x0000000085500000, 0x0000000085500000|100%| O|  |TAMS 0x0000000085400000| PB 0x0000000085400000| Untracked 
|  45|0x0000000085500000, 0x0000000085600000, 0x0000000085600000|100%| O|  |TAMS 0x0000000085500000| PB 0x0000000085500000| Untracked 
|  46|0x0000000085600000, 0x0000000085700000, 0x0000000085700000|100%| O|  |TAMS 0x0000000085600000| PB 0x0000000085600000| Untracked 
|  47|0x0000000085700000, 0x0000000085800000, 0x0000000085800000|100%| O|  |TAMS 0x0000000085700000| PB 0x0000000085700000| Untracked 
|  48|0x0000000085800000, 0x0000000085900000, 0x0000000085900000|100%| O|  |TAMS 0x0000000085800000| PB 0x0000000085800000| Untracked 
|  49|0x0000000085900000, 0x0000000085a00000, 0x0000000085a00000|100%| O|  |TAMS 0x0000000085900000| PB 0x0000000085900000| Untracked 
|  50|0x0000000085a00000, 0x0000000085b00000, 0x0000000085b00000|100%| O|  |TAMS 0x0000000085a00000| PB 0x0000000085a00000| Untracked 
|  51|0x0000000085b00000, 0x0000000085c00000, 0x0000000085c00000|100%| O|  |TAMS 0x0000000085b00000| PB 0x0000000085b00000| Untracked 
|  52|0x0000000085c00000, 0x0000000085d00000, 0x0000000085d00000|100%| O|  |TAMS 0x0000000085c00000| PB 0x0000000085c00000| Untracked 
|  53|0x0000000085d00000, 0x0000000085e00000, 0x0000000085e00000|100%| O|  |TAMS 0x0000000085d00000| PB 0x0000000085d00000| Untracked 
|  54|0x0000000085e00000, 0x0000000085f00000, 0x0000000085f00000|100%| O|  |TAMS 0x0000000085e00000| PB 0x0000000085e00000| Untracked 
|  55|0x0000000085f00000, 0x0000000086000000, 0x0000000086000000|100%| O|  |TAMS 0x0000000085f00000| PB 0x0000000085f00000| Untracked 
|  56|0x0000000086000000, 0x0000000086100000, 0x0000000086100000|100%| O|  |TAMS 0x0000000086000000| PB 0x0000000086000000| Untracked 
|  57|0x0000000086100000, 0x0000000086200000, 0x0000000086200000|100%| O|  |TAMS 0x0000000086100000| PB 0x0000000086100000| Untracked 
|  58|0x0000000086200000, 0x0000000086300000, 0x0000000086300000|100%| O|  |TAMS 0x0000000086200000| PB 0x0000000086200000| Untracked 
|  59|0x0000000086300000, 0x0000000086400000, 0x0000000086400000|100%| O|  |TAMS 0x0000000086300000| PB 0x0000000086300000| Untracked 
|  60|0x0000000086400000, 0x0000000086500000, 0x0000000086500000|100%| O|  |TAMS 0x0000000086400000| PB 0x0000000086400000| Untracked 
|  61|0x0000000086500000, 0x0000000086600000, 0x0000000086600000|100%| O|  |TAMS 0x0000000086500000| PB 0x0000000086500000| Untracked 
|  62|0x0000000086600000, 0x0000000086700000, 0x0000000086700000|100%| O|  |TAMS 0x0000000086600000| PB 0x0000000086600000| Untracked 
|  63|0x0000000086700000, 0x0000000086800000, 0x0000000086800000|100%| O|  |TAMS 0x0000000086700000| PB 0x0000000086700000| Untracked 
|  64|0x0000000086800000, 0x0000000086900000, 0x0000000086900000|100%| O|  |TAMS 0x0000000086800000| PB 0x0000000086800000| Untracked 
|  65|0x0000000086900000, 0x0000000086a00000, 0x0000000086a00000|100%| O|  |TAMS 0x0000000086900000| PB 0x0000000086900000| Untracked 
|  66|0x0000000086a00000, 0x0000000086b00000, 0x0000000086b00000|100%| O|  |TAMS 0x0000000086a00000| PB 0x0000000086a00000| Untracked 
|  67|0x0000000086b00000, 0x0000000086c00000, 0x0000000086c00000|100%| O|  |TAMS 0x0000000086b00000| PB 0x0000000086b00000| Untracked 
|  68|0x0000000086c00000, 0x0000000086d00000, 0x0000000086d00000|100%| O|  |TAMS 0x0000000086c00000| PB 0x0000000086c00000| Untracked 
|  69|0x0000000086d00000, 0x0000000086ddb150, 0x0000000086e00000| 85%| O|  |TAMS 0x0000000086d00000| PB 0x0000000086d00000| Untracked 
|  70|0x0000000086e00000, 0x0000000086e00000, 0x0000000086f00000|  0%| F|  |TAMS 0x0000000086e00000| PB 0x0000000086e00000| Untracked 
|  71|0x0000000086f00000, 0x0000000086f00000, 0x0000000087000000|  0%| F|  |TAMS 0x0000000086f00000| PB 0x0000000086f00000| Untracked 
|  72|0x0000000087000000, 0x0000000087000000, 0x0000000087100000|  0%| F|  |TAMS 0x0000000087000000| PB 0x0000000087000000| Untracked 
|  73|0x0000000087100000, 0x0000000087100000, 0x0000000087200000|  0%| F|  |TAMS 0x0000000087100000| PB 0x0000000087100000| Untracked 
|  74|0x0000000087200000, 0x0000000087200000, 0x0000000087300000|  0%| F|  |TAMS 0x0000000087200000| PB 0x0000000087200000| Untracked 
|  75|0x0000000087300000, 0x0000000087300000, 0x0000000087400000|  0%| F|  |TAMS 0x0000000087300000| PB 0x0000000087300000| Untracked 
|  76|0x0000000087400000, 0x0000000087400000, 0x0000000087500000|  0%| F|  |TAMS 0x0000000087400000| PB 0x0000000087400000| Untracked 
|  77|0x0000000087500000, 0x0000000087500000, 0x0000000087600000|  0%| F|  |TAMS 0x0000000087500000| PB 0x0000000087500000| Untracked 
|  78|0x0000000087600000, 0x0000000087600000, 0x0000000087700000|  0%| F|  |TAMS 0x0000000087600000| PB 0x0000000087600000| Untracked 
|  79|0x0000000087700000, 0x0000000087700000, 0x0000000087800000|  0%| F|  |TAMS 0x0000000087700000| PB 0x0000000087700000| Untracked 
|  80|0x0000000087800000, 0x0000000087800000, 0x0000000087900000|  0%| F|  |TAMS 0x0000000087800000| PB 0x0000000087800000| Untracked 
|  81|0x0000000087900000, 0x0000000087900000, 0x0000000087a00000|  0%| F|  |TAMS 0x0000000087900000| PB 0x0000000087900000| Untracked 
|  82|0x0000000087a00000, 0x0000000087a00000, 0x0000000087b00000|  0%| F|  |TAMS 0x0000000087a00000| PB 0x0000000087a00000| Untracked 
|  83|0x0000000087b00000, 0x0000000087b00000, 0x0000000087c00000|  0%| F|  |TAMS 0x0000000087b00000| PB 0x0000000087b00000| Untracked 
|  84|0x0000000087c00000, 0x0000000087c00000, 0x0000000087d00000|  0%| F|  |TAMS 0x0000000087c00000| PB 0x0000000087c00000| Untracked 
|  85|0x0000000087d00000, 0x0000000087d00000, 0x0000000087e00000|  0%| F|  |TAMS 0x0000000087d00000| PB 0x0000000087d00000| Untracked 
|  86|0x0000000087e00000, 0x0000000087e00000, 0x0000000087f00000|  0%| F|  |TAMS 0x0000000087e00000| PB 0x0000000087e00000| Untracked 
|  87|0x0000000087f00000, 0x0000000087f00000, 0x0000000088000000|  0%| F|  |TAMS 0x0000000087f00000| PB 0x0000000087f00000| Untracked 
|  88|0x0000000088000000, 0x0000000088000000, 0x0000000088100000|  0%| F|  |TAMS 0x0000000088000000| PB 0x0000000088000000| Untracked 
|  89|0x0000000088100000, 0x0000000088100000, 0x0000000088200000|  0%| F|  |TAMS 0x0000000088100000| PB 0x0000000088100000| Untracked 
|  90|0x0000000088200000, 0x0000000088200000, 0x0000000088300000|  0%| F|  |TAMS 0x0000000088200000| PB 0x0000000088200000| Untracked 
|  91|0x0000000088300000, 0x0000000088300000, 0x0000000088400000|  0%| F|  |TAMS 0x0000000088300000| PB 0x0000000088300000| Untracked 
|  92|0x0000000088400000, 0x0000000088400000, 0x0000000088500000|  0%| F|  |TAMS 0x0000000088400000| PB 0x0000000088400000| Untracked 
|  93|0x0000000088500000, 0x0000000088500000, 0x0000000088600000|  0%| F|  |TAMS 0x0000000088500000| PB 0x0000000088500000| Untracked 
|  94|0x0000000088600000, 0x0000000088600000, 0x0000000088700000|  0%| F|  |TAMS 0x0000000088600000| PB 0x0000000088600000| Untracked 
|  95|0x0000000088700000, 0x0000000088700000, 0x0000000088800000|  0%| F|  |TAMS 0x0000000088700000| PB 0x0000000088700000| Untracked 
|  96|0x0000000088800000, 0x0000000088800000, 0x0000000088900000|  0%| F|  |TAMS 0x0000000088800000| PB 0x0000000088800000| Untracked 
|  97|0x0000000088900000, 0x0000000088900000, 0x0000000088a00000|  0%| F|  |TAMS 0x0000000088900000| PB 0x0000000088900000| Untracked 
|  98|0x0000000088a00000, 0x0000000088a00000, 0x0000000088b00000|  0%| F|  |TAMS 0x0000000088a00000| PB 0x0000000088a00000| Untracked 
|  99|0x0000000088b00000, 0x0000000088b00000, 0x0000000088c00000|  0%| F|  |TAMS 0x0000000088b00000| PB 0x0000000088b00000| Untracked 
| 100|0x0000000088c00000, 0x0000000088c00000, 0x0000000088d00000|  0%| F|  |TAMS 0x0000000088c00000| PB 0x0000000088c00000| Untracked 
| 101|0x0000000088d00000, 0x0000000088d00000, 0x0000000088e00000|  0%| F|  |TAMS 0x0000000088d00000| PB 0x0000000088d00000| Untracked 
| 102|0x0000000088e00000, 0x0000000088e00000, 0x0000000088f00000|  0%| F|  |TAMS 0x0000000088e00000| PB 0x0000000088e00000| Untracked 
| 103|0x0000000088f00000, 0x0000000088f00000, 0x0000000089000000|  0%| F|  |TAMS 0x0000000088f00000| PB 0x0000000088f00000| Untracked 
| 104|0x0000000089000000, 0x0000000089000000, 0x0000000089100000|  0%| F|  |TAMS 0x0000000089000000| PB 0x0000000089000000| Untracked 
| 105|0x0000000089100000, 0x0000000089100000, 0x0000000089200000|  0%| F|  |TAMS 0x0000000089100000| PB 0x0000000089100000| Untracked 
| 106|0x0000000089200000, 0x0000000089200000, 0x0000000089300000|  0%| F|  |TAMS 0x0000000089200000| PB 0x0000000089200000| Untracked 
| 107|0x0000000089300000, 0x0000000089300000, 0x0000000089400000|  0%| F|  |TAMS 0x0000000089300000| PB 0x0000000089300000| Untracked 
| 108|0x0000000089400000, 0x0000000089400000, 0x0000000089500000|  0%| F|  |TAMS 0x0000000089400000| PB 0x0000000089400000| Untracked 
| 109|0x0000000089500000, 0x0000000089500000, 0x0000000089600000|  0%| F|  |TAMS 0x0000000089500000| PB 0x0000000089500000| Untracked 
| 110|0x0000000089600000, 0x0000000089600000, 0x0000000089700000|  0%| F|  |TAMS 0x0000000089600000| PB 0x0000000089600000| Untracked 
| 111|0x0000000089700000, 0x0000000089700000, 0x0000000089800000|  0%| F|  |TAMS 0x0000000089700000| PB 0x0000000089700000| Untracked 
| 112|0x0000000089800000, 0x0000000089800000, 0x0000000089900000|  0%| F|  |TAMS 0x0000000089800000| PB 0x0000000089800000| Untracked 
| 113|0x0000000089900000, 0x0000000089900000, 0x0000000089a00000|  0%| F|  |TAMS 0x0000000089900000| PB 0x0000000089900000| Untracked 
| 114|0x0000000089a00000, 0x0000000089a00000, 0x0000000089b00000|  0%| F|  |TAMS 0x0000000089a00000| PB 0x0000000089a00000| Untracked 
| 115|0x0000000089b00000, 0x0000000089be5660, 0x0000000089c00000| 89%| S|CS|TAMS 0x0000000089b00000| PB 0x0000000089b00000| Complete 
| 116|0x0000000089c00000, 0x0000000089d00000, 0x0000000089d00000|100%| S|CS|TAMS 0x0000000089c00000| PB 0x0000000089c00000| Complete 
| 117|0x0000000089d00000, 0x0000000089e00000, 0x0000000089e00000|100%| S|CS|TAMS 0x0000000089d00000| PB 0x0000000089d00000| Complete 
| 118|0x0000000089e00000, 0x0000000089f00000, 0x0000000089f00000|100%| S|CS|TAMS 0x0000000089e00000| PB 0x0000000089e00000| Complete 
| 119|0x0000000089f00000, 0x0000000089f00000, 0x000000008a000000|  0%| F|  |TAMS 0x0000000089f00000| PB 0x0000000089f00000| Untracked 
| 120|0x000000008a000000, 0x000000008a000000, 0x000000008a100000|  0%| F|  |TAMS 0x000000008a000000| PB 0x000000008a000000| Untracked 
| 121|0x000000008a100000, 0x000000008a100000, 0x000000008a200000|  0%| F|  |TAMS 0x000000008a100000| PB 0x000000008a100000| Untracked 
| 122|0x000000008a200000, 0x000000008a200000, 0x000000008a300000|  0%| F|  |TAMS 0x000000008a200000| PB 0x000000008a200000| Untracked 
| 123|0x000000008a300000, 0x000000008a300000, 0x000000008a400000|  0%| F|  |TAMS 0x000000008a300000| PB 0x000000008a300000| Untracked 
| 124|0x000000008a400000, 0x000000008a400000, 0x000000008a500000|  0%| F|  |TAMS 0x000000008a400000| PB 0x000000008a400000| Untracked 
| 125|0x000000008a500000, 0x000000008a500000, 0x000000008a600000|  0%| F|  |TAMS 0x000000008a500000| PB 0x000000008a500000| Untracked 
| 126|0x000000008a600000, 0x000000008a600000, 0x000000008a700000|  0%| F|  |TAMS 0x000000008a600000| PB 0x000000008a600000| Untracked 
| 127|0x000000008a700000, 0x000000008a700000, 0x000000008a800000|  0%| F|  |TAMS 0x000000008a700000| PB 0x000000008a700000| Untracked 
| 128|0x000000008a800000, 0x000000008a800000, 0x000000008a900000|  0%| F|  |TAMS 0x000000008a800000| PB 0x000000008a800000| Untracked 
| 129|0x000000008a900000, 0x000000008a900000, 0x000000008aa00000|  0%| F|  |TAMS 0x000000008a900000| PB 0x000000008a900000| Untracked 
| 130|0x000000008aa00000, 0x000000008aa00000, 0x000000008ab00000|  0%| F|  |TAMS 0x000000008aa00000| PB 0x000000008aa00000| Untracked 
| 131|0x000000008ab00000, 0x000000008ab00000, 0x000000008ac00000|  0%| F|  |TAMS 0x000000008ab00000| PB 0x000000008ab00000| Untracked 
| 132|0x000000008ac00000, 0x000000008ac00000, 0x000000008ad00000|  0%| F|  |TAMS 0x000000008ac00000| PB 0x000000008ac00000| Untracked 
| 133|0x000000008ad00000, 0x000000008ad00000, 0x000000008ae00000|  0%| F|  |TAMS 0x000000008ad00000| PB 0x000000008ad00000| Untracked 
| 134|0x000000008ae00000, 0x000000008ae00000, 0x000000008af00000|  0%| F|  |TAMS 0x000000008ae00000| PB 0x000000008ae00000| Untracked 
| 135|0x000000008af00000, 0x000000008af00000, 0x000000008b000000|  0%| F|  |TAMS 0x000000008af00000| PB 0x000000008af00000| Untracked 
| 136|0x000000008b000000, 0x000000008b000000, 0x000000008b100000|  0%| F|  |TAMS 0x000000008b000000| PB 0x000000008b000000| Untracked 
| 137|0x000000008b100000, 0x000000008b100000, 0x000000008b200000|  0%| F|  |TAMS 0x000000008b100000| PB 0x000000008b100000| Untracked 
| 138|0x000000008b200000, 0x000000008b300000, 0x000000008b300000|100%| E|  |TAMS 0x000000008b200000| PB 0x000000008b200000| Complete 
| 139|0x000000008b300000, 0x000000008b400000, 0x000000008b400000|100%| E|CS|TAMS 0x000000008b300000| PB 0x000000008b300000| Complete 
| 140|0x000000008b400000, 0x000000008b500000, 0x000000008b500000|100%| E|CS|TAMS 0x000000008b400000| PB 0x000000008b400000| Complete 
| 141|0x000000008b500000, 0x000000008b600000, 0x000000008b600000|100%| E|CS|TAMS 0x000000008b500000| PB 0x000000008b500000| Complete 
| 142|0x000000008b600000, 0x000000008b700000, 0x000000008b700000|100%| E|CS|TAMS 0x000000008b600000| PB 0x000000008b600000| Complete 
| 143|0x000000008b700000, 0x000000008b800000, 0x000000008b800000|100%| E|CS|TAMS 0x000000008b700000| PB 0x000000008b700000| Complete 
| 144|0x000000008b800000, 0x000000008b900000, 0x000000008b900000|100%| E|CS|TAMS 0x000000008b800000| PB 0x000000008b800000| Complete 
| 145|0x000000008b900000, 0x000000008ba00000, 0x000000008ba00000|100%| E|CS|TAMS 0x000000008b900000| PB 0x000000008b900000| Complete 
| 146|0x000000008ba00000, 0x000000008bb00000, 0x000000008bb00000|100%| E|CS|TAMS 0x000000008ba00000| PB 0x000000008ba00000| Complete 
| 147|0x000000008bb00000, 0x000000008bc00000, 0x000000008bc00000|100%| E|CS|TAMS 0x000000008bb00000| PB 0x000000008bb00000| Complete 
| 148|0x000000008bc00000, 0x000000008bd00000, 0x000000008bd00000|100%| E|CS|TAMS 0x000000008bc00000| PB 0x000000008bc00000| Complete 
| 149|0x000000008bd00000, 0x000000008be00000, 0x000000008be00000|100%| E|CS|TAMS 0x000000008bd00000| PB 0x000000008bd00000| Complete 
| 150|0x000000008be00000, 0x000000008bf00000, 0x000000008bf00000|100%| E|CS|TAMS 0x000000008be00000| PB 0x000000008be00000| Complete 
| 151|0x000000008bf00000, 0x000000008c000000, 0x000000008c000000|100%| E|CS|TAMS 0x000000008bf00000| PB 0x000000008bf00000| Complete 
| 152|0x000000008c000000, 0x000000008c100000, 0x000000008c100000|100%| E|CS|TAMS 0x000000008c000000| PB 0x000000008c000000| Complete 
| 153|0x000000008c100000, 0x000000008c200000, 0x000000008c200000|100%| E|CS|TAMS 0x000000008c100000| PB 0x000000008c100000| Complete 
| 154|0x000000008c200000, 0x000000008c300000, 0x000000008c300000|100%| E|CS|TAMS 0x000000008c200000| PB 0x000000008c200000| Complete 
| 155|0x000000008c300000, 0x000000008c400000, 0x000000008c400000|100%| E|CS|TAMS 0x000000008c300000| PB 0x000000008c300000| Complete 
| 156|0x000000008c400000, 0x000000008c500000, 0x000000008c500000|100%| E|CS|TAMS 0x000000008c400000| PB 0x000000008c400000| Complete 
| 157|0x000000008c500000, 0x000000008c600000, 0x000000008c600000|100%| E|CS|TAMS 0x000000008c500000| PB 0x000000008c500000| Complete 
| 158|0x000000008c600000, 0x000000008c700000, 0x000000008c700000|100%| E|CS|TAMS 0x000000008c600000| PB 0x000000008c600000| Complete 
| 159|0x000000008c700000, 0x000000008c800000, 0x000000008c800000|100%| E|CS|TAMS 0x000000008c700000| PB 0x000000008c700000| Complete 
| 160|0x000000008c800000, 0x000000008c900000, 0x000000008c900000|100%| E|CS|TAMS 0x000000008c800000| PB 0x000000008c800000| Complete 
| 161|0x000000008c900000, 0x000000008ca00000, 0x000000008ca00000|100%| E|CS|TAMS 0x000000008c900000| PB 0x000000008c900000| Complete 
| 162|0x000000008ca00000, 0x000000008cb00000, 0x000000008cb00000|100%| E|CS|TAMS 0x000000008ca00000| PB 0x000000008ca00000| Complete 
| 163|0x000000008cb00000, 0x000000008cc00000, 0x000000008cc00000|100%| E|CS|TAMS 0x000000008cb00000| PB 0x000000008cb00000| Complete 
| 164|0x000000008cc00000, 0x000000008cd00000, 0x000000008cd00000|100%| E|CS|TAMS 0x000000008cc00000| PB 0x000000008cc00000| Complete 
| 165|0x000000008cd00000, 0x000000008ce00000, 0x000000008ce00000|100%| E|CS|TAMS 0x000000008cd00000| PB 0x000000008cd00000| Complete 
| 166|0x000000008ce00000, 0x000000008cf00000, 0x000000008cf00000|100%| E|CS|TAMS 0x000000008ce00000| PB 0x000000008ce00000| Complete 
| 167|0x000000008cf00000, 0x000000008d000000, 0x000000008d000000|100%| E|CS|TAMS 0x000000008cf00000| PB 0x000000008cf00000| Complete 
| 168|0x000000008d000000, 0x000000008d100000, 0x000000008d100000|100%| E|CS|TAMS 0x000000008d000000| PB 0x000000008d000000| Complete 
| 169|0x000000008d100000, 0x000000008d200000, 0x000000008d200000|100%| E|CS|TAMS 0x000000008d100000| PB 0x000000008d100000| Complete 
| 170|0x000000008d200000, 0x000000008d300000, 0x000000008d300000|100%| E|CS|TAMS 0x000000008d200000| PB 0x000000008d200000| Complete 
| 171|0x000000008d300000, 0x000000008d400000, 0x000000008d400000|100%| E|CS|TAMS 0x000000008d300000| PB 0x000000008d300000| Complete 
| 172|0x000000008d400000, 0x000000008d500000, 0x000000008d500000|100%| E|CS|TAMS 0x000000008d400000| PB 0x000000008d400000| Complete 
| 173|0x000000008d500000, 0x000000008d600000, 0x000000008d600000|100%| E|CS|TAMS 0x000000008d500000| PB 0x000000008d500000| Complete 
| 174|0x000000008d600000, 0x000000008d700000, 0x000000008d700000|100%| E|CS|TAMS 0x000000008d600000| PB 0x000000008d600000| Complete 
| 175|0x000000008d700000, 0x000000008d800000, 0x000000008d800000|100%| E|CS|TAMS 0x000000008d700000| PB 0x000000008d700000| Complete 
| 176|0x000000008d800000, 0x000000008d900000, 0x000000008d900000|100%| E|CS|TAMS 0x000000008d800000| PB 0x000000008d800000| Complete 
| 177|0x000000008d900000, 0x000000008da00000, 0x000000008da00000|100%| E|CS|TAMS 0x000000008d900000| PB 0x000000008d900000| Complete 
| 178|0x000000008da00000, 0x000000008db00000, 0x000000008db00000|100%| E|CS|TAMS 0x000000008da00000| PB 0x000000008da00000| Complete 
| 179|0x000000008db00000, 0x000000008dc00000, 0x000000008dc00000|100%| E|CS|TAMS 0x000000008db00000| PB 0x000000008db00000| Complete 
| 180|0x000000008dc00000, 0x000000008dd00000, 0x000000008dd00000|100%| E|CS|TAMS 0x000000008dc00000| PB 0x000000008dc00000| Complete 
| 181|0x000000008dd00000, 0x000000008de00000, 0x000000008de00000|100%| E|CS|TAMS 0x000000008dd00000| PB 0x000000008dd00000| Complete 
| 182|0x000000008de00000, 0x000000008df00000, 0x000000008df00000|100%| E|CS|TAMS 0x000000008de00000| PB 0x000000008de00000| Complete 
| 183|0x000000008df00000, 0x000000008e000000, 0x000000008e000000|100%| E|CS|TAMS 0x000000008df00000| PB 0x000000008df00000| Complete 
| 184|0x000000008e000000, 0x000000008e100000, 0x000000008e100000|100%| E|CS|TAMS 0x000000008e000000| PB 0x000000008e000000| Complete 
| 185|0x000000008e100000, 0x000000008e200000, 0x000000008e200000|100%| E|CS|TAMS 0x000000008e100000| PB 0x000000008e100000| Complete 
| 186|0x000000008e200000, 0x000000008e300000, 0x000000008e300000|100%| E|CS|TAMS 0x000000008e200000| PB 0x000000008e200000| Complete 
| 187|0x000000008e300000, 0x000000008e400000, 0x000000008e400000|100%| E|CS|TAMS 0x000000008e300000| PB 0x000000008e300000| Complete 
| 188|0x000000008e400000, 0x000000008e500000, 0x000000008e500000|100%| E|CS|TAMS 0x000000008e400000| PB 0x000000008e400000| Complete 
| 189|0x000000008e500000, 0x000000008e600000, 0x000000008e600000|100%| E|CS|TAMS 0x000000008e500000| PB 0x000000008e500000| Complete 
| 190|0x000000008e600000, 0x000000008e700000, 0x000000008e700000|100%| E|CS|TAMS 0x000000008e600000| PB 0x000000008e600000| Complete 
| 191|0x000000008e700000, 0x000000008e800000, 0x000000008e800000|100%| E|CS|TAMS 0x000000008e700000| PB 0x000000008e700000| Complete 
| 192|0x000000008e800000, 0x000000008e900000, 0x000000008e900000|100%| E|CS|TAMS 0x000000008e800000| PB 0x000000008e800000| Complete 
| 193|0x000000008e900000, 0x000000008ea00000, 0x000000008ea00000|100%| E|CS|TAMS 0x000000008e900000| PB 0x000000008e900000| Complete 
| 194|0x000000008ea00000, 0x000000008eb00000, 0x000000008eb00000|100%| E|CS|TAMS 0x000000008ea00000| PB 0x000000008ea00000| Complete 
| 195|0x000000008eb00000, 0x000000008ec00000, 0x000000008ec00000|100%| E|CS|TAMS 0x000000008eb00000| PB 0x000000008eb00000| Complete 
| 196|0x000000008ec00000, 0x000000008ed00000, 0x000000008ed00000|100%| E|CS|TAMS 0x000000008ec00000| PB 0x000000008ec00000| Complete 
| 197|0x000000008ed00000, 0x000000008ee00000, 0x000000008ee00000|100%| E|CS|TAMS 0x000000008ed00000| PB 0x000000008ed00000| Complete 
| 198|0x000000008ee00000, 0x000000008ef00000, 0x000000008ef00000|100%| E|CS|TAMS 0x000000008ee00000| PB 0x000000008ee00000| Complete 
| 199|0x000000008ef00000, 0x000000008f000000, 0x000000008f000000|100%| E|CS|TAMS 0x000000008ef00000| PB 0x000000008ef00000| Complete 
| 200|0x000000008f000000, 0x000000008f100000, 0x000000008f100000|100%| E|CS|TAMS 0x000000008f000000| PB 0x000000008f000000| Complete 
| 201|0x000000008f100000, 0x000000008f200000, 0x000000008f200000|100%| E|CS|TAMS 0x000000008f100000| PB 0x000000008f100000| Complete 
| 202|0x000000008f200000, 0x000000008f300000, 0x000000008f300000|100%| E|CS|TAMS 0x000000008f200000| PB 0x000000008f200000| Complete 
| 203|0x000000008f300000, 0x000000008f400000, 0x000000008f400000|100%| E|CS|TAMS 0x000000008f300000| PB 0x000000008f300000| Complete 
| 204|0x000000008f400000, 0x000000008f500000, 0x000000008f500000|100%| E|CS|TAMS 0x000000008f400000| PB 0x000000008f400000| Complete 
| 205|0x000000008f500000, 0x000000008f600000, 0x000000008f600000|100%| E|CS|TAMS 0x000000008f500000| PB 0x000000008f500000| Complete 
| 206|0x000000008f600000, 0x000000008f700000, 0x000000008f700000|100%| E|CS|TAMS 0x000000008f600000| PB 0x000000008f600000| Complete 
| 207|0x000000008f700000, 0x000000008f800000, 0x000000008f800000|100%| E|CS|TAMS 0x000000008f700000| PB 0x000000008f700000| Complete 

Card table byte_map: [0x00000259cb2d0000,0x00000259cb6c0000] _byte_map_base: 0x00000259caebc000

Marking Bits: (CMBitMap*) 0x00000259b37966d0
 Bits: [0x00000259cb6c0000, 0x00000259cd620000)

Polling page: 0x00000259b1920000

Metaspace:

Usage:
  Non-class:     27.32 MB used.
      Class:      3.35 MB used.
       Both:     30.67 MB used.

Virtual space:
  Non-class space:       64.00 MB reserved,      27.56 MB ( 43%) committed,  1 nodes.
      Class space:        1.00 GB reserved,       3.56 MB ( <1%) committed,  1 nodes.
             Both:        1.06 GB reserved,      31.12 MB (  3%) committed. 

Chunk freelists:
   Non-Class:  4.22 MB
       Class:  12.41 MB
        Both:  16.63 MB

MaxMetaspaceSize: unlimited
CompressedClassSpaceSize: 1.00 GB
Initial GC threshold: 21.00 MB
Current GC threshold: 46.19 MB
CDS: on
 - commit_granule_bytes: 65536.
 - commit_granule_words: 8192.
 - virtual_space_node_default_size: 8388608.
 - enlarge_chunks_in_place: 1.
 - use_allocation_guard: 0.


Internal statistics:

num_allocs_failed_limit: 3.
num_arena_births: 504.
num_arena_deaths: 0.
num_vsnodes_births: 2.
num_vsnodes_deaths: 0.
num_space_committed: 498.
num_space_uncommitted: 0.
num_chunks_returned_to_freelist: 3.
num_chunks_taken_from_freelist: 1695.
num_chunk_merges: 0.
num_chunk_splits: 1167.
num_chunks_enlarged: 879.
num_inconsistent_stats: 0.

CodeHeap 'non-profiled nmethods': size=120000Kb used=5321Kb max_used=5321Kb free=114678Kb
 bounds [0x00000259c3680000, 0x00000259c3bc0000, 0x00000259cabb0000]
CodeHeap 'profiled nmethods': size=120000Kb used=19155Kb max_used=19155Kb free=100845Kb
 bounds [0x00000259bbbb0000, 0x00000259bce70000, 0x00000259c30e0000]
CodeHeap 'non-nmethods': size=5760Kb used=1460Kb max_used=1551Kb free=4299Kb
 bounds [0x00000259c30e0000, 0x00000259c3350000, 0x00000259c3680000]
 total_blobs=8589 nmethods=8046 adapters=447
 compilation: enabled
              stopped_count=0, restarted_count=0
 full_count=0

Compilation events (20 events):
Event: 149.748 Thread 0x00000259d006ac20 9002       3       java.lang.invoke.LambdaForm$MH/0x00000259d238cc00::invoke (63 bytes)
Event: 149.750 Thread 0x00000259d006ac20 nmethod 9002 0x00000259bce5b590 code [0x00000259bce5b840, 0x00000259bce5c7b8]
Event: 149.758 Thread 0x00000259d006ac20 9003       2       java.lang.invoke.LambdaForm$MH/0x00000259d2393000::invoke (43 bytes)
Event: 149.759 Thread 0x00000259d006ac20 nmethod 9003 0x00000259bce5cb90 code [0x00000259bce5cd60, 0x00000259bce5cfb0]
Event: 149.759 Thread 0x00000259d006ac20 9004       2       java.lang.invoke.LambdaForm$MH/0x00000259d2393400::invoke (85 bytes)
Event: 149.760 Thread 0x00000259d006ac20 nmethod 9004 0x00000259bce5d110 code [0x00000259bce5d320, 0x00000259bce5d7a8]
Event: 149.760 Thread 0x00000259d006ac20 9005       2       java.lang.invoke.LambdaForm$MH/0x00000259d2393800::invoke (43 bytes)
Event: 149.760 Thread 0x00000259d006ac20 nmethod 9005 0x00000259bce5da90 code [0x00000259bce5dc60, 0x00000259bce5deb0]
Event: 149.763 Thread 0x00000259d006ac20 9006       2       lombok.javac.JavacNode::getElement (65 bytes)
Event: 149.763 Thread 0x00000259d006ac20 nmethod 9006 0x00000259bce5e010 code [0x00000259bce5e1e0, 0x00000259bce5e518]
Event: 149.788 Thread 0x00000259d006ac20 9008       2       lombok.javac.handlers.JavacHandlerUtil::addFinalIfNeeded (23 bytes)
Event: 149.788 Thread 0x00000259d006ac20 nmethod 9008 0x00000259bce5e690 code [0x00000259bce5e840, 0x00000259bce5e978]
Event: 149.788 Thread 0x00000259d006ac20 9009       2       lombok.javac.JavacTreeMaker::Exec (19 bytes)
Event: 149.789 Thread 0x00000259d006ac20 nmethod 9009 0x00000259bce5ea90 code [0x00000259bce5ec40, 0x00000259bce5ef18]
Event: 149.795 Thread 0x00000259d006ac20 9010       2       java.util.regex.CharPredicates$$Lambda/0x800000027::is (5 bytes)
Event: 149.796 Thread 0x00000259d006ac20 nmethod 9010 0x00000259bce5f090 code [0x00000259bce5f220, 0x00000259bce5f3c0]
Event: 149.823 Thread 0x00000259d006ac20 9012       2       lombok.javac.handlers.JavacHandlerUtil::upToTypeNode (39 bytes)
Event: 149.824 Thread 0x00000259d006ac20 nmethod 9012 0x00000259bce5f510 code [0x00000259bce5f6e0, 0x00000259bce5fa10]
Event: 149.837 Thread 0x00000259d006ac20 9013   !   3       lombok.permit.Permit::invokeSneaky (74 bytes)
Event: 149.997 Thread 0x00000259d006ac20 nmethod 9013 0x00000259bce5fc10 code [0x00000259bce5ff20, 0x00000259bce60d40]

GC Heap History (20 events):
Event: 125.257 GC heap before
{Heap before GC invocations=5 (full 0):
 garbage-first heap   total 129024K, used 33265K [0x0000000082800000, 0x0000000100000000)
  region size 1024K, 11 young (11264K), 10 survivors (10240K)
 Metaspace       used 21026K, committed 21312K, reserved 1114112K
  class space    used 2349K, committed 2496K, reserved 1048576K
}
Event: 125.408 GC heap after
{Heap after GC invocations=6 (full 0):
 garbage-first heap   total 129024K, used 34304K [0x0000000082800000, 0x0000000100000000)
  region size 1024K, 2 young (2048K), 2 survivors (2048K)
 Metaspace       used 21026K, committed 21312K, reserved 1114112K
  class space    used 2349K, committed 2496K, reserved 1048576K
}
Event: 125.553 GC heap before
{Heap before GC invocations=6 (full 0):
 garbage-first heap   total 129024K, used 34304K [0x0000000082800000, 0x0000000100000000)
  region size 1024K, 3 young (3072K), 2 survivors (2048K)
 Metaspace       used 21147K, committed 21504K, reserved 1114112K
  class space    used 2354K, committed 2496K, reserved 1048576K
}
Event: 125.569 GC heap after
{Heap after GC invocations=7 (full 0):
 garbage-first heap   total 129024K, used 33251K [0x0000000082800000, 0x0000000100000000)
  region size 1024K, 1 young (1024K), 1 survivors (1024K)
 Metaspace       used 21147K, committed 21504K, reserved 1114112K
  class space    used 2354K, committed 2496K, reserved 1048576K
}
Event: 133.364 GC heap before
{Heap before GC invocations=8 (full 0):
 garbage-first heap   total 106496K, used 75235K [0x0000000082800000, 0x0000000100000000)
  region size 1024K, 45 young (46080K), 1 survivors (1024K)
 Metaspace       used 26754K, committed 27200K, reserved 1114112K
  class space    used 2983K, committed 3200K, reserved 1048576K
}
Event: 133.413 GC heap after
{Heap after GC invocations=9 (full 0):
 garbage-first heap   total 106496K, used 41780K [0x0000000082800000, 0x0000000100000000)
  region size 1024K, 6 young (6144K), 6 survivors (6144K)
 Metaspace       used 26754K, committed 27200K, reserved 1114112K
  class space    used 2983K, committed 3200K, reserved 1048576K
}
Event: 135.079 GC heap before
{Heap before GC invocations=9 (full 0):
 garbage-first heap   total 106496K, used 61236K [0x0000000082800000, 0x0000000100000000)
  region size 1024K, 24 young (24576K), 6 survivors (6144K)
 Metaspace       used 27090K, committed 27456K, reserved 1114112K
  class space    used 3018K, committed 3200K, reserved 1048576K
}
Event: 135.111 GC heap after
{Heap after GC invocations=10 (full 0):
 garbage-first heap   total 106496K, used 47104K [0x0000000082800000, 0x0000000100000000)
  region size 1024K, 3 young (3072K), 3 survivors (3072K)
 Metaspace       used 27090K, committed 27456K, reserved 1114112K
  class space    used 3018K, committed 3200K, reserved 1048576K
}
Event: 138.145 GC heap before
{Heap before GC invocations=10 (full 0):
 garbage-first heap   total 106496K, used 84992K [0x0000000082800000, 0x0000000100000000)
  region size 1024K, 40 young (40960K), 3 survivors (3072K)
 Metaspace       used 27670K, committed 28032K, reserved 1114112K
  class space    used 3078K, committed 3264K, reserved 1048576K
}
Event: 138.179 GC heap after
{Heap after GC invocations=11 (full 0):
 garbage-first heap   total 106496K, used 57856K [0x0000000082800000, 0x0000000100000000)
  region size 1024K, 5 young (5120K), 5 survivors (5120K)
 Metaspace       used 27670K, committed 28032K, reserved 1114112K
  class space    used 3078K, committed 3264K, reserved 1048576K
}
Event: 139.478 GC heap before
{Heap before GC invocations=11 (full 0):
 garbage-first heap   total 106496K, used 87552K [0x0000000082800000, 0x0000000100000000)
  region size 1024K, 34 young (34816K), 5 survivors (5120K)
 Metaspace       used 28012K, committed 28352K, reserved 1114112K
  class space    used 3089K, committed 3264K, reserved 1048576K
}
Event: 139.517 GC heap after
{Heap after GC invocations=12 (full 0):
 garbage-first heap   total 212992K, used 62976K [0x0000000082800000, 0x0000000100000000)
  region size 1024K, 5 young (5120K), 5 survivors (5120K)
 Metaspace       used 28012K, committed 28352K, reserved 1114112K
  class space    used 3089K, committed 3264K, reserved 1048576K
}
Event: 140.847 GC heap before
{Heap before GC invocations=13 (full 0):
 garbage-first heap   total 212992K, used 107008K [0x0000000082800000, 0x0000000100000000)
  region size 1024K, 48 young (49152K), 5 survivors (5120K)
 Metaspace       used 28134K, committed 28480K, reserved 1114112K
  class space    used 3092K, committed 3264K, reserved 1048576K
}
Event: 140.865 GC heap after
{Heap after GC invocations=14 (full 0):
 garbage-first heap   total 212992K, used 68397K [0x0000000082800000, 0x0000000100000000)
  region size 1024K, 5 young (5120K), 5 survivors (5120K)
 Metaspace       used 28134K, committed 28480K, reserved 1114112K
  class space    used 3092K, committed 3264K, reserved 1048576K
}
Event: 142.073 GC heap before
{Heap before GC invocations=14 (full 0):
 garbage-first heap   total 212992K, used 122669K [0x0000000082800000, 0x0000000100000000)
  region size 1024K, 58 young (59392K), 5 survivors (5120K)
 Metaspace       used 28803K, committed 29184K, reserved 1114112K
  class space    used 3129K, committed 3328K, reserved 1048576K
}
Event: 142.099 GC heap after
{Heap after GC invocations=15 (full 0):
 garbage-first heap   total 212992K, used 71546K [0x0000000082800000, 0x0000000100000000)
  region size 1024K, 4 young (4096K), 4 survivors (4096K)
 Metaspace       used 28803K, committed 29184K, reserved 1114112K
  class space    used 3129K, committed 3328K, reserved 1048576K
}
Event: 144.163 GC heap before
{Heap before GC invocations=15 (full 0):
 garbage-first heap   total 212992K, used 129914K [0x0000000082800000, 0x0000000100000000)
  region size 1024K, 62 young (63488K), 4 survivors (4096K)
 Metaspace       used 30658K, committed 31040K, reserved 1114112K
  class space    used 3329K, committed 3520K, reserved 1048576K
}
Event: 144.187 GC heap after
{Heap after GC invocations=16 (full 0):
 garbage-first heap   total 212992K, used 74451K [0x0000000082800000, 0x0000000100000000)
  region size 1024K, 7 young (7168K), 7 survivors (7168K)
 Metaspace       used 30658K, committed 31040K, reserved 1114112K
  class space    used 3329K, committed 3520K, reserved 1048576K
}
Event: 145.496 GC heap before
{Heap before GC invocations=16 (full 0):
 garbage-first heap   total 212992K, used 158419K [0x0000000082800000, 0x0000000100000000)
  region size 1024K, 89 young (91136K), 7 survivors (7168K)
 Metaspace       used 31216K, committed 31680K, reserved 1114112K
  class space    used 3411K, committed 3648K, reserved 1048576K
}
Event: 145.510 GC heap after
{Heap after GC invocations=17 (full 0):
 garbage-first heap   total 212992K, used 75521K [0x0000000082800000, 0x0000000100000000)
  region size 1024K, 4 young (4096K), 4 survivors (4096K)
 Metaspace       used 31216K, committed 31680K, reserved 1114112K
  class space    used 3411K, committed 3648K, reserved 1048576K
}

Dll operation events (8 events):
Event: 0.038 Loaded shared library C:\java\jdk-21\bin\java.dll
Event: 0.108 Loaded shared library C:\java\jdk-21\bin\jsvml.dll
Event: 0.150 Loaded shared library C:\java\jdk-21\bin\net.dll
Event: 0.155 Loaded shared library C:\java\jdk-21\bin\nio.dll
Event: 0.191 Loaded shared library C:\java\jdk-21\bin\zip.dll
Event: 10.481 Loaded shared library C:\java\jdk-21\bin\jimage.dll
Event: 10.506 Loaded shared library C:\apache-maven-3.9.8\lib\jansi-native\Windows\x86_64\jansi.dll
Event: 10.741 Loaded shared library C:\java\jdk-21\bin\verify.dll

Deoptimization events (20 events):
Event: 148.581 Thread 0x00000259b1566720 Uncommon trap: trap_request=0xffffff45 fr.pc=0x00000259c3aa5d84 relative=0x00000000000003a4
Event: 148.581 Thread 0x00000259b1566720 Uncommon trap: reason=unstable_if action=reinterpret pc=0x00000259c3aa5d84 method=java.util.regex.Pattern$BmpCharPropertyGreedy.match(Ljava/util/regex/Matcher;ILjava/lang/CharSequence;)Z @ 73 c2
Event: 148.581 Thread 0x00000259b1566720 DEOPT PACKING pc=0x00000259c3aa5d84 sp=0x000000aa143fcb20
Event: 148.581 Thread 0x00000259b1566720 DEOPT UNPACKING pc=0x00000259c31346a2 sp=0x000000aa143fcac0 mode 2
Event: 148.581 Thread 0x00000259b1566720 Uncommon trap: trap_request=0xffffff45 fr.pc=0x00000259c3aa5d84 relative=0x00000000000003a4
Event: 148.581 Thread 0x00000259b1566720 Uncommon trap: reason=unstable_if action=reinterpret pc=0x00000259c3aa5d84 method=java.util.regex.Pattern$BmpCharPropertyGreedy.match(Ljava/util/regex/Matcher;ILjava/lang/CharSequence;)Z @ 73 c2
Event: 148.581 Thread 0x00000259b1566720 DEOPT PACKING pc=0x00000259c3aa5d84 sp=0x000000aa143fcb80
Event: 148.581 Thread 0x00000259b1566720 DEOPT UNPACKING pc=0x00000259c31346a2 sp=0x000000aa143fcb40 mode 2
Event: 148.628 Thread 0x00000259b1566720 Uncommon trap: trap_request=0x000002bc fr.pc=0x00000259c3ad6e4c relative=0x0000000000001b0c
Event: 148.628 Thread 0x00000259b1566720 Uncommon trap: reason=unloaded action=reinterpret pc=0x00000259c3ad6e4c method=java.util.regex.Pattern.escape(ZZZ)I @ 1287 c2
Event: 148.629 Thread 0x00000259b1566720 DEOPT PACKING pc=0x00000259c3ad6e4c sp=0x000000aa143fc720
Event: 148.629 Thread 0x00000259b1566720 DEOPT UNPACKING pc=0x00000259c31346a2 sp=0x000000aa143fc6d8 mode 2
Event: 148.753 Thread 0x00000259b1566720 DEOPT PACKING pc=0x00000259bcce7e4d sp=0x000000aa143fd110
Event: 148.753 Thread 0x00000259b1566720 DEOPT UNPACKING pc=0x00000259c3134e42 sp=0x000000aa143fc5c8 mode 0
Event: 149.221 Thread 0x00000259b1566720 DEOPT PACKING pc=0x00000259bc4e6023 sp=0x000000aa143fca30
Event: 149.221 Thread 0x00000259b1566720 DEOPT UNPACKING pc=0x00000259c3134e42 sp=0x000000aa143fbf68 mode 0
Event: 149.236 Thread 0x00000259b1566720 DEOPT PACKING pc=0x00000259bcd15eb3 sp=0x000000aa143fd4f0
Event: 149.236 Thread 0x00000259b1566720 DEOPT UNPACKING pc=0x00000259c3134e42 sp=0x000000aa143fc9c8 mode 0
Event: 149.255 Thread 0x00000259b1566720 DEOPT PACKING pc=0x00000259bc20a46f sp=0x000000aa143fd680
Event: 149.255 Thread 0x00000259b1566720 DEOPT UNPACKING pc=0x00000259c3134e42 sp=0x000000aa143fcb60 mode 0

Classes loaded (20 events):
Event: 143.561 Loading class java/util/Collections$UnmodifiableSortedSet
Event: 143.562 Loading class java/util/Collections$UnmodifiableSortedSet done
Event: 143.598 Loading class java/util/IdentityHashMap$EntrySet
Event: 143.599 Loading class java/util/IdentityHashMap$EntrySet done
Event: 143.600 Loading class java/util/IdentityHashMap$EntryIterator
Event: 143.600 Loading class java/util/IdentityHashMap$EntryIterator done
Event: 143.600 Loading class java/util/IdentityHashMap$EntryIterator$Entry
Event: 143.600 Loading class java/util/IdentityHashMap$EntryIterator$Entry done
Event: 143.621 Loading class java/util/function/UnaryOperator
Event: 143.621 Loading class java/util/function/UnaryOperator done
Event: 143.643 Loading class java/util/regex/Pattern$Caret
Event: 143.643 Loading class java/util/regex/Pattern$Caret done
Event: 145.069 Loading class java/util/regex/Pattern$SliceI
Event: 145.069 Loading class java/util/regex/Pattern$SliceI done
Event: 145.072 Loading class java/util/regex/Pattern$Loop
Event: 145.073 Loading class java/util/regex/Pattern$Loop done
Event: 145.073 Loading class java/util/regex/Pattern$Prolog
Event: 145.073 Loading class java/util/regex/Pattern$Prolog done
Event: 148.628 Loading class java/util/regex/Pattern$End
Event: 148.629 Loading class java/util/regex/Pattern$End done

Classes unloaded (0 events):
No events

Classes redefined (0 events):
No events

Internal exceptions (20 events):
Event: 141.297 Thread 0x00000259b1566720 Exception <a 'sun/nio/fs/WindowsException'{0x000000008e4473d0}> (0x000000008e4473d0) 
thrown [s\open\src\hotspot\share\prims\jni.cpp, line 520]
Event: 142.209 Thread 0x00000259b1566720 Implicit null exception at 0x00000259c37cad00 to 0x00000259c37cb1c0
Event: 142.273 Thread 0x00000259b1566720 Implicit null exception at 0x00000259c3885620 to 0x00000259c388581c
Event: 145.118 Thread 0x00000259b1566720 Exception <a 'java/lang/NoSuchMethodError'{0x000000008aff83a0}: 'void java.lang.invoke.DirectMethodHandle$Holder.invokeInterface(java.lang.Object, java.lang.Object, java.lang.Object, int)'> (0x000000008aff83a0) 
thrown [s\open\src\hotspot\share\interpreter\linkResolver.cpp, line 773]
Event: 145.120 Thread 0x00000259b1566720 Exception <a 'java/lang/NoSuchMethodError'{0x000000008afffa18}: 'void java.lang.invoke.DelegatingMethodHandle$Holder.reinvoke_L(java.lang.Object, java.lang.Object, java.lang.Object, int)'> (0x000000008afffa18) 
thrown [s\open\src\hotspot\share\interpreter\linkResolver.cpp, line 773]
Event: 145.123 Thread 0x00000259b1566720 Exception <a 'java/lang/NoSuchMethodError'{0x000000008ae185c8}: 'java.lang.Object java.lang.invoke.DirectMethodHandle$Holder.invokeSpecial(java.lang.Object, java.lang.Object, java.lang.Object, long, java.lang.Object)'> (0x000000008ae185c8) 
thrown [s\open\src\hotspot\share\interpreter\linkResolver.cpp, line 773]
Event: 145.124 Thread 0x00000259b1566720 Exception <a 'java/lang/NoSuchMethodError'{0x000000008ae1c288}: 'java.lang.Object java.lang.invoke.DelegatingMethodHandle$Holder.reinvoke_L(java.lang.Object, java.lang.Object, long, java.lang.Object)'> (0x000000008ae1c288) 
thrown [s\open\src\hotspot\share\interpreter\linkResolver.cpp, line 773]
Event: 145.126 Thread 0x00000259b1566720 Exception <a 'java/lang/NoSuchMethodError'{0x000000008ae2d330}: 'java.lang.Object java.lang.invoke.DirectMethodHandle$Holder.invokeVirtual(java.lang.Object, java.lang.Object, java.lang.Object, java.lang.Object, java.lang.Object, java.lang.Object)'> (0x000000008ae2d330) 
thrown [s\open\src\hotspot\share\interpreter\linkResolver.cpp, line 773]
Event: 145.130 Thread 0x00000259b1566720 Exception <a 'java/lang/NoSuchMethodError'{0x000000008ae40270}: 'java.lang.Object java.lang.invoke.DirectMethodHandle$Holder.invokeStatic(java.lang.Object, java.lang.Object, int)'> (0x000000008ae40270) 
thrown [s\open\src\hotspot\share\interpreter\linkResolver.cpp, line 773]
Event: 145.131 Thread 0x00000259b1566720 Exception <a 'java/lang/NoSuchMethodError'{0x000000008ae446e0}: 'void java.lang.invoke.DirectMethodHandle$Holder.invokeStatic(java.lang.Object, java.lang.Object, int, java.lang.Object)'> (0x000000008ae446e0) 
thrown [s\open\src\hotspot\share\interpreter\linkResolver.cpp, line 773]
Event: 145.132 Thread 0x00000259b1566720 Exception <a 'java/lang/NoSuchMethodError'{0x000000008ae4b978}: 'void java.lang.invoke.DelegatingMethodHandle$Holder.delegate(java.lang.Object, java.lang.Object, int, java.lang.Object)'> (0x000000008ae4b978) 
thrown [s\open\src\hotspot\share\interpreter\linkResolver.cpp, line 773]
Event: 145.135 Thread 0x00000259b1566720 Exception <a 'java/lang/NoSuchMethodError'{0x000000008ae5b890}: 'java.lang.Object java.lang.invoke.DirectMethodHandle$Holder.invokeVirtual(java.lang.Object, java.lang.Object, java.lang.Object, java.lang.Object)'> (0x000000008ae5b890) 
thrown [s\open\src\hotspot\share\interpreter\linkResolver.cpp, line 773]
Event: 145.143 Thread 0x00000259b1566720 Exception <a 'java/lang/NoSuchMethodError'{0x000000008aea07b8}: 'java.lang.Object java.lang.invoke.DirectMethodHandle$Holder.invokeVirtual(java.lang.Object, java.lang.Object, java.lang.Object, java.lang.Object, java.lang.Object, java.lang.Object, java.lang.Object, java.lang.Object, java.lang.Object, java.lang.Object)'> (0x000000008aea07b8) 
thrown [s\open\src\hotspot\share\interpreter\linkResolver.cpp, line 773]
Event: 145.186 Thread 0x00000259b1566720 Exception <a 'java/lang/NoSuchMethodError'{0x000000008ad75d00}: 'void java.lang.invoke.DirectMethodHandle$Holder.invokeVirtual(java.lang.Object, java.lang.Object, java.lang.Object, java.lang.Object)'> (0x000000008ad75d00) 
thrown [s\open\src\hotspot\share\interpreter\linkResolver.cpp, line 773]
Event: 145.193 Thread 0x00000259b1566720 Exception <a 'java/lang/NoSuchMethodError'{0x000000008ada0b88}: 'java.lang.Object java.lang.invoke.DirectMethodHandle$Holder.invokeVirtual(java.lang.Object, java.lang.Object, long)'> (0x000000008ada0b88) 
thrown [s\open\src\hotspot\share\interpreter\linkResolver.cpp, line 773]
Event: 145.195 Thread 0x00000259b1566720 Exception <a 'java/lang/NoSuchMethodError'{0x000000008adae210}: 'java.lang.Object java.lang.invoke.DirectMethodHandle$Holder.invokeVirtual(java.lang.Object, java.lang.Object, java.lang.Object, java.lang.Object, java.lang.Object, java.lang.Object, java.lang.Object, java.lang.Object)'> (0x000000008adae210) 
thrown [s\open\src\hotspot\share\interpreter\linkResolver.cpp, line 773]
Event: 145.203 Thread 0x00000259b1566720 Implicit null exception at 0x00000259c38ea500 to 0x00000259c38ea67c
Event: 145.303 Thread 0x00000259b1566720 Exception <a 'java/lang/NoSuchMethodError'{0x000000008a9647c8}: 'java.lang.Object java.lang.invoke.DirectMethodHandle$Holder.invokeVirtual(java.lang.Object, java.lang.Object, java.lang.Object, java.lang.Object, java.lang.Object, java.lang.Object, java.lang.Object)'> (0x000000008a9647c8) 
thrown [s\open\src\hotspot\share\interpreter\linkResolver.cpp, line 773]
Event: 145.312 Thread 0x00000259b1566720 Exception <a 'java/lang/NoSuchMethodError'{0x000000008a9bb018}: 'java.lang.Object java.lang.invoke.DirectMethodHandle$Holder.invokeVirtual(java.lang.Object, java.lang.Object, java.lang.Object, java.lang.Object, java.lang.Object)'> (0x000000008a9bb018) 
thrown [s\open\src\hotspot\share\interpreter\linkResolver.cpp, line 773]
Event: 147.077 Thread 0x00000259b1566720 Implicit null exception at 0x00000259c36af625 to 0x00000259c36afdb5

ZGC Phase Switch (0 events):
No events

VM Operations (20 events):
Event: 143.111 Executing VM operation: Cleanup
Event: 143.111 Executing VM operation: Cleanup done
Event: 144.116 Executing VM operation: Cleanup
Event: 144.117 Executing VM operation: Cleanup done
Event: 144.163 Executing VM operation: G1CollectForAllocation (G1 Evacuation Pause)
Event: 144.187 Executing VM operation: G1CollectForAllocation (G1 Evacuation Pause) done
Event: 145.197 Executing VM operation: Cleanup
Event: 145.197 Executing VM operation: Cleanup done
Event: 145.258 Executing VM operation: HandshakeAllThreads (Deoptimize)
Event: 145.258 Executing VM operation: HandshakeAllThreads (Deoptimize) done
Event: 145.496 Executing VM operation: G1CollectForAllocation (G1 Evacuation Pause)
Event: 145.510 Executing VM operation: G1CollectForAllocation (G1 Evacuation Pause) done
Event: 146.517 Executing VM operation: Cleanup
Event: 146.517 Executing VM operation: Cleanup done
Event: 147.522 Executing VM operation: Cleanup
Event: 147.539 Executing VM operation: Cleanup done
Event: 148.543 Executing VM operation: Cleanup
Event: 148.559 Executing VM operation: Cleanup done
Event: 149.564 Executing VM operation: Cleanup
Event: 149.582 Executing VM operation: Cleanup done

Events (20 events):
Event: 139.654 Thread 0x00000259d0028ec0 flushing nmethod 0x00000259c36c7510
Event: 139.654 Thread 0x00000259d0028ec0 flushing nmethod 0x00000259c36c1d90
Event: 139.654 Thread 0x00000259d0028ec0 flushing nmethod 0x00000259c36c0390
Event: 139.654 Thread 0x00000259d0028ec0 flushing nmethod 0x00000259c36b6290
Event: 139.654 Thread 0x00000259d0028ec0 flushing nmethod 0x00000259c36be390
Event: 139.654 Thread 0x00000259d0028ec0 flushing nmethod 0x00000259c36b1e10
Event: 139.654 Thread 0x00000259d0028ec0 flushing nmethod 0x00000259c36af010
Event: 139.654 Thread 0x00000259d0028ec0 flushing nmethod 0x00000259c36ad390
Event: 139.654 Thread 0x00000259d0028ec0 flushing nmethod 0x00000259c36a8c10
Event: 139.654 Thread 0x00000259d0028ec0 flushing nmethod 0x00000259c36a5f10
Event: 139.654 Thread 0x00000259d0028ec0 flushing nmethod 0x00000259c36a5190
Event: 139.654 Thread 0x00000259d0028ec0 flushing nmethod 0x00000259c369e210
Event: 139.654 Thread 0x00000259d0028ec0 flushing nmethod 0x00000259c3694890
Event: 139.654 Thread 0x00000259d0028ec0 flushing nmethod 0x00000259c3693910
Event: 139.654 Thread 0x00000259d0028ec0 flushing nmethod 0x00000259c3689f90
Event: 139.654 Thread 0x00000259d0028ec0 flushing nmethod 0x00000259c3690910
Event: 139.654 Thread 0x00000259d0028ec0 flushing nmethod 0x00000259c368b590
Event: 139.654 Thread 0x00000259d0028ec0 flushing nmethod 0x00000259c368ab10
Event: 139.654 Thread 0x00000259d0028ec0 flushing nmethod 0x00000259c3685310
Event: 139.654 Thread 0x00000259d0028ec0 flushing nmethod 0x00000259c3680010


Dynamic libraries:
0x00007ff6328b0000 - 0x00007ff6328c0000 	C:\java\jdk-21\bin\java.exe
0x00007ffd525e0000 - 0x00007ffd52847000 	C:\WINDOWS\SYSTEM32\ntdll.dll
0x00007ffd507e0000 - 0x00007ffd508a9000 	C:\WINDOWS\System32\KERNEL32.DLL
0x00007ffd4f0e0000 - 0x00007ffd4f4d4000 	C:\WINDOWS\System32\KERNELBASE.dll
0x00007ffd4fe80000 - 0x00007ffd4ffcb000 	C:\WINDOWS\System32\ucrtbase.dll
0x00007ffd4a030000 - 0x00007ffd4a049000 	C:\java\jdk-21\bin\jli.dll
0x00007ffd50a60000 - 0x00007ffd50b16000 	C:\WINDOWS\System32\ADVAPI32.dll
0x00007ffd51b90000 - 0x00007ffd51c39000 	C:\WINDOWS\System32\msvcrt.dll
0x00007ffd50580000 - 0x00007ffd50627000 	C:\WINDOWS\System32\sechost.dll
0x00007ffd51990000 - 0x00007ffd51aa8000 	C:\WINDOWS\System32\RPCRT4.dll
0x00007ffd49f20000 - 0x00007ffd49f3b000 	C:\java\jdk-21\bin\VCRUNTIME140.dll
0x00007ffd522c0000 - 0x00007ffd52485000 	C:\WINDOWS\System32\USER32.dll
0x00007ffd37ba0000 - 0x00007ffd37e33000 	C:\WINDOWS\WinSxS\amd64_microsoft.windows.common-controls_6595b64144ccf1df_6.0.26100.8115_none_3e075c82e3354f9c\COMCTL32.dll
0x00007ffd4ffd0000 - 0x00007ffd4fff7000 	C:\WINDOWS\System32\win32u.dll
0x00007ffd508b0000 - 0x00007ffd508db000 	C:\WINDOWS\System32\GDI32.dll
0x00007ffd4fd50000 - 0x00007ffd4fe7b000 	C:\WINDOWS\System32\gdi32full.dll
0x00007ffd50000000 - 0x00007ffd500a3000 	C:\WINDOWS\System32\msvcp_win.dll
0x00007ffd420e0000 - 0x00007ffd420eb000 	C:\WINDOWS\SYSTEM32\VERSION.dll
0x00007ffd50750000 - 0x00007ffd50782000 	C:\WINDOWS\System32\IMM32.DLL
0x00007ffd479b0000 - 0x00007ffd479bc000 	C:\java\jdk-21\bin\vcruntime140_1.dll
0x00007ffd20950000 - 0x00007ffd209de000 	C:\java\jdk-21\bin\msvcp140.dll
0x00007ffce0f20000 - 0x00007ffce1c2d000 	C:\java\jdk-21\bin\server\jvm.dll
0x00007ffd51380000 - 0x00007ffd51400000 	C:\WINDOWS\System32\WS2_32.dll
0x00007ffd4ed10000 - 0x00007ffd4ed6e000 	C:\WINDOWS\SYSTEM32\POWRPROF.dll
0x00007ffd1c2d0000 - 0x00007ffd1c306000 	C:\WINDOWS\SYSTEM32\WINMM.dll
0x00007ffd4ecf0000 - 0x00007ffd4ed04000 	C:\WINDOWS\SYSTEM32\UMPDC.dll
0x00007ffd4dc00000 - 0x00007ffd4dc1b000 	C:\WINDOWS\SYSTEM32\kernel.appcore.dll
0x00007ffd45b20000 - 0x00007ffd45b2a000 	C:\java\jdk-21\bin\jimage.dll
0x00007ffd4cd20000 - 0x00007ffd4cf62000 	C:\WINDOWS\SYSTEM32\DBGHELP.DLL
0x00007ffd51580000 - 0x00007ffd51902000 	C:\WINDOWS\System32\combase.dll
0x00007ffd50b30000 - 0x00007ffd50c08000 	C:\WINDOWS\System32\OLEAUT32.dll
0x00007ffd32c70000 - 0x00007ffd32cab000 	C:\WINDOWS\SYSTEM32\dbgcore.DLL
0x00007ffd4f030000 - 0x00007ffd4f0d5000 	C:\WINDOWS\System32\bcryptPrimitives.dll
0x00007ffd45880000 - 0x00007ffd4589f000 	C:\java\jdk-21\bin\java.dll
0x00007ffd50c10000 - 0x00007ffd51377000 	C:\WINDOWS\System32\SHELL32.dll
0x00007ffd50140000 - 0x00007ffd502aa000 	C:\WINDOWS\System32\wintypes.dll
0x00007ffd4f4e0000 - 0x00007ffd4fd48000 	C:\WINDOWS\System32\windows.storage.dll
0x00007ffd524a0000 - 0x00007ffd52598000 	C:\WINDOWS\System32\SHCORE.dll
0x00007ffd50370000 - 0x00007ffd503d6000 	C:\WINDOWS\System32\shlwapi.dll
0x00007ffd4edd0000 - 0x00007ffd4edf9000 	C:\WINDOWS\SYSTEM32\profapi.dll
0x00007ffd20800000 - 0x00007ffd208d7000 	C:\java\jdk-21\bin\jsvml.dll
0x00007ffd45870000 - 0x00007ffd45880000 	C:\java\jdk-21\bin\net.dll
0x00007ffd41960000 - 0x00007ffd41a8d000 	C:\WINDOWS\SYSTEM32\WINHTTP.dll
0x00007ffd4e150000 - 0x00007ffd4e1bc000 	C:\WINDOWS\system32\mswsock.dll
0x00007ffd3fcf0000 - 0x00007ffd3fd06000 	C:\java\jdk-21\bin\nio.dll
0x00007ffd3c3f0000 - 0x00007ffd3c408000 	C:\java\jdk-21\bin\zip.dll
0x00007ffd20770000 - 0x00007ffd20794000 	C:\apache-maven-3.9.8\lib\jansi-native\Windows\x86_64\jansi.dll
0x00007ffd45860000 - 0x00007ffd45870000 	C:\java\jdk-21\bin\verify.dll
0x00007ffd4dd20000 - 0x00007ffd4dd56000 	C:\WINDOWS\SYSTEM32\ntmarta.dll

dbghelp: loaded successfully - version: 4.0.5 - missing functions: none
symbol engine: initialized successfully - sym options: 0x614 - pdb path: .;C:\java\jdk-21\bin;C:\WINDOWS\SYSTEM32;C:\WINDOWS\WinSxS\amd64_microsoft.windows.common-controls_6595b64144ccf1df_6.0.26100.8115_none_3e075c82e3354f9c;C:\java\jdk-21\bin\server;C:\apache-maven-3.9.8\lib\jansi-native\Windows\x86_64

VM Arguments:
jvm_args: -Dclassworlds.conf=C:\apache-maven-3.9.8\bin\m2.conf -Dmaven.home=C:\apache-maven-3.9.8 -Dlibrary.jansi.path=C:\apache-maven-3.9.8\lib\jansi-native -Dmaven.multiModuleProjectDirectory=C:\Users\roiga\OneDrive\Bureau\DOC DTSI\SD PROJECT\SD N\AENF APP\prism 
java_command: org.codehaus.plexus.classworlds.launcher.Launcher -DskipTests clean compile
java_class_path (initial): C:\apache-maven-3.9.8\boot\plexus-classworlds-2.8.0.jar
Launcher Type: SUN_STANDARD

[Global flags]
     intx CICompilerCount                          = 4                                         {product} {ergonomic}
     uint ConcGCThreads                            = 2                                         {product} {ergonomic}
     uint G1ConcRefinementThreads                  = 8                                         {product} {ergonomic}
   size_t G1HeapRegionSize                         = 1048576                                   {product} {ergonomic}
    uintx GCDrainStackTargetSize                   = 64                                        {product} {ergonomic}
   size_t InitialHeapSize                          = 132120576                                 {product} {ergonomic}
   size_t MarkStackSize                            = 4194304                                   {product} {ergonomic}
   size_t MaxHeapSize                              = 2105540608                                {product} {ergonomic}
   size_t MaxNewSize                               = 1262485504                                {product} {ergonomic}
   size_t MinHeapDeltaBytes                        = 1048576                                   {product} {ergonomic}
   size_t MinHeapSize                              = 8388608                                   {product} {ergonomic}
    uintx NonNMethodCodeHeapSize                   = 5839372                                {pd product} {ergonomic}
    uintx NonProfiledCodeHeapSize                  = 122909434                              {pd product} {ergonomic}
    uintx ProfiledCodeHeapSize                     = 122909434                              {pd product} {ergonomic}
    uintx ReservedCodeCacheSize                    = 251658240                              {pd product} {ergonomic}
     bool SegmentedCodeCache                       = true                                      {product} {ergonomic}
   size_t SoftMaxHeapSize                          = 2105540608                             {manageable} {ergonomic}
     bool UseCompressedOops                        = true                           {product lp64_product} {ergonomic}
     bool UseG1GC                                  = true                                      {product} {ergonomic}
     bool UseLargePagesIndividualAllocation        = false                                  {pd product} {ergonomic}

Logging:
Log output configuration:
 #0: stdout all=warning uptime,level,tags foldmultilines=false
 #1: stderr all=off uptime,level,tags foldmultilines=false

Environment Variables:
PATH=c:\Users\roiga\AppData\Local\Programs\cursor\resources\app\resources\helpers;C:\Python312\Scripts\;C:\Python312\;C:\WINDOWS\system32;C:\WINDOWS;C:\WINDOWS\System32\Wbem;C:\WINDOWS\System32\WindowsPowerShell\v1.0\;C:\WINDOWS\System32\OpenSSH\;C:\Program Files\Git\cmd;C:\ProgramData\chocolatey\bin;C:\java\jdk-21\bin;C:\apache-maven-3.9.8\bin;C:\Program Files\Docker\Docker\resources\bin;C:\telosys-cli-4.1.1-001;C:\sqlite;C:\Program Files (x86)\Microsoft SQL Server\160\Tools\Binn\;C:\Program Files\Microsoft SQL Server\160\Tools\Binn\;C:\Program Files\Microsoft SQL Server\Client SDK\ODBC\170\Tools\Binn\;C:\Program Files\Microsoft SQL Server\160\DTS\Binn\;C:\Program Files (x86)\Microsoft SQL Server\160\DTS\Binn\;C:\env datas\telosys-cli-4.1.1-001;C:\Program Files\OpenSSL-Win64\bin;C:\xampp\mysql\bin;C:\Program Files\wso2\wso2am-4.3.0bin;C:\Program Files\Memurai\;C:\Program Files\Redis\;C:\ffmpeg\bin;C:\Program Files\nodejs\;C:\Program Files\MySQL\MySQL Shell 8.0\bin\;C:\Users\roiga\AppData\Local\Microsoft\WindowsApps;C:\Users\roiga\AppData\Local\Programs\Microsoft VS Code\bin;C:\Users\roiga\AppData\Local\atom\bin;C:\Users\roiga\AppData\Local\Microsoft\WinGet\Packages\Schniz.fnm_Microsoft.Winget.Source_8wekyb3d8bbwe;C:\Program Files\OpenSSL-Win64\bin;C:\Users\roiga\AppData\Local\Microsoft\WindowsApps;C:\Users\roiga\AppData\Roaming\npm;C:\Users\roiga\AppData\Local\Programs\cursor\resources\app\bin;C:\Users\roiga\AppData\Local\Pandoc\;C:\Users\SYNELIA_DEV_OUNEB\.local\bin;C:\Users\roiga\.local\bin;C:\Users\roiga\AppData\Roaming\npm
USERNAME=roiga
TERM=dumb
OS=Windows_NT
PROCESSOR_IDENTIFIER=Intel64 Family 6 Model 142 Stepping 12, GenuineIntel
TMP=C:\Users\roiga\AppData\Local\Temp
TEMP=C:\Users\roiga\AppData\Local\Temp




Periodic native trim disabled

---------------  S Y S T E M  ---------------

OS:
 Windows 11 , 64 bit Build 26100 (10.0.26100.8246)
OS uptime: 4 days 21:29 hours
Hyper-V role detected

CPU: total 8 (initial active 8) (4 cores per cpu, 2 threads per core) family 6 model 142 stepping 12 microcode 0xde, cx8, cmov, fxsr, ht, mmx, 3dnowpref, sse, sse2, sse3, ssse3, sse4.1, sse4.2, popcnt, lzcnt, tsc, tscinvbit, avx, avx2, aes, erms, clmul, bmi1, bmi2, adx, fma, vzeroupper, clflush, clflushopt, hv, rdtscp, f16c
Processor Information for all 8 processors :
  Max Mhz: 2112, Current Mhz: 1609, Mhz Limit: 1605

Memory: 4k page, system-wide physical 8025M (30M free)
TotalPageFile size 32601M (AvailPageFile size 25M)
current process WorkingSet (physical memory assigned to process): 238M, peak: 302M
current process commit charge ("private bytes"): 395M, peak: 398M

vm_info: Java HotSpot(TM) 64-Bit Server VM (21.0.3+7-LTS-152) for windows-amd64 JRE (21.0.3+7-LTS-152), built on 2024-03-11T17:42:26Z by "mach5one" with MS VC++ 17.6 (VS2022)

END.
