#
# There is insufficient memory for the Java Runtime Environment to continue.
# Native memory allocation (malloc) failed to allocate 1048576 bytes. Error detail: AllocateHeap
# Possible reasons:
#   The system is out of physical RAM or swap space
#   This process is running with CompressedOops enabled, and the Java Heap may be blocking the growth of the native heap
# Possible solutions:
#   Reduce memory load on the system
#   Increase physical memory or swap space
#   Check if swap backing store is full
#   Decrease Java heap size (-Xmx/-Xms)
#   Decrease number of Java threads
#   Decrease Java thread stack sizes (-Xss)
#   Set larger code cache with -XX:ReservedCodeCacheSize=
#   JVM is running with Unscaled Compressed Oops mode in which the Java heap is
#     placed in the first 4GB address space. The Java Heap base address is the
#     maximum limit for the native heap growth. Please use -XX:HeapBaseMinAddress
#     to set the Java Heap base and to place the Java Heap above 4GB virtual address.
# This output file may be truncated or incomplete.
#
#  Out of Memory Error (allocation.cpp:44), pid=18168, tid=1180
#
# JRE version: OpenJDK Runtime Environment Temurin-21.0.10+7 (21.0.10+7) (build 21.0.10+7-LTS)
# Java VM: OpenJDK 64-Bit Server VM Temurin-21.0.10+7 (21.0.10+7-LTS, mixed mode, sharing, tiered, compressed oops, compressed class ptrs, parallel gc, windows-amd64)
# No core dump will be written. Minidumps are not enabled by default on client versions of Windows
#

---------------  S U M M A R Y ------------

Command Line: --add-modules=ALL-SYSTEM --add-opens=java.base/java.util=ALL-UNNAMED --add-opens=java.base/java.lang=ALL-UNNAMED --add-opens=java.base/sun.nio.fs=ALL-UNNAMED -Declipse.application=org.eclipse.jdt.ls.core.id1 -Dosgi.bundles.defaultStartLevel=4 -Declipse.product=org.eclipse.jdt.ls.core.product -Djava.import.generatesMetadataFilesAtProjectRoot=false -DDetectVMInstallationsJob.disabled=true -Dfile.encoding=utf8 -XX:+UseParallelGC -XX:GCTimeRatio=4 -XX:AdaptiveSizePolicyWeight=90 -Dsun.zip.disableMemoryMapping=true -Xmx2G -Xms100m -Xlog:disable -javaagent:c:\Users\KEKE\.cursor\extensions\redhat.java-1.53.0-win32-x64\lombok\lombok-1.18.39-4050.jar -XX:+HeapDumpOnOutOfMemoryError -XX:HeapDumpPath=c:\Users\KEKE\AppData\Roaming\Cursor\User\workspaceStorage\b4f81907cdd886fa0c08bef9f9a78c8a\redhat.java -Daether.dependencyCollector.impl=bf c:\Users\KEKE\.cursor\extensions\redhat.java-1.53.0-win32-x64\server\plugins\org.eclipse.equinox.launcher_1.7.100.v20251111-0406.jar -configuration c:\Users\KEKE\AppData\Roaming\Cursor\User\globalStorage\redhat.java\1.53.0\config_win -data c:\Users\KEKE\AppData\Roaming\Cursor\User\workspaceStorage\b4f81907cdd886fa0c08bef9f9a78c8a\redhat.java\jdt_ws --pipe=\\.\pipe\lsp-81456cfd104f0770bce14bf30e0d4105-sock

Host: AMD Ryzen 5 3500U with Radeon Vega Mobile Gfx  , 8 cores, 6G,  Windows 10 , 64 bit Build 19041 (10.0.19041.5915)
Time: Thu Mar 12 06:04:07 2026 Temps universel coordonné elapsed time: 4792.280731 seconds (0d 1h 19m 52s)

---------------  T H R E A D  ---------------

Current thread (0x000001bf901b0630):  JavaThread "Attach Listener" daemon [_thread_in_vm, id=1180, stack(0x0000005e50c00000,0x0000005e50d00000) (1024K)]

Stack: [0x0000005e50c00000,0x0000005e50d00000]
Native frames: (J=compiled Java code, j=interpreted, Vv=VM code, C=native code)
V  [jvm.dll+0x6d7a39]
V  [jvm.dll+0x8b4b26]
V  [jvm.dll+0x8b70de]
V  [jvm.dll+0x8b77c3]
V  [jvm.dll+0x284346]
V  [jvm.dll+0xc1277]
V  [jvm.dll+0x6d82e9]
V  [jvm.dll+0x1334a6]
V  [jvm.dll+0x3f857e]
V  [jvm.dll+0x85f59d]
V  [jvm.dll+0x6d626d]
C  [ucrtbase.dll+0x21bb2]
C  [KERNEL32.DLL+0x17374]
C  [ntdll.dll+0x4cc91]


---------------  P R O C E S S  ---------------

Threads class SMR info:
_java_thread_list=0x000001bf99640380, length=34, elements={
0x000001bf3648be00, 0x000001bf901abfa0, 0x000001bf901ad920, 0x000001bf901af710,
0x000001bf901b0630, 0x000001bf901b3360, 0x000001bf901b4dd0, 0x000001bf901b5c10,
0x000001bf91ab80e0, 0x000001bf91c9a800, 0x000001bf91cbe5f0, 0x000001bf966818f0,
0x000001bf91e80980, 0x000001bf91dfa800, 0x000001bf91bf6b50, 0x000001bf967b8350,
0x000001bf964f7cb0, 0x000001bf96d2d700, 0x000001bf96e65ea0, 0x000001bf96e63740,
0x000001bf96e65180, 0x000001bf98191210, 0x000001bf98196760, 0x000001bf9818f7d0,
0x000001bf981918a0, 0x000001bf98194000, 0x000001bf98194d20, 0x000001bf98196df0,
0x000001bf98192c50, 0x000001bf98195a40, 0x000001bf98190b80, 0x000001bf981932e0,
0x000001bf9818fe60, 0x000001bf96b14aa0
}

Java Threads: ( => current thread )
  0x000001bf3648be00 JavaThread "main"                              [_thread_blocked, id=8852, stack(0x0000005e50500000,0x0000005e50600000) (1024K)]
  0x000001bf901abfa0 JavaThread "Reference Handler"          daemon [_thread_blocked, id=10140, stack(0x0000005e50900000,0x0000005e50a00000) (1024K)]
  0x000001bf901ad920 JavaThread "Finalizer"                  daemon [_thread_blocked, id=5428, stack(0x0000005e50a00000,0x0000005e50b00000) (1024K)]
  0x000001bf901af710 JavaThread "Signal Dispatcher"          daemon [_thread_blocked, id=10380, stack(0x0000005e50b00000,0x0000005e50c00000) (1024K)]
=>0x000001bf901b0630 JavaThread "Attach Listener"            daemon [_thread_in_vm, id=1180, stack(0x0000005e50c00000,0x0000005e50d00000) (1024K)]
  0x000001bf901b3360 JavaThread "Service Thread"             daemon [_thread_blocked, id=19016, stack(0x0000005e50d00000,0x0000005e50e00000) (1024K)]
  0x000001bf901b4dd0 JavaThread "Monitor Deflation Thread"   daemon [_thread_blocked, id=2120, stack(0x0000005e50e00000,0x0000005e50f00000) (1024K)]
  0x000001bf901b5c10 JavaThread "C2 CompilerThread0"         daemon [_thread_blocked, id=12348, stack(0x0000005e50f00000,0x0000005e51000000) (1024K)]
  0x000001bf91ab80e0 JavaThread "C1 CompilerThread0"         daemon [_thread_blocked, id=16952, stack(0x0000005e51000000,0x0000005e51100000) (1024K)]
  0x000001bf91c9a800 JavaThread "Common-Cleaner"             daemon [_thread_blocked, id=9104, stack(0x0000005e51100000,0x0000005e51200000) (1024K)]
  0x000001bf91cbe5f0 JavaThread "Notification Thread"        daemon [_thread_blocked, id=15196, stack(0x0000005e51200000,0x0000005e51300000) (1024K)]
  0x000001bf966818f0 JavaThread "Active Thread: Equinox Container: 47e19e4a-226d-47aa-be08-0164167a04cd"        [_thread_blocked, id=13832, stack(0x0000005e51900000,0x0000005e51a00000) (1024K)]
  0x000001bf91e80980 JavaThread "Refresh Thread: Equinox Container: 47e19e4a-226d-47aa-be08-0164167a04cd" daemon [_thread_blocked, id=9580, stack(0x0000005e51b00000,0x0000005e51c00000) (1024K)]
  0x000001bf91dfa800 JavaThread "Framework Event Dispatcher: Equinox Container: 47e19e4a-226d-47aa-be08-0164167a04cd" daemon [_thread_blocked, id=17776, stack(0x0000005e51c00000,0x0000005e51d00000) (1024K)]
  0x000001bf91bf6b50 JavaThread "Start Level: Equinox Container: 47e19e4a-226d-47aa-be08-0164167a04cd" daemon [_thread_blocked, id=1928, stack(0x0000005e51d00000,0x0000005e51e00000) (1024K)]
  0x000001bf967b8350 JavaThread "Bundle File Closer"         daemon [_thread_blocked, id=9052, stack(0x0000005e51f00000,0x0000005e52000000) (1024K)]
  0x000001bf964f7cb0 JavaThread "SCR Component Actor"        daemon [_thread_blocked, id=1100, stack(0x0000005e51e00000,0x0000005e51f00000) (1024K)]
  0x000001bf96d2d700 JavaThread "Worker-JM"                         [_thread_blocked, id=15520, stack(0x0000005e52100000,0x0000005e52200000) (1024K)]
  0x000001bf96e65ea0 JavaThread "JNA Cleaner"                daemon [_thread_blocked, id=2676, stack(0x0000005e52000000,0x0000005e52100000) (1024K)]
  0x000001bf96e63740 JavaThread "Worker-0"                          [_thread_blocked, id=2444, stack(0x0000005e52200000,0x0000005e52300000) (1024K)]
  0x000001bf96e65180 JavaThread "Java indexing"              daemon [_thread_blocked, id=7260, stack(0x0000005e52600000,0x0000005e52700000) (1024K)]
  0x000001bf98191210 JavaThread "Thread-1"                   daemon [_thread_in_native, id=13456, stack(0x0000005e52b00000,0x0000005e52c00000) (1024K)]
  0x000001bf98196760 JavaThread "Thread-2"                   daemon [_thread_in_native, id=15220, stack(0x0000005e52c00000,0x0000005e52d00000) (1024K)]
  0x000001bf9818f7d0 JavaThread "Thread-3"                   daemon [_thread_in_native, id=14068, stack(0x0000005e52d00000,0x0000005e52e00000) (1024K)]
  0x000001bf981918a0 JavaThread "Thread-4"                   daemon [_thread_in_native, id=3060, stack(0x0000005e52e00000,0x0000005e52f00000) (1024K)]
  0x000001bf98194000 JavaThread "Thread-5"                   daemon [_thread_in_native, id=8528, stack(0x0000005e52f00000,0x0000005e53000000) (1024K)]
  0x000001bf98194d20 JavaThread "Thread-6"                   daemon [_thread_in_native, id=8736, stack(0x0000005e53000000,0x0000005e53100000) (1024K)]
  0x000001bf98196df0 JavaThread "Thread-7"                   daemon [_thread_in_native, id=12984, stack(0x0000005e53100000,0x0000005e53200000) (1024K)]
  0x000001bf98192c50 JavaThread "Thread-8"                   daemon [_thread_in_native, id=4196, stack(0x0000005e53200000,0x0000005e53300000) (1024K)]
  0x000001bf98195a40 JavaThread "Thread-9"                   daemon [_thread_in_native, id=9532, stack(0x0000005e53300000,0x0000005e53400000) (1024K)]
  0x000001bf98190b80 JavaThread "pool-2-thread-1"                   [_thread_blocked, id=13328, stack(0x0000005e53400000,0x0000005e53500000) (1024K)]
  0x000001bf981932e0 JavaThread "WorkspaceEventsHandler"            [_thread_blocked, id=824, stack(0x0000005e53500000,0x0000005e53600000) (1024K)]
  0x000001bf9818fe60 JavaThread "pool-1-thread-1"                   [_thread_blocked, id=16112, stack(0x0000005e53600000,0x0000005e53700000) (1024K)]
  0x000001bf96b14aa0 JavaThread "Worker-5"                          [_thread_blocked, id=17784, stack(0x0000005e53e00000,0x0000005e53f00000) (1024K)]
Total: 34

Other Threads:
  0x000001bf3872da60 VMThread "VM Thread"                           [id=6980, stack(0x0000005e50800000,0x0000005e50900000) (1024K)]
  0x000001bf386db870 WatcherThread "VM Periodic Task Thread"        [id=12720, stack(0x0000005e50700000,0x0000005e50800000) (1024K)]
  0x000001bf3868fcb0 WorkerThread "GC Thread#0"                     [id=12776, stack(0x0000005e50600000,0x0000005e50700000) (1024K)]
  0x000001bf96243fc0 WorkerThread "GC Thread#1"                     [id=12876, stack(0x0000005e51300000,0x0000005e51400000) (1024K)]
  0x000001bf96403660 WorkerThread "GC Thread#2"                     [id=3920, stack(0x0000005e51400000,0x0000005e51500000) (1024K)]
  0x000001bf9625f130 WorkerThread "GC Thread#3"                     [id=792, stack(0x0000005e51500000,0x0000005e51600000) (1024K)]
  0x000001bf9625f4e0 WorkerThread "GC Thread#4"                     [id=1324, stack(0x0000005e51600000,0x0000005e51700000) (1024K)]
  0x000001bf9625f890 WorkerThread "GC Thread#5"                     [id=13240, stack(0x0000005e51700000,0x0000005e51800000) (1024K)]
  0x000001bf9625fc40 WorkerThread "GC Thread#6"                     [id=19080, stack(0x0000005e51800000,0x0000005e51900000) (1024K)]
  0x000001bf91b86920 WorkerThread "GC Thread#7"                     [id=4024, stack(0x0000005e51a00000,0x0000005e51b00000) (1024K)]
Total: 10

Threads with active compile tasks:
Total: 0

VM state: not at safepoint (normal execution)

VM Mutex/Monitor currently owned by a thread: None

Heap address: 0x0000000080000000, size: 2048 MB, Compressed Oops mode: 32-bit

CDS archive(s) mapped at: [0x000001bf4f000000-0x000001bf4fba0000-0x000001bf4fba0000), size 12189696, SharedBaseAddress: 0x000001bf4f000000, ArchiveRelocationMode: 1.
Compressed class space mapped at: 0x000001bf50000000-0x000001bf90000000, reserved size: 1073741824
Narrow klass base: 0x000001bf4f000000, Narrow klass shift: 0, Narrow klass range: 0x100000000

GC Precious Log:
 CardTable entry size: 512
 CPUs: 8 total, 8 available
 Memory: 7103M
 Large Page Support: Disabled
 NUMA Support: Disabled
 Compressed Oops: Enabled (32-bit)
 Alignments: Space 512K, Generation 512K, Heap 2M
 Heap Min Capacity: 100M
 Heap Initial Capacity: 100M
 Heap Max Capacity: 2G
 Pre-touch: Disabled
 Parallel Workers: 8

Heap:
 PSYoungGen      total 6144K, used 2824K [0x00000000d5580000, 0x00000000d5d00000, 0x0000000100000000)
  eden space 5120K, 42% used [0x00000000d5580000,0x00000000d579ba68,0x00000000d5a80000)
  from space 1024K, 65% used [0x00000000d5b80000,0x00000000d5c26900,0x00000000d5c80000)
  to   space 512K, 0% used [0x00000000d5c80000,0x00000000d5c80000,0x00000000d5d00000)
 ParOldGen       total 102912K, used 102667K [0x0000000080000000, 0x0000000086480000, 0x00000000d5580000)
  object space 102912K, 99% used [0x0000000080000000,0x0000000086442c08,0x0000000086480000)
 Metaspace       used 65022K, committed 66624K, reserved 1114112K
  class space    used 6839K, committed 7552K, reserved 1048576K

Card table byte_map: [0x000001bf38040000,0x000001bf38450000] _byte_map_base: 0x000001bf37c40000

Marking Bits: (ParMarkBitMap*) 0x00007ffe926f3450
 Begin Bits: [0x000001bf4ab30000, 0x000001bf4cb30000)
 End Bits:   [0x000001bf4cb30000, 0x000001bf4eb30000)

Polling page: 0x000001bf366e0000

Metaspace:

Usage:
  Non-class:     56.82 MB used.
      Class:      6.68 MB used.
       Both:     63.50 MB used.

Virtual space:
  Non-class space:       64.00 MB reserved,      57.69 MB ( 90%) committed,  1 nodes.
      Class space:        1.00 GB reserved,       7.38 MB ( <1%) committed,  1 nodes.
             Both:        1.06 GB reserved,      65.06 MB (  6%) committed. 

Chunk freelists:
   Non-Class:  6.14 MB
       Class:  8.48 MB
        Both:  14.62 MB

MaxMetaspaceSize: unlimited
CompressedClassSpaceSize: 1.00 GB
Initial GC threshold: 21.00 MB
Current GC threshold: 97.31 MB
CDS: on
 - commit_granule_bytes: 65536.
 - commit_granule_words: 8192.
 - virtual_space_node_default_size: 8388608.
 - enlarge_chunks_in_place: 1.
 - use_allocation_guard: 0.


Internal statistics:

num_allocs_failed_limit: 9.
num_arena_births: 1238.
num_arena_deaths: 14.
num_vsnodes_births: 2.
num_vsnodes_deaths: 0.
num_space_committed: 1041.
num_space_uncommitted: 0.
num_chunks_returned_to_freelist: 23.
num_chunks_taken_from_freelist: 4335.
num_chunk_merges: 15.
num_chunk_splits: 2635.
num_chunks_enlarged: 1484.
num_inconsistent_stats: 0.

CodeHeap 'non-profiled nmethods': size=120000Kb used=7602Kb max_used=7602Kb free=112397Kb
 bounds [0x000001bf43350000, 0x000001bf43ac0000, 0x000001bf4a880000]
CodeHeap 'profiled nmethods': size=120000Kb used=24893Kb max_used=24893Kb free=95106Kb
 bounds [0x000001bf3b880000, 0x000001bf3d0d0000, 0x000001bf42db0000]
CodeHeap 'non-nmethods': size=5760Kb used=1442Kb max_used=1529Kb free=4317Kb
 bounds [0x000001bf42db0000, 0x000001bf43020000, 0x000001bf43350000]
CodeCache: size=245760Kb, used=33937Kb, max_used=34024Kb, free=211820Kb
 total_blobs=11663, nmethods=10911, adapters=657, full_count=0
Compilation: enabled, stopped_count=0, restarted_count=0

Compilation events (20 events):
Event: 3210.138 Thread 0x000001bf91ab80e0 11725   !   3       java.util.logging.LogManager::ensureLogManagerInitialized (144 bytes)
Event: 3210.166 Thread 0x000001bf91ab80e0 nmethod 11725 0x000001bf3d0c6710 code [0x000001bf3d0c6a20, 0x000001bf3d0c7b40]
Event: 3517.596 Thread 0x000001bf91ab80e0 11726       1       org.eclipse.osgi.internal.location.BasicLocation::isReadOnly (5 bytes)
Event: 3517.599 Thread 0x000001bf91ab80e0 nmethod 11726 0x000001bf43abc290 code [0x000001bf43abc420, 0x000001bf43abc4f0]
Event: 3862.006 Thread 0x000001bf91ab80e0 11727       3       java.lang.ProcessHandleImpl::get (51 bytes)
Event: 3862.025 Thread 0x000001bf91ab80e0 nmethod 11727 0x000001bf3d0c8110 code [0x000001bf3d0c8320, 0x000001bf3d0c8928]
Event: 3862.025 Thread 0x000001bf91ab80e0 11728       3       java.lang.ProcessHandleImpl::isAlive (44 bytes)
Event: 3862.025 Thread 0x000001bf91ab80e0 nmethod 11728 0x000001bf3d0c8b90 code [0x000001bf3d0c8d40, 0x000001bf3d0c8fa0]
Event: 3870.276 Thread 0x000001bf91ab80e0 11729       1       com.sun.jna.internal.Cleaner::access$200 (5 bytes)
Event: 3870.280 Thread 0x000001bf91ab80e0 nmethod 11729 0x000001bf43abc590 code [0x000001bf43abc720, 0x000001bf43abc7d0]
Event: 4212.168 Thread 0x000001bf91ab80e0 11731   !   3       org.eclipse.core.internal.jobs.JobManager::nextJob (291 bytes)
Event: 4212.224 Thread 0x000001bf91ab80e0 nmethod 11731 0x000001bf3d0c9090 code [0x000001bf3d0c9520, 0x000001bf3d0cb658]
Event: 4272.177 Thread 0x000001bf91ab80e0 11732   !   3       org.eclipse.core.internal.jobs.JobManager::sleepHint (67 bytes)
Event: 4272.180 Thread 0x000001bf91ab80e0 nmethod 11732 0x000001bf3d0cc790 code [0x000001bf3d0cca00, 0x000001bf3d0cd4d0]
Event: 4272.180 Thread 0x000001bf91ab80e0 11733       3       org.eclipse.core.internal.jobs.JobQueue::isEmpty (18 bytes)
Event: 4272.180 Thread 0x000001bf91ab80e0 nmethod 11733 0x000001bf3d0cd990 code [0x000001bf3d0cdb40, 0x000001bf3d0cdcd0]
Event: 4680.502 Thread 0x000001bf91ab80e0 11734   !   3       java.lang.ref.ReferenceQueue::remove (61 bytes)
Event: 4680.539 Thread 0x000001bf91ab80e0 nmethod 11734 0x000001bf3d0cdd90 code [0x000001bf3d0ce020, 0x000001bf3d0ceba8]
Event: 4680.539 Thread 0x000001bf91ab80e0 11735       3       java.lang.ref.ReferenceQueue::remove0 (64 bytes)
Event: 4680.543 Thread 0x000001bf91ab80e0 nmethod 11735 0x000001bf3d0cef90 code [0x000001bf3d0cf1a0, 0x000001bf3d0cf620]

GC Heap History (20 events):
Event: 35.292 GC heap before
{Heap before GC invocations=245 (full 3):
 PSYoungGen      total 5632K, used 5310K [0x00000000d5580000, 0x00000000d5d00000, 0x0000000100000000)
  eden space 5120K, 99% used [0x00000000d5580000,0x00000000d5a7fa50,0x00000000d5a80000)
  from space 512K, 37% used [0x00000000d5c00000,0x00000000d5c30000,0x00000000d5c80000)
  to   space 512K, 0% used [0x00000000d5c80000,0x00000000d5c80000,0x00000000d5d00000)
 ParOldGen       total 100352K, used 100152K [0x0000000080000000, 0x0000000086200000, 0x00000000d5580000)
  object space 100352K, 99% used [0x0000000080000000,0x00000000861ce338,0x0000000086200000)
 Metaspace       used 64182K, committed 65728K, reserved 1114112K
  class space    used 6789K, committed 7488K, reserved 1048576K
}
Event: 35.293 GC heap after
{Heap after GC invocations=245 (full 3):
 PSYoungGen      total 5632K, used 436K [0x00000000d5580000, 0x00000000d5d00000, 0x0000000100000000)
  eden space 5120K, 0% used [0x00000000d5580000,0x00000000d5580000,0x00000000d5a80000)
  from space 512K, 85% used [0x00000000d5c80000,0x00000000d5ced220,0x00000000d5d00000)
  to   space 512K, 0% used [0x00000000d5c00000,0x00000000d5c00000,0x00000000d5c80000)
 ParOldGen       total 100352K, used 100184K [0x0000000080000000, 0x0000000086200000, 0x00000000d5580000)
  object space 100352K, 99% used [0x0000000080000000,0x00000000861d6338,0x0000000086200000)
 Metaspace       used 64182K, committed 65728K, reserved 1114112K
  class space    used 6789K, committed 7488K, reserved 1048576K
}
Event: 35.315 GC heap before
{Heap before GC invocations=246 (full 3):
 PSYoungGen      total 5632K, used 5554K [0x00000000d5580000, 0x00000000d5d00000, 0x0000000100000000)
  eden space 5120K, 99% used [0x00000000d5580000,0x00000000d5a7f920,0x00000000d5a80000)
  from space 512K, 85% used [0x00000000d5c80000,0x00000000d5ced220,0x00000000d5d00000)
  to   space 512K, 0% used [0x00000000d5c00000,0x00000000d5c00000,0x00000000d5c80000)
 ParOldGen       total 100352K, used 100184K [0x0000000080000000, 0x0000000086200000, 0x00000000d5580000)
  object space 100352K, 99% used [0x0000000080000000,0x00000000861d6338,0x0000000086200000)
 Metaspace       used 64184K, committed 65728K, reserved 1114112K
  class space    used 6789K, committed 7488K, reserved 1048576K
}
Event: 35.316 GC heap after
{Heap after GC invocations=246 (full 3):
 PSYoungGen      total 5632K, used 326K [0x00000000d5580000, 0x00000000d5d00000, 0x0000000100000000)
  eden space 5120K, 0% used [0x00000000d5580000,0x00000000d5580000,0x00000000d5a80000)
  from space 512K, 63% used [0x00000000d5c00000,0x00000000d5c518e0,0x00000000d5c80000)
  to   space 512K, 0% used [0x00000000d5c80000,0x00000000d5c80000,0x00000000d5d00000)
 ParOldGen       total 100864K, used 100525K [0x0000000080000000, 0x0000000086280000, 0x00000000d5580000)
  object space 100864K, 99% used [0x0000000080000000,0x000000008622b558,0x0000000086280000)
 Metaspace       used 64184K, committed 65728K, reserved 1114112K
  class space    used 6789K, committed 7488K, reserved 1048576K
}
Event: 35.339 GC heap before
{Heap before GC invocations=247 (full 3):
 PSYoungGen      total 5632K, used 5446K [0x00000000d5580000, 0x00000000d5d00000, 0x0000000100000000)
  eden space 5120K, 100% used [0x00000000d5580000,0x00000000d5a80000,0x00000000d5a80000)
  from space 512K, 63% used [0x00000000d5c00000,0x00000000d5c518e0,0x00000000d5c80000)
  to   space 512K, 0% used [0x00000000d5c80000,0x00000000d5c80000,0x00000000d5d00000)
 ParOldGen       total 100864K, used 100525K [0x0000000080000000, 0x0000000086280000, 0x00000000d5580000)
  object space 100864K, 99% used [0x0000000080000000,0x000000008622b558,0x0000000086280000)
 Metaspace       used 64186K, committed 65728K, reserved 1114112K
  class space    used 6789K, committed 7488K, reserved 1048576K
}
Event: 35.340 GC heap after
{Heap after GC invocations=247 (full 3):
 PSYoungGen      total 5632K, used 276K [0x00000000d5580000, 0x00000000d5d00000, 0x0000000100000000)
  eden space 5120K, 0% used [0x00000000d5580000,0x00000000d5580000,0x00000000d5a80000)
  from space 512K, 54% used [0x00000000d5c80000,0x00000000d5cc5200,0x00000000d5d00000)
  to   space 512K, 0% used [0x00000000d5c00000,0x00000000d5c00000,0x00000000d5c80000)
 ParOldGen       total 100864K, used 100573K [0x0000000080000000, 0x0000000086280000, 0x00000000d5580000)
  object space 100864K, 99% used [0x0000000080000000,0x0000000086237558,0x0000000086280000)
 Metaspace       used 64186K, committed 65728K, reserved 1114112K
  class space    used 6789K, committed 7488K, reserved 1048576K
}
Event: 35.369 GC heap before
{Heap before GC invocations=248 (full 3):
 PSYoungGen      total 5632K, used 4795K [0x00000000d5580000, 0x00000000d5d00000, 0x0000000100000000)
  eden space 5120K, 88% used [0x00000000d5580000,0x00000000d59e9c70,0x00000000d5a80000)
  from space 512K, 54% used [0x00000000d5c80000,0x00000000d5cc5200,0x00000000d5d00000)
  to   space 512K, 0% used [0x00000000d5c00000,0x00000000d5c00000,0x00000000d5c80000)
 ParOldGen       total 100864K, used 100573K [0x0000000080000000, 0x0000000086280000, 0x00000000d5580000)
  object space 100864K, 99% used [0x0000000080000000,0x0000000086237558,0x0000000086280000)
 Metaspace       used 64193K, committed 65728K, reserved 1114112K
  class space    used 6789K, committed 7488K, reserved 1048576K
}
Event: 35.370 GC heap after
{Heap after GC invocations=248 (full 3):
 PSYoungGen      total 5632K, used 218K [0x00000000d5580000, 0x00000000d5d00000, 0x0000000100000000)
  eden space 5120K, 0% used [0x00000000d5580000,0x00000000d5580000,0x00000000d5a80000)
  from space 512K, 42% used [0x00000000d5c00000,0x00000000d5c36900,0x00000000d5c80000)
  to   space 512K, 0% used [0x00000000d5c80000,0x00000000d5c80000,0x00000000d5d00000)
 ParOldGen       total 100864K, used 100637K [0x0000000080000000, 0x0000000086280000, 0x00000000d5580000)
  object space 100864K, 99% used [0x0000000080000000,0x0000000086247558,0x0000000086280000)
 Metaspace       used 64193K, committed 65728K, reserved 1114112K
  class space    used 6789K, committed 7488K, reserved 1048576K
}
Event: 35.820 GC heap before
{Heap before GC invocations=249 (full 3):
 PSYoungGen      total 5632K, used 5338K [0x00000000d5580000, 0x00000000d5d00000, 0x0000000100000000)
  eden space 5120K, 100% used [0x00000000d5580000,0x00000000d5a80000,0x00000000d5a80000)
  from space 512K, 42% used [0x00000000d5c00000,0x00000000d5c36900,0x00000000d5c80000)
  to   space 512K, 0% used [0x00000000d5c80000,0x00000000d5c80000,0x00000000d5d00000)
 ParOldGen       total 100864K, used 100637K [0x0000000080000000, 0x0000000086280000, 0x00000000d5580000)
  object space 100864K, 99% used [0x0000000080000000,0x0000000086247558,0x0000000086280000)
 Metaspace       used 64250K, committed 65792K, reserved 1114112K
  class space    used 6791K, committed 7488K, reserved 1048576K
}
Event: 35.824 GC heap after
{Heap after GC invocations=249 (full 3):
 PSYoungGen      total 5632K, used 256K [0x00000000d5580000, 0x00000000d5d00000, 0x0000000100000000)
  eden space 5120K, 0% used [0x00000000d5580000,0x00000000d5580000,0x00000000d5a80000)
  from space 512K, 50% used [0x00000000d5c80000,0x00000000d5cc0000,0x00000000d5d00000)
  to   space 512K, 0% used [0x00000000d5c00000,0x00000000d5c00000,0x00000000d5c80000)
 ParOldGen       total 100864K, used 100685K [0x0000000080000000, 0x0000000086280000, 0x00000000d5580000)
  object space 100864K, 99% used [0x0000000080000000,0x0000000086253558,0x0000000086280000)
 Metaspace       used 64250K, committed 65792K, reserved 1114112K
  class space    used 6791K, committed 7488K, reserved 1048576K
}
Event: 35.986 GC heap before
{Heap before GC invocations=250 (full 3):
 PSYoungGen      total 5632K, used 5318K [0x00000000d5580000, 0x00000000d5d00000, 0x0000000100000000)
  eden space 5120K, 98% used [0x00000000d5580000,0x00000000d5a71908,0x00000000d5a80000)
  from space 512K, 50% used [0x00000000d5c80000,0x00000000d5cc0000,0x00000000d5d00000)
  to   space 512K, 0% used [0x00000000d5c00000,0x00000000d5c00000,0x00000000d5c80000)
 ParOldGen       total 100864K, used 100685K [0x0000000080000000, 0x0000000086280000, 0x00000000d5580000)
  object space 100864K, 99% used [0x0000000080000000,0x0000000086253558,0x0000000086280000)
 Metaspace       used 64493K, committed 66112K, reserved 1114112K
  class space    used 6818K, committed 7552K, reserved 1048576K
}
Event: 35.988 GC heap after
{Heap after GC invocations=250 (full 3):
 PSYoungGen      total 5632K, used 496K [0x00000000d5580000, 0x00000000d5d00000, 0x0000000100000000)
  eden space 5120K, 0% used [0x00000000d5580000,0x00000000d5580000,0x00000000d5a80000)
  from space 512K, 96% used [0x00000000d5c00000,0x00000000d5c7c010,0x00000000d5c80000)
  to   space 512K, 0% used [0x00000000d5c80000,0x00000000d5c80000,0x00000000d5d00000)
 ParOldGen       total 100864K, used 100809K [0x0000000080000000, 0x0000000086280000, 0x00000000d5580000)
  object space 100864K, 99% used [0x0000000080000000,0x00000000862727e8,0x0000000086280000)
 Metaspace       used 64493K, committed 66112K, reserved 1114112K
  class space    used 6818K, committed 7552K, reserved 1048576K
}
Event: 37.926 GC heap before
{Heap before GC invocations=251 (full 3):
 PSYoungGen      total 5632K, used 5615K [0x00000000d5580000, 0x00000000d5d00000, 0x0000000100000000)
  eden space 5120K, 99% used [0x00000000d5580000,0x00000000d5a7ffd0,0x00000000d5a80000)
  from space 512K, 96% used [0x00000000d5c00000,0x00000000d5c7c010,0x00000000d5c80000)
  to   space 512K, 0% used [0x00000000d5c80000,0x00000000d5c80000,0x00000000d5d00000)
 ParOldGen       total 100864K, used 100809K [0x0000000080000000, 0x0000000086280000, 0x00000000d5580000)
  object space 100864K, 99% used [0x0000000080000000,0x00000000862727e8,0x0000000086280000)
 Metaspace       used 64783K, committed 66432K, reserved 1114112K
  class space    used 6834K, committed 7552K, reserved 1048576K
}
Event: 37.928 GC heap after
{Heap after GC invocations=251 (full 3):
 PSYoungGen      total 5632K, used 416K [0x00000000d5580000, 0x00000000d5d00000, 0x0000000100000000)
  eden space 5120K, 0% used [0x00000000d5580000,0x00000000d5580000,0x00000000d5a80000)
  from space 512K, 81% used [0x00000000d5c80000,0x00000000d5ce8000,0x00000000d5d00000)
  to   space 512K, 0% used [0x00000000d5c00000,0x00000000d5c00000,0x00000000d5c80000)
 ParOldGen       total 101376K, used 100953K [0x0000000080000000, 0x0000000086300000, 0x00000000d5580000)
  object space 101376K, 99% used [0x0000000080000000,0x00000000862967e8,0x0000000086300000)
 Metaspace       used 64783K, committed 66432K, reserved 1114112K
  class space    used 6834K, committed 7552K, reserved 1048576K
}
Event: 38.047 GC heap before
{Heap before GC invocations=252 (full 3):
 PSYoungGen      total 5632K, used 5536K [0x00000000d5580000, 0x00000000d5d00000, 0x0000000100000000)
  eden space 5120K, 100% used [0x00000000d5580000,0x00000000d5a80000,0x00000000d5a80000)
  from space 512K, 81% used [0x00000000d5c80000,0x00000000d5ce8000,0x00000000d5d00000)
  to   space 512K, 0% used [0x00000000d5c00000,0x00000000d5c00000,0x00000000d5c80000)
 ParOldGen       total 101376K, used 100953K [0x0000000080000000, 0x0000000086300000, 0x00000000d5580000)
  object space 101376K, 99% used [0x0000000080000000,0x00000000862967e8,0x0000000086300000)
 Metaspace       used 64821K, committed 66432K, reserved 1114112K
  class space    used 6838K, committed 7552K, reserved 1048576K
}
Event: 38.050 GC heap after
{Heap after GC invocations=252 (full 3):
 PSYoungGen      total 5632K, used 500K [0x00000000d5580000, 0x00000000d5d80000, 0x0000000100000000)
  eden space 5120K, 0% used [0x00000000d5580000,0x00000000d5580000,0x00000000d5a80000)
  from space 512K, 97% used [0x00000000d5c00000,0x00000000d5c7d200,0x00000000d5c80000)
  to   space 1024K, 0% used [0x00000000d5c80000,0x00000000d5c80000,0x00000000d5d80000)
 ParOldGen       total 101888K, used 101465K [0x0000000080000000, 0x0000000086380000, 0x00000000d5580000)
  object space 101888K, 99% used [0x0000000080000000,0x00000000863167f8,0x0000000086380000)
 Metaspace       used 64821K, committed 66432K, reserved 1114112K
  class space    used 6838K, committed 7552K, reserved 1048576K
}
Event: 38.387 GC heap before
{Heap before GC invocations=253 (full 3):
 PSYoungGen      total 5632K, used 5620K [0x00000000d5580000, 0x00000000d5d80000, 0x0000000100000000)
  eden space 5120K, 100% used [0x00000000d5580000,0x00000000d5a80000,0x00000000d5a80000)
  from space 512K, 97% used [0x00000000d5c00000,0x00000000d5c7d200,0x00000000d5c80000)
  to   space 1024K, 0% used [0x00000000d5c80000,0x00000000d5c80000,0x00000000d5d80000)
 ParOldGen       total 101888K, used 101465K [0x0000000080000000, 0x0000000086380000, 0x00000000d5580000)
  object space 101888K, 99% used [0x0000000080000000,0x00000000863167f8,0x0000000086380000)
 Metaspace       used 64872K, committed 66432K, reserved 1114112K
  class space    used 6838K, committed 7552K, reserved 1048576K
}
Event: 38.389 GC heap after
{Heap after GC invocations=253 (full 3):
 PSYoungGen      total 6144K, used 842K [0x00000000d5580000, 0x00000000d5d80000, 0x0000000100000000)
  eden space 5120K, 0% used [0x00000000d5580000,0x00000000d5580000,0x00000000d5a80000)
  from space 1024K, 82% used [0x00000000d5c80000,0x00000000d5d52910,0x00000000d5d80000)
  to   space 1024K, 0% used [0x00000000d5b80000,0x00000000d5b80000,0x00000000d5c80000)
 ParOldGen       total 102400K, used 101974K [0x0000000080000000, 0x0000000086400000, 0x00000000d5580000)
  object space 102400K, 99% used [0x0000000080000000,0x00000000863959f8,0x0000000086400000)
 Metaspace       used 64872K, committed 66432K, reserved 1114112K
  class space    used 6838K, committed 7552K, reserved 1048576K
}
Event: 40.564 GC heap before
{Heap before GC invocations=254 (full 3):
 PSYoungGen      total 6144K, used 5962K [0x00000000d5580000, 0x00000000d5d80000, 0x0000000100000000)
  eden space 5120K, 100% used [0x00000000d5580000,0x00000000d5a80000,0x00000000d5a80000)
  from space 1024K, 82% used [0x00000000d5c80000,0x00000000d5d52910,0x00000000d5d80000)
  to   space 1024K, 0% used [0x00000000d5b80000,0x00000000d5b80000,0x00000000d5c80000)
 ParOldGen       total 102400K, used 101974K [0x0000000080000000, 0x0000000086400000, 0x00000000d5580000)
  object space 102400K, 99% used [0x0000000080000000,0x00000000863959f8,0x0000000086400000)
 Metaspace       used 64925K, committed 66496K, reserved 1114112K
  class space    used 6838K, committed 7552K, reserved 1048576K
}
Event: 40.566 GC heap after
{Heap after GC invocations=254 (full 3):
 PSYoungGen      total 6144K, used 666K [0x00000000d5580000, 0x00000000d5d00000, 0x0000000100000000)
  eden space 5120K, 0% used [0x00000000d5580000,0x00000000d5580000,0x00000000d5a80000)
  from space 1024K, 65% used [0x00000000d5b80000,0x00000000d5c26900,0x00000000d5c80000)
  to   space 512K, 0% used [0x00000000d5c80000,0x00000000d5c80000,0x00000000d5d00000)
 ParOldGen       total 102912K, used 102667K [0x0000000080000000, 0x0000000086480000, 0x00000000d5580000)
  object space 102912K, 99% used [0x0000000080000000,0x0000000086442c08,0x0000000086480000)
 Metaspace       used 64925K, committed 66496K, reserved 1114112K
  class space    used 6838K, committed 7552K, reserved 1048576K
}

Dll operation events (10 events):
Event: 0.023 Loaded shared library c:\Users\KEKE\.cursor\extensions\redhat.java-1.53.0-win32-x64\jre\21.0.10-win32-x86_64\bin\java.dll
Event: 0.665 Loaded shared library c:\Users\KEKE\.cursor\extensions\redhat.java-1.53.0-win32-x64\jre\21.0.10-win32-x86_64\bin\zip.dll
Event: 0.721 Loaded shared library C:\Users\KEKE\.cursor\extensions\redhat.java-1.53.0-win32-x64\jre\21.0.10-win32-x86_64\bin\instrument.dll
Event: 0.753 Loaded shared library C:\Users\KEKE\.cursor\extensions\redhat.java-1.53.0-win32-x64\jre\21.0.10-win32-x86_64\bin\net.dll
Event: 0.785 Loaded shared library C:\Users\KEKE\.cursor\extensions\redhat.java-1.53.0-win32-x64\jre\21.0.10-win32-x86_64\bin\nio.dll
Event: 0.791 Loaded shared library C:\Users\KEKE\.cursor\extensions\redhat.java-1.53.0-win32-x64\jre\21.0.10-win32-x86_64\bin\zip.dll
Event: 1.388 Loaded shared library C:\Users\KEKE\.cursor\extensions\redhat.java-1.53.0-win32-x64\jre\21.0.10-win32-x86_64\bin\jimage.dll
Event: 1.667 Loaded shared library c:\Users\KEKE\.cursor\extensions\redhat.java-1.53.0-win32-x64\jre\21.0.10-win32-x86_64\bin\verify.dll
Event: 7.969 Loaded shared library C:\Users\KEKE\AppData\Roaming\Cursor\User\globalStorage\redhat.java\1.53.0\config_win\org.eclipse.equinox.launcher\org.eclipse.equinox.launcher.win32.win32.x86_64_1.3.0.v20260203-2149\eclipse_11919.dll
Event: 11.533 Loaded shared library C:\Users\KEKE\AppData\Local\Temp\jna-2303028\jna15262014007412077907.dll

Deoptimization events (20 events):
Event: 36.650 Thread 0x000001bf966818f0 DEOPT PACKING pc=0x000001bf3cfa8000 sp=0x0000005e519fef50
Event: 36.650 Thread 0x000001bf966818f0 DEOPT UNPACKING pc=0x000001bf42e04242 sp=0x0000005e519fe4a8 mode 0
Event: 36.651 Thread 0x000001bf966818f0 DEOPT PACKING pc=0x000001bf3cfa8000 sp=0x0000005e519fef50
Event: 36.651 Thread 0x000001bf966818f0 DEOPT UNPACKING pc=0x000001bf42e04242 sp=0x0000005e519fe4a8 mode 0
Event: 36.652 Thread 0x000001bf966818f0 DEOPT PACKING pc=0x000001bf3cfa8000 sp=0x0000005e519fef50
Event: 36.652 Thread 0x000001bf966818f0 DEOPT UNPACKING pc=0x000001bf42e04242 sp=0x0000005e519fe4a8 mode 0
Event: 36.652 Thread 0x000001bf966818f0 DEOPT PACKING pc=0x000001bf3cfa8000 sp=0x0000005e519fef50
Event: 36.652 Thread 0x000001bf966818f0 DEOPT UNPACKING pc=0x000001bf42e04242 sp=0x0000005e519fe4a8 mode 0
Event: 38.237 Thread 0x000001bf981904f0 DEOPT PACKING pc=0x000001bf3caae372 sp=0x0000005e537fdd00
Event: 38.237 Thread 0x000001bf981904f0 DEOPT UNPACKING pc=0x000001bf42e04242 sp=0x0000005e537fd278 mode 0
Event: 38.240 Thread 0x000001bf981904f0 DEOPT PACKING pc=0x000001bf3c88f069 sp=0x0000005e537fda30
Event: 38.240 Thread 0x000001bf981904f0 DEOPT UNPACKING pc=0x000001bf42e04242 sp=0x0000005e537fcf50 mode 0
Event: 40.553 Thread 0x000001bf981904f0 DEOPT PACKING pc=0x000001bf3cc7a269 sp=0x0000005e537fd810
Event: 40.553 Thread 0x000001bf981904f0 DEOPT UNPACKING pc=0x000001bf42e04242 sp=0x0000005e537fcd40 mode 0
Event: 40.559 Thread 0x000001bf981904f0 DEOPT PACKING pc=0x000001bf3cc7a269 sp=0x0000005e537fd040
Event: 40.559 Thread 0x000001bf981904f0 DEOPT UNPACKING pc=0x000001bf42e04242 sp=0x0000005e537fc570 mode 0
Event: 40.563 Thread 0x000001bf981904f0 Uncommon trap: trap_request=0xffffffbe fr.pc=0x000001bf43a4f288 relative=0x0000000000000268
Event: 40.563 Thread 0x000001bf981904f0 Uncommon trap: reason=profile_predicate action=maybe_recompile pc=0x000001bf43a4f288 method=java.util.HashMap.keysToArray([Ljava/lang/Object;)[Ljava/lang/Object; @ 32 c2
Event: 40.563 Thread 0x000001bf981904f0 DEOPT PACKING pc=0x000001bf43a4f288 sp=0x0000005e537fc780
Event: 40.563 Thread 0x000001bf981904f0 DEOPT UNPACKING pc=0x000001bf42e03aa2 sp=0x0000005e537fc730 mode 2

Classes loaded (20 events):
Event: 32.509 Loading class java/util/stream/DistinctOps$1
Event: 32.510 Loading class java/util/stream/DistinctOps$1 done
Event: 32.515 Loading class java/util/stream/DistinctOps$1$2
Event: 32.516 Loading class java/util/stream/DistinctOps$1$2 done
Event: 34.988 Loading class java/lang/invoke/MethodHandleImpl$CountingWrapper$1
Event: 34.988 Loading class java/lang/invoke/MethodHandleImpl$CountingWrapper$1 done
Event: 35.377 Loading class java/util/HashMap$EntrySpliterator
Event: 35.377 Loading class java/util/HashMap$EntrySpliterator done
Event: 35.877 Loading class java/util/AbstractList$RandomAccessSubList
Event: 35.877 Loading class java/util/AbstractList$SubList
Event: 35.879 Loading class java/util/AbstractList$SubList done
Event: 35.879 Loading class java/util/AbstractList$RandomAccessSubList done
Event: 35.879 Loading class java/util/AbstractList$SubList$1
Event: 35.879 Loading class java/util/AbstractList$SubList$1 done
Event: 36.758 Loading class sun/nio/cs/ISO_8859_1$Encoder
Event: 36.758 Loading class sun/nio/cs/ISO_8859_1$Encoder done
Event: 36.758 Loading class sun/nio/cs/Surrogate$Parser
Event: 36.759 Loading class sun/nio/cs/Surrogate$Parser done
Event: 36.759 Loading class sun/nio/cs/Surrogate
Event: 36.759 Loading class sun/nio/cs/Surrogate done

Classes unloaded (7 events):
Event: 13.226 Thread 0x000001bf3872da60 Unloading class 0x000001bf501acc00 'java/lang/invoke/LambdaForm$MH+0x000001bf501acc00'
Event: 13.226 Thread 0x000001bf3872da60 Unloading class 0x000001bf501ac800 'java/lang/invoke/LambdaForm$MH+0x000001bf501ac800'
Event: 13.226 Thread 0x000001bf3872da60 Unloading class 0x000001bf501ac400 'java/lang/invoke/LambdaForm$MH+0x000001bf501ac400'
Event: 13.226 Thread 0x000001bf3872da60 Unloading class 0x000001bf501ac000 'java/lang/invoke/LambdaForm$MH+0x000001bf501ac000'
Event: 13.226 Thread 0x000001bf3872da60 Unloading class 0x000001bf501abc00 'java/lang/invoke/LambdaForm$BMH+0x000001bf501abc00'
Event: 13.226 Thread 0x000001bf3872da60 Unloading class 0x000001bf501ab800 'java/lang/invoke/LambdaForm$DMH+0x000001bf501ab800'
Event: 13.226 Thread 0x000001bf3872da60 Unloading class 0x000001bf501aa400 'java/lang/invoke/LambdaForm$DMH+0x000001bf501aa400'

Classes redefined (0 events):
No events

Internal exceptions (20 events):
Event: 33.519 Thread 0x000001bf9818fe60 Exception <a 'java/lang/IncompatibleClassChangeError'{0x00000000d59cfbb8}: Found class java.lang.Object, but interface was expected> (0x00000000d59cfbb8) 
thrown [s\src\hotspot\share\interpreter\linkResolver.cpp, line 840]
Event: 33.528 Thread 0x000001bf98193970 Exception <a 'java/lang/ArrayIndexOutOfBoundsException'{0x00000000d5b8ccd0}> (0x00000000d5b8ccd0) 
thrown [s\src\hotspot\share\runtime\sharedRuntime.cpp, line 625]
Event: 34.663 Thread 0x000001bf96e64af0 Exception <a 'sun/nio/fs/WindowsException'{0x00000000d580dc98}> (0x00000000d580dc98) 
thrown [s\src\hotspot\share\prims\jni.cpp, line 520]
Event: 34.663 Thread 0x000001bf96e64af0 Exception <a 'sun/nio/fs/WindowsException'{0x00000000d580e6d0}> (0x00000000d580e6d0) 
thrown [s\src\hotspot\share\prims\jni.cpp, line 520]
Event: 35.272 Thread 0x000001bf981904f0 Exception <a 'sun/nio/fs/WindowsException'{0x00000000d5797f48}> (0x00000000d5797f48) 
thrown [s\src\hotspot\share\prims\jni.cpp, line 520]
Event: 35.272 Thread 0x000001bf981904f0 Exception <a 'sun/nio/fs/WindowsException'{0x00000000d57b62d8}> (0x00000000d57b62d8) 
thrown [s\src\hotspot\share\prims\jni.cpp, line 520]
Event: 35.272 Thread 0x000001bf981904f0 Exception <a 'sun/nio/fs/WindowsException'{0x00000000d57b7168}> (0x00000000d57b7168) 
thrown [s\src\hotspot\share\prims\jni.cpp, line 520]
Event: 35.272 Thread 0x000001bf981904f0 Exception <a 'sun/nio/fs/WindowsException'{0x00000000d57b7960}> (0x00000000d57b7960) 
thrown [s\src\hotspot\share\prims\jni.cpp, line 520]
Event: 35.274 Thread 0x000001bf981904f0 Exception <a 'sun/nio/fs/WindowsException'{0x00000000d57cc680}> (0x00000000d57cc680) 
thrown [s\src\hotspot\share\prims\jni.cpp, line 520]
Event: 35.275 Thread 0x000001bf981904f0 Exception <a 'sun/nio/fs/WindowsException'{0x00000000d57cd0e0}> (0x00000000d57cd0e0) 
thrown [s\src\hotspot\share\prims\jni.cpp, line 520]
Event: 35.281 Thread 0x000001bf981904f0 Exception <a 'sun/nio/fs/WindowsException'{0x00000000d582d918}> (0x00000000d582d918) 
thrown [s\src\hotspot\share\prims\jni.cpp, line 520]
Event: 35.281 Thread 0x000001bf981904f0 Exception <a 'sun/nio/fs/WindowsException'{0x00000000d58414d8}> (0x00000000d58414d8) 
thrown [s\src\hotspot\share\prims\jni.cpp, line 520]
Event: 35.943 Thread 0x000001bf96e64af0 Exception <a 'java/lang/NoSuchMethodError'{0x00000000d5852fc0}: 'java.lang.Object java.lang.invoke.DirectMethodHandle$Holder.invokeStatic(java.lang.Object, java.lang.Object, int, java.lang.Object)'> (0x00000000d5852fc0) 
thrown [s\src\hotspot\share\interpreter\linkResolver.cpp, line 773]
Event: 35.944 Thread 0x000001bf96e64af0 Exception <a 'java/lang/NoSuchMethodError'{0x00000000d5860750}: 'java.lang.Object java.lang.invoke.DirectMethodHandle$Holder.newInvokeSpecial(java.lang.Object, java.lang.Object, int)'> (0x00000000d5860750) 
thrown [s\src\hotspot\share\interpreter\linkResolver.cpp, line 773]
Event: 37.891 Thread 0x000001bf9818fe60 Exception <a 'java/lang/IncompatibleClassChangeError'{0x00000000d598e7e8}: Found class java.lang.Object, but interface was expected> (0x00000000d598e7e8) 
thrown [s\src\hotspot\share\interpreter\linkResolver.cpp, line 840]
Event: 37.909 Thread 0x000001bf981925c0 Exception <a 'java/lang/NoSuchMethodError'{0x00000000d59c69b8}: 'java.lang.Object java.lang.invoke.DirectMethodHandle$Holder.invokeSpecial(java.lang.Object, java.lang.Object, java.lang.Object, java.lang.Object, int, java.lang.Object, java.lang.Object)'> (0x00000000d59c69b8) 
thrown [s\src\hotspot\share\interpreter\linkResolver.cpp, line 773]
Event: 38.569 Thread 0x000001bf96e64460 Exception <a 'sun/nio/fs/WindowsException'{0x00000000d563f2a0}> (0x00000000d563f2a0) 
thrown [s\src\hotspot\share\prims\jni.cpp, line 520]
Event: 38.569 Thread 0x000001bf96e64460 Exception <a 'sun/nio/fs/WindowsException'{0x00000000d563fa58}> (0x00000000d563fa58) 
thrown [s\src\hotspot\share\prims\jni.cpp, line 520]
Event: 38.571 Thread 0x000001bf96e64460 Exception <a 'sun/nio/fs/WindowsException'{0x00000000d566c1d8}> (0x00000000d566c1d8) 
thrown [s\src\hotspot\share\prims\jni.cpp, line 520]
Event: 38.571 Thread 0x000001bf96e64460 Exception <a 'sun/nio/fs/WindowsException'{0x00000000d566c978}> (0x00000000d566c978) 
thrown [s\src\hotspot\share\prims\jni.cpp, line 520]

ZGC Phase Switch (0 events):
No events

VM Operations (20 events):
Event: 4448.398 Executing non-safepoint VM operation: RendezvousGCThreads
Event: 4448.398 Executing non-safepoint VM operation: RendezvousGCThreads done
Event: 4508.578 Executing non-safepoint VM operation: HandshakeAllThreads (HandshakeForDeflation)
Event: 4508.578 Executing non-safepoint VM operation: HandshakeAllThreads (HandshakeForDeflation) done
Event: 4508.578 Executing non-safepoint VM operation: RendezvousGCThreads
Event: 4508.578 Executing non-safepoint VM operation: RendezvousGCThreads done
Event: 4568.682 Executing non-safepoint VM operation: HandshakeAllThreads (HandshakeForDeflation)
Event: 4568.682 Executing non-safepoint VM operation: HandshakeAllThreads (HandshakeForDeflation) done
Event: 4568.682 Executing non-safepoint VM operation: RendezvousGCThreads
Event: 4568.682 Executing non-safepoint VM operation: RendezvousGCThreads done
Event: 4628.694 Executing non-safepoint VM operation: HandshakeAllThreads (HandshakeForDeflation)
Event: 4628.694 Executing non-safepoint VM operation: HandshakeAllThreads (HandshakeForDeflation) done
Event: 4628.694 Executing non-safepoint VM operation: RendezvousGCThreads
Event: 4628.694 Executing non-safepoint VM operation: RendezvousGCThreads done
Event: 4688.775 Executing non-safepoint VM operation: HandshakeAllThreads (HandshakeForDeflation)
Event: 4688.775 Executing non-safepoint VM operation: HandshakeAllThreads (HandshakeForDeflation) done
Event: 4688.775 Executing non-safepoint VM operation: RendezvousGCThreads
Event: 4688.775 Executing non-safepoint VM operation: RendezvousGCThreads done
Event: 4693.792 Executing safepoint VM operation: Cleanup
Event: 4693.792 Executing safepoint VM operation: Cleanup done

Memory protections (0 events):
No events

Nmethod flushes (20 events):
Event: 29.236 Thread 0x000001bf3872da60 flushing  nmethod 0x000001bf3c18d290
Event: 29.236 Thread 0x000001bf3872da60 flushing  nmethod 0x000001bf3c1d6d10
Event: 29.236 Thread 0x000001bf3872da60 flushing  nmethod 0x000001bf3c1da790
Event: 29.236 Thread 0x000001bf3872da60 flushing  nmethod 0x000001bf3c1db090
Event: 29.236 Thread 0x000001bf3872da60 flushing  nmethod 0x000001bf3c1dba90
Event: 29.236 Thread 0x000001bf3872da60 flushing  nmethod 0x000001bf3c1dc210
Event: 29.236 Thread 0x000001bf3872da60 flushing  nmethod 0x000001bf3c1dd710
Event: 29.236 Thread 0x000001bf3872da60 flushing  nmethod 0x000001bf3c1ddc10
Event: 29.236 Thread 0x000001bf3872da60 flushing  nmethod 0x000001bf3c1ec290
Event: 29.236 Thread 0x000001bf3872da60 flushing  nmethod 0x000001bf3c1f2590
Event: 29.236 Thread 0x000001bf3872da60 flushing  nmethod 0x000001bf3c216810
Event: 29.236 Thread 0x000001bf3872da60 flushing  nmethod 0x000001bf3c217d90
Event: 29.236 Thread 0x000001bf3872da60 flushing  nmethod 0x000001bf3c21b590
Event: 29.236 Thread 0x000001bf3872da60 flushing  nmethod 0x000001bf3c26c810
Event: 29.236 Thread 0x000001bf3872da60 flushing  nmethod 0x000001bf3c26ce10
Event: 29.236 Thread 0x000001bf3872da60 flushing  nmethod 0x000001bf3c26e210
Event: 29.236 Thread 0x000001bf3872da60 flushing  nmethod 0x000001bf3c26ea90
Event: 29.236 Thread 0x000001bf3872da60 flushing  nmethod 0x000001bf3c26f610
Event: 29.236 Thread 0x000001bf3872da60 flushing  nmethod 0x000001bf3c26fc10
Event: 29.236 Thread 0x000001bf3872da60 flushing  nmethod 0x000001bf3c279390

Events (20 events):
Event: 37.988 Thread 0x000001bf91ab80e0 Thread added: 0x000001bf98d69270
Event: 38.213 Thread 0x000001bf98d69270 Thread exited: 0x000001bf98d69270
Event: 38.214 Thread 0x000001bf98d68ba0 Thread exited: 0x000001bf98d68ba0
Event: 38.322 Thread 0x000001bf91ab80e0 Thread added: 0x000001bf98d69270
Event: 38.322 Thread 0x000001bf91ab80e0 Thread added: 0x000001bf98d68ba0
Event: 38.566 Thread 0x000001bf98d68ba0 Thread exited: 0x000001bf98d68ba0
Event: 38.570 Thread 0x000001bf98d69270 Thread exited: 0x000001bf98d69270
Event: 40.559 Thread 0x000001bf91ab80e0 Thread added: 0x000001bf98d68ba0
Event: 46.015 Thread 0x000001bf98d68ba0 Thread exited: 0x000001bf98d68ba0
Event: 96.056 Thread 0x000001bf96e64af0 Thread exited: 0x000001bf96e64af0
Event: 97.934 Thread 0x000001bf96e65810 Thread exited: 0x000001bf96e65810
Event: 98.580 Thread 0x000001bf96e630b0 Thread exited: 0x000001bf96e630b0
Event: 100.536 Thread 0x000001bf96e64460 Thread exited: 0x000001bf96e64460
Event: 100.628 Thread 0x000001bf981904f0 Thread exited: 0x000001bf981904f0
Event: 160.635 Thread 0x000001bf981925c0 Thread exited: 0x000001bf981925c0
Event: 220.647 Thread 0x000001bf98193970 Thread exited: 0x000001bf98193970
Event: 280.651 Thread 0x000001bf981960d0 Thread exited: 0x000001bf981960d0
Event: 340.652 Thread 0x000001bf98194690 Thread exited: 0x000001bf98194690
Event: 400.666 Thread 0x000001bf981953b0 Thread exited: 0x000001bf981953b0
Event: 460.668 Thread 0x000001bf98191f30 Thread exited: 0x000001bf98191f30


Dynamic libraries:
0x00007ff649970000 - 0x00007ff64997e000 	c:\Users\KEKE\.cursor\extensions\redhat.java-1.53.0-win32-x64\jre\21.0.10-win32-x86_64\bin\java.exe
0x00007ffecd310000 - 0x00007ffecd508000 	C:\WINDOWS\SYSTEM32\ntdll.dll
0x00007ffecd050000 - 0x00007ffecd112000 	C:\WINDOWS\System32\KERNEL32.DLL
0x00007ffecb040000 - 0x00007ffecb336000 	C:\WINDOWS\System32\KERNELBASE.dll
0x00007ffecae90000 - 0x00007ffecaf90000 	C:\WINDOWS\System32\ucrtbase.dll
0x00007ffec55a0000 - 0x00007ffec55b8000 	c:\Users\KEKE\.cursor\extensions\redhat.java-1.53.0-win32-x64\jre\21.0.10-win32-x86_64\bin\jli.dll
0x00007ffecc6b0000 - 0x00007ffecc84d000 	C:\WINDOWS\System32\USER32.dll
0x00007ffecac20000 - 0x00007ffecac42000 	C:\WINDOWS\System32\win32u.dll
0x00007ffecbf10000 - 0x00007ffecbf3b000 	C:\WINDOWS\System32\GDI32.dll
0x00007ffecac50000 - 0x00007ffecad69000 	C:\WINDOWS\System32\gdi32full.dll
0x00007ffecad70000 - 0x00007ffecae0d000 	C:\WINDOWS\System32\msvcp_win.dll
0x00007ffec5580000 - 0x00007ffec559e000 	c:\Users\KEKE\.cursor\extensions\redhat.java-1.53.0-win32-x64\jre\21.0.10-win32-x86_64\bin\VCRUNTIME140.dll
0x00007ffeba390000 - 0x00007ffeba62b000 	C:\WINDOWS\WinSxS\amd64_microsoft.windows.common-controls_6595b64144ccf1df_6.0.19041.6280_none_60bc30a171f2f3f3\COMCTL32.dll
0x00007ffecb340000 - 0x00007ffecb3de000 	C:\WINDOWS\System32\msvcrt.dll
0x00007ffecc130000 - 0x00007ffecc15f000 	C:\WINDOWS\System32\IMM32.DLL
0x00007ffebd370000 - 0x00007ffebd37c000 	c:\Users\KEKE\.cursor\extensions\redhat.java-1.53.0-win32-x64\jre\21.0.10-win32-x86_64\bin\vcruntime140_1.dll
0x00007ffea9520000 - 0x00007ffea95ad000 	c:\Users\KEKE\.cursor\extensions\redhat.java-1.53.0-win32-x64\jre\21.0.10-win32-x86_64\bin\msvcp140.dll
0x00007ffe91a30000 - 0x00007ffe927d1000 	c:\Users\KEKE\.cursor\extensions\redhat.java-1.53.0-win32-x64\jre\21.0.10-win32-x86_64\bin\server\jvm.dll
0x00007ffecc070000 - 0x00007ffecc121000 	C:\WINDOWS\System32\ADVAPI32.dll
0x00007ffecc610000 - 0x00007ffecc6af000 	C:\WINDOWS\System32\sechost.dll
0x00007ffecbc40000 - 0x00007ffecbd60000 	C:\WINDOWS\System32\RPCRT4.dll
0x00007ffecae10000 - 0x00007ffecae37000 	C:\WINDOWS\System32\bcrypt.dll
0x00007ffecb960000 - 0x00007ffecb9cb000 	C:\WINDOWS\System32\WS2_32.dll
0x00007ffeca810000 - 0x00007ffeca85b000 	C:\WINDOWS\SYSTEM32\POWRPROF.dll
0x00007ffec1b90000 - 0x00007ffec1b9a000 	C:\WINDOWS\SYSTEM32\VERSION.dll
0x00007ffebfce0000 - 0x00007ffebfd07000 	C:\WINDOWS\SYSTEM32\WINMM.dll
0x00007ffeca7f0000 - 0x00007ffeca802000 	C:\WINDOWS\SYSTEM32\UMPDC.dll
0x00007ffec91d0000 - 0x00007ffec91e2000 	C:\WINDOWS\SYSTEM32\kernel.appcore.dll
0x00007ffec3e00000 - 0x00007ffec3e0a000 	c:\Users\KEKE\.cursor\extensions\redhat.java-1.53.0-win32-x64\jre\21.0.10-win32-x86_64\bin\jimage.dll
0x00007ffec8c60000 - 0x00007ffec8e61000 	C:\WINDOWS\SYSTEM32\DBGHELP.DLL
0x00007ffeb4840000 - 0x00007ffeb4874000 	C:\WINDOWS\SYSTEM32\dbgcore.DLL
0x00007ffeca9b0000 - 0x00007ffecaa32000 	C:\WINDOWS\System32\bcryptPrimitives.dll
0x00007ffec3df0000 - 0x00007ffec3dff000 	c:\Users\KEKE\.cursor\extensions\redhat.java-1.53.0-win32-x64\jre\21.0.10-win32-x86_64\bin\instrument.dll
0x00007ffeaf8d0000 - 0x00007ffeaf8f0000 	c:\Users\KEKE\.cursor\extensions\redhat.java-1.53.0-win32-x64\jre\21.0.10-win32-x86_64\bin\java.dll
0x00007ffecc850000 - 0x00007ffeccfc0000 	C:\WINDOWS\System32\SHELL32.dll
0x00007ffec83e0000 - 0x00007ffec8b85000 	C:\WINDOWS\SYSTEM32\windows.storage.dll
0x00007ffecc270000 - 0x00007ffecc5c3000 	C:\WINDOWS\System32\combase.dll
0x00007ffeca310000 - 0x00007ffeca33b000 	C:\WINDOWS\SYSTEM32\Wldp.dll
0x00007ffecbf40000 - 0x00007ffecc00d000 	C:\WINDOWS\System32\OLEAUT32.dll
0x00007ffecb8b0000 - 0x00007ffecb95d000 	C:\WINDOWS\System32\SHCORE.dll
0x00007ffecbbd0000 - 0x00007ffecbc2b000 	C:\WINDOWS\System32\shlwapi.dll
0x00007ffeca8e0000 - 0x00007ffeca904000 	C:\WINDOWS\SYSTEM32\profapi.dll
0x00007ffeaf4f0000 - 0x00007ffeaf508000 	c:\Users\KEKE\.cursor\extensions\redhat.java-1.53.0-win32-x64\jre\21.0.10-win32-x86_64\bin\zip.dll
0x00007ffebd4b0000 - 0x00007ffebd4c0000 	C:\Users\KEKE\.cursor\extensions\redhat.java-1.53.0-win32-x64\jre\21.0.10-win32-x86_64\bin\net.dll
0x00007ffec14e0000 - 0x00007ffec15ea000 	C:\WINDOWS\SYSTEM32\WINHTTP.dll
0x00007ffeca070000 - 0x00007ffeca0da000 	C:\WINDOWS\system32\mswsock.dll
0x00007ffea9600000 - 0x00007ffea9616000 	C:\Users\KEKE\.cursor\extensions\redhat.java-1.53.0-win32-x64\jre\21.0.10-win32-x86_64\bin\nio.dll
0x00007ffeb7a00000 - 0x00007ffeb7a10000 	c:\Users\KEKE\.cursor\extensions\redhat.java-1.53.0-win32-x64\jre\21.0.10-win32-x86_64\bin\verify.dll
0x00007ffea7d80000 - 0x00007ffea7dc5000 	C:\Users\KEKE\AppData\Roaming\Cursor\User\globalStorage\redhat.java\1.53.0\config_win\org.eclipse.equinox.launcher\org.eclipse.equinox.launcher.win32.win32.x86_64_1.3.0.v20260203-2149\eclipse_11919.dll
0x00007ffecd120000 - 0x00007ffecd24b000 	C:\WINDOWS\System32\ole32.dll
0x00007ffeca270000 - 0x00007ffeca288000 	C:\WINDOWS\SYSTEM32\CRYPTSP.dll
0x00007ffec9990000 - 0x00007ffec99c8000 	C:\WINDOWS\system32\rsaenh.dll
0x00007ffeca8a0000 - 0x00007ffeca8ce000 	C:\WINDOWS\SYSTEM32\USERENV.dll
0x00007ffeca260000 - 0x00007ffeca26c000 	C:\WINDOWS\SYSTEM32\CRYPTBASE.dll
0x00007ffec9d50000 - 0x00007ffec9d8b000 	C:\WINDOWS\SYSTEM32\IPHLPAPI.DLL
0x00007ffecc5e0000 - 0x00007ffecc5e8000 	C:\WINDOWS\System32\NSI.dll
0x00007ffeaa410000 - 0x00007ffeaa459000 	C:\Users\KEKE\AppData\Local\Temp\jna-2303028\jna15262014007412077907.dll
0x00007ffecbc30000 - 0x00007ffecbc38000 	C:\WINDOWS\System32\PSAPI.DLL
0x00007ffec1950000 - 0x00007ffec1967000 	C:\WINDOWS\SYSTEM32\dhcpcsvc6.DLL
0x00007ffec2660000 - 0x00007ffec267d000 	C:\WINDOWS\SYSTEM32\dhcpcsvc.DLL

JVMTI agents:
c:\Users\KEKE\.cursor\extensions\redhat.java-1.53.0-win32-x64\lombok\lombok-1.18.39-4050.jar path:c:\Users\KEKE\.cursor\extensions\redhat.java-1.53.0-win32-x64\jre\21.0.10-win32-x86_64\bin\instrument.dll, loaded, initialized, instrumentlib options:none

dbghelp: loaded successfully - version: 4.0.5 - missing functions: none
symbol engine: initialized successfully - sym options: 0x614 - pdb path: .;c:\Users\KEKE\.cursor\extensions\redhat.java-1.53.0-win32-x64\jre\21.0.10-win32-x86_64\bin;C:\WINDOWS\SYSTEM32;C:\WINDOWS\WinSxS\amd64_microsoft.windows.common-controls_6595b64144ccf1df_6.0.19041.6280_none_60bc30a171f2f3f3;c:\Users\KEKE\.cursor\extensions\redhat.java-1.53.0-win32-x64\jre\21.0.10-win32-x86_64\bin\server;C:\Users\KEKE\AppData\Roaming\Cursor\User\globalStorage\redhat.java\1.53.0\config_win\org.eclipse.equinox.launcher\org.eclipse.equinox.launcher.win32.win32.x86_64_1.3.0.v20260203-2149;C:\Users\KEKE\AppData\Local\Temp\jna-2303028

VM Arguments:
jvm_args: --add-modules=ALL-SYSTEM --add-opens=java.base/java.util=ALL-UNNAMED --add-opens=java.base/java.lang=ALL-UNNAMED --add-opens=java.base/sun.nio.fs=ALL-UNNAMED -Declipse.application=org.eclipse.jdt.ls.core.id1 -Dosgi.bundles.defaultStartLevel=4 -Declipse.product=org.eclipse.jdt.ls.core.product -Djava.import.generatesMetadataFilesAtProjectRoot=false -DDetectVMInstallationsJob.disabled=true -Dfile.encoding=utf8 -XX:+UseParallelGC -XX:GCTimeRatio=4 -XX:AdaptiveSizePolicyWeight=90 -Dsun.zip.disableMemoryMapping=true -Xmx2G -Xms100m -Xlog:disable -javaagent:c:\Users\KEKE\.cursor\extensions\redhat.java-1.53.0-win32-x64\lombok\lombok-1.18.39-4050.jar -XX:+HeapDumpOnOutOfMemoryError -XX:HeapDumpPath=c:\Users\KEKE\AppData\Roaming\Cursor\User\workspaceStorage\b4f81907cdd886fa0c08bef9f9a78c8a\redhat.java -Daether.dependencyCollector.impl=bf 
java_command: c:\Users\KEKE\.cursor\extensions\redhat.java-1.53.0-win32-x64\server\plugins\org.eclipse.equinox.launcher_1.7.100.v20251111-0406.jar -configuration c:\Users\KEKE\AppData\Roaming\Cursor\User\globalStorage\redhat.java\1.53.0\config_win -data c:\Users\KEKE\AppData\Roaming\Cursor\User\workspaceStorage\b4f81907cdd886fa0c08bef9f9a78c8a\redhat.java\jdt_ws --pipe=\\.\pipe\lsp-81456cfd104f0770bce14bf30e0d4105-sock
java_class_path (initial): c:\Users\KEKE\.cursor\extensions\redhat.java-1.53.0-win32-x64\server\plugins\org.eclipse.equinox.launcher_1.7.100.v20251111-0406.jar
Launcher Type: SUN_STANDARD

[Global flags]
    uintx AdaptiveSizePolicyWeight                 = 90                                        {product} {command line}
     intx CICompilerCount                          = 4                                         {product} {ergonomic}
    uintx GCTimeRatio                              = 4                                         {product} {command line}
     bool HeapDumpOnOutOfMemoryError               = true                                   {manageable} {command line}
    ccstr HeapDumpPath                             = c:\Users\KEKE\AppData\Roaming\Cursor\User\workspaceStorage\b4f81907cdd886fa0c08bef9f9a78c8a\redhat.java         {manageable} {command line}
   size_t InitialHeapSize                          = 104857600                                 {product} {command line}
   size_t MaxHeapSize                              = 2147483648                                {product} {command line}
   size_t MaxNewSize                               = 715653120                                 {product} {ergonomic}
   size_t MinHeapDeltaBytes                        = 524288                                    {product} {ergonomic}
   size_t MinHeapSize                              = 104857600                                 {product} {command line}
   size_t NewSize                                  = 34603008                                  {product} {ergonomic}
    uintx NonNMethodCodeHeapSize                   = 5839372                                {pd product} {ergonomic}
    uintx NonProfiledCodeHeapSize                  = 122909434                              {pd product} {ergonomic}
   size_t OldSize                                  = 70254592                                  {product} {ergonomic}
    uintx ProfiledCodeHeapSize                     = 122909434                              {pd product} {ergonomic}
    uintx ReservedCodeCacheSize                    = 251658240                              {pd product} {ergonomic}
     bool SegmentedCodeCache                       = true                                      {product} {ergonomic}
   size_t SoftMaxHeapSize                          = 2147483648                             {manageable} {ergonomic}
     bool UseCompressedOops                        = true                           {product lp64_product} {ergonomic}
     bool UseLargePagesIndividualAllocation        = false                                  {pd product} {ergonomic}
     bool UseParallelGC                            = true                                      {product} {command line}

Logging:
Log output configuration:
 #0: stdout all=off uptime,level,tags foldmultilines=false
 #1: stderr all=off uptime,level,tags foldmultilines=false

Release file:
JAVA_VERSION="21.0.10" 
MODULES="java.base java.compiler java.datatransfer java.xml java.prefs java.desktop java.instrument java.logging java.management java.security.sasl java.naming java.rmi java.management.rmi java.net.http java.scripting java.security.jgss java.transaction.xa java.sql java.sql.rowset java.xml.crypto java.se java.smartcardio jdk.accessibility jdk.internal.jvmstat jdk.attach jdk.charsets jdk.internal.opt jdk.zipfs jdk.compiler jdk.crypto.ec jdk.crypto.cryptoki jdk.crypto.mscapi jdk.dynalink jdk.internal.ed jdk.editpad jdk.hotspot.agent jdk.httpserver jdk.internal.le jdk.internal.vm.ci jdk.internal.vm.compiler jdk.internal.vm.compiler.management jdk.jartool jdk.javadoc jdk.jcmd jdk.management jdk.management.agent jdk.jconsole jdk.jdeps jdk.jdwp.agent jdk.jdi jdk.jfr jdk.jshell jdk.jsobject jdk.jstatd jdk.localedata jdk.management.jfr jdk.naming.dns jdk.naming.rmi jdk.net jdk.nio.mapmode jdk.random jdk.sctp jdk.security.auth jdk.security.jgss jdk.unsupported jdk.unsupported.desktop jdk.xml.dom" 

Environment Variables:
PATH=C:\env\java\jdk-11\bin;C:\Program Files (x86)\Common Files\Oracle\Java\javapath;C:\WINDOWS\system32;C:\WINDOWS;C:\WINDOWS\System32\Wbem;C:\WINDOWS\System32\WindowsPowerShell\v1.0\;C:\WINDOWS\System32\OpenSSH\;C:\Program Files\Git\cmd;C:\env softs\cmake-4.1.0-rc1-windows-x86_64\bin;C:\Program Files\nodejs\;C:\env\apache-maven-3.9.8\bin;C:\redis;C:\laragon\bin\mysql\mysql-8.0.30-winx64\bin;C:\laragon\bin;C:\laragon\bin\apache\httpd-2.4.54-win64-VS16\bin;C:\laragon\bin\composer;C:\laragon\bin\dbeaver;C:\laragon\bin\git\bin;C:\laragon\bin\git\cmd;C:\laragon\bin\git\mingw64\bin;C:\laragon\bin\git\usr\bin;C:\laragon\bin\laragon\utils;C:\laragon\bin\mysql\mysql-8.0.30-winx64\bin;C:\laragon\bin\nginx\nginx-1.22.0;C:\laragon\bin\ngrok;C:\laragon\bin\nodejs\node-v18;C:\laragon\bin\notepad++;C:\laragon\bin\php\php-8.2.30-Win32-vs16-x64;C:\laragon\bin\python\python-3.10;C:\laragon\bin\python\python-3.10\Scripts;C:\laragon\bin\redis\redis-x64-5.0.14.1;C:\laragon\bin\telnet;C:\laragon\usr\bin;C:\Users\KEKE\AppData\Local\Yarn\config\global\node_modules\.bin;C:\Users\KEKE\AppData\Roaming\Composer\vendor\bin;C:\Users\KEKE\AppData\Roaming\npm;C:\Program Files\MySQL\MySQL Shell 8.0\bin\;C:\Users\KEKE\AppData\Local\Microsoft\WindowsApps;C:\Users\KEKE\AppData\Local\Programs\cursor\resources\app\bin;C:\Users\KEKE\AppData\Local\Programs\Microsoft VS Code\bin
USERNAME=KEKE
OS=Windows_NT
PROCESSOR_IDENTIFIER=AMD64 Family 23 Model 24 Stepping 1, AuthenticAMD
TMP=C:\Users\KEKE\AppData\Local\Temp
TEMP=C:\Users\KEKE\AppData\Local\Temp




Periodic native trim disabled

---------------  S Y S T E M  ---------------

OS:
 Windows 10 , 64 bit Build 19041 (10.0.19041.5915)
OS uptime: 0 days 7:06 hours

CPU: total 8 (initial active 8) (8 cores per cpu, 2 threads per core) family 23 model 24 stepping 1 microcode 0x0, cx8, cmov, fxsr, ht, mmx, 3dnowpref, sse, sse2, sse3, ssse3, sse4a, sse4.1, sse4.2, popcnt, lzcnt, tsc, tscinvbit, avx, avx2, aes, clmul, bmi1, bmi2, adx, sha, fma, vzeroupper, clflush, clflushopt, rdtscp, f16c
Processor Information for the first 8 processors :
  Max Mhz: 2100, Current Mhz: 2100, Mhz Limit: 2100

Memory: 4k page, system-wide physical 7103M (396M free)
TotalPageFile size 22463M (AvailPageFile size 2M)
current process WorkingSet (physical memory assigned to process): 9M, peak: 348M
current process commit charge ("private bytes"): 366M, peak: 421M

vm_info: OpenJDK 64-Bit Server VM (21.0.10+7-LTS) for windows-amd64 JRE (21.0.10+7-LTS), built on 2026-01-20T00:00:00Z by "admin" with MS VC++ 17.12 (VS2022)

END.
