#
# There is insufficient memory for the Java Runtime Environment to continue.
# Native memory allocation (malloc) failed to allocate 1718736 bytes. Error detail: Chunk::new
# Possible reasons:
#   The system is out of physical RAM or swap space
#   This process is running with CompressedOops enabled, and the Java Heap may be blocking the growth of the native heap
# Possible solutions:
#   Reduce memory load on the system
#   Increase physical memory or swap space
#   Check if swap backing store is full
#   Decrease Java heap size (-Xmx/-Xms)
#   Decrease number of Java threads
#   Decrease Java thread stack sizes (-Xss)
#   Set larger code cache with -XX:ReservedCodeCacheSize=
#   JVM is running with Unscaled Compressed Oops mode in which the Java heap is
#     placed in the first 4GB address space. The Java Heap base address is the
#     maximum limit for the native heap growth. Please use -XX:HeapBaseMinAddress
#     to set the Java Heap base and to place the Java Heap above 4GB virtual address.
# This output file may be truncated or incomplete.
#
#  Out of Memory Error (arena.cpp:168), pid=13620, tid=6968
#
# JRE version: OpenJDK Runtime Environment Temurin-21.0.10+7 (21.0.10+7) (build 21.0.10+7-LTS)
# Java VM: OpenJDK 64-Bit Server VM Temurin-21.0.10+7 (21.0.10+7-LTS, mixed mode, sharing, tiered, compressed oops, compressed class ptrs, parallel gc, windows-amd64)
# No core dump will be written. Minidumps are not enabled by default on client versions of Windows
#

---------------  S U M M A R Y ------------

Command Line: --add-modules=ALL-SYSTEM --add-opens=java.base/java.util=ALL-UNNAMED --add-opens=java.base/java.lang=ALL-UNNAMED --add-opens=java.base/sun.nio.fs=ALL-UNNAMED -Declipse.application=org.eclipse.jdt.ls.core.id1 -Dosgi.bundles.defaultStartLevel=4 -Declipse.product=org.eclipse.jdt.ls.core.product -Djava.import.generatesMetadataFilesAtProjectRoot=false -DDetectVMInstallationsJob.disabled=true -Dfile.encoding=utf8 -XX:+UseParallelGC -XX:GCTimeRatio=4 -XX:AdaptiveSizePolicyWeight=90 -Dsun.zip.disableMemoryMapping=true -Xmx2G -Xms100m -Xlog:disable -javaagent:c:\Users\KEKE\.cursor\extensions\redhat.java-1.53.0-win32-x64\lombok\lombok-1.18.39-4050.jar -XX:+HeapDumpOnOutOfMemoryError -XX:HeapDumpPath=c:\Users\KEKE\AppData\Roaming\Cursor\User\workspaceStorage\b4f81907cdd886fa0c08bef9f9a78c8a\redhat.java -Daether.dependencyCollector.impl=bf c:\Users\KEKE\.cursor\extensions\redhat.java-1.53.0-win32-x64\server\plugins\org.eclipse.equinox.launcher_1.7.100.v20251111-0406.jar -configuration c:\Users\KEKE\AppData\Roaming\Cursor\User\globalStorage\redhat.java\1.53.0\config_win -data c:\Users\KEKE\AppData\Roaming\Cursor\User\workspaceStorage\b4f81907cdd886fa0c08bef9f9a78c8a\redhat.java\jdt_ws --pipe=\\.\pipe\lsp-8a757255619e296e2f86edef9672d705-sock

Host: AMD Ryzen 5 3500U with Radeon Vega Mobile Gfx  , 8 cores, 6G,  Windows 10 , 64 bit Build 19041 (10.0.19041.5915)
Time: Thu Mar 12 08:06:09 2026 Temps universel coordonné elapsed time: 5.935765 seconds (0d 0h 0m 5s)

---------------  T H R E A D  ---------------

Current thread (0x000001cb962fb830):  JavaThread "C2 CompilerThread0" daemon [_thread_in_native, id=6968, stack(0x0000002577800000,0x0000002577900000) (1024K)]


Current CompileTask:
C2:5935 4007       4       org.lombokweb.asm.ClassReader::readMethod (1070 bytes)

Stack: [0x0000002577800000,0x0000002577900000]
Native frames: (J=compiled Java code, j=interpreted, Vv=VM code, C=native code)
V  [jvm.dll+0x6d7a39]
V  [jvm.dll+0x8b4b26]
V  [jvm.dll+0x8b70de]
V  [jvm.dll+0x8b77c3]
V  [jvm.dll+0x284346]
V  [jvm.dll+0xc66ed]
V  [jvm.dll+0xc6c31]
V  [jvm.dll+0x3bec01]
V  [jvm.dll+0x1e3f69]
V  [jvm.dll+0x24c6b3]
V  [jvm.dll+0x24bb40]
V  [jvm.dll+0x1cb34e]
V  [jvm.dll+0x25b85d]
V  [jvm.dll+0x259dea]
V  [jvm.dll+0x3f857e]
V  [jvm.dll+0x85f59d]
V  [jvm.dll+0x6d626d]
C  [ucrtbase.dll+0x21bb2]
C  [KERNEL32.DLL+0x17374]
C  [ntdll.dll+0x4cc91]


---------------  P R O C E S S  ---------------

Threads class SMR info:
_java_thread_list=0x000001cbdf0ebb40, length=22, elements={
0x000001cbfeaffbc0, 0x000001cb962ed530, 0x000001cb962eebf0, 0x000001cb962f0350,
0x000001cb962f14f0, 0x000001cb962f6d00, 0x000001cb96306a30, 0x000001cb962fb830,
0x000001cb962fc370, 0x000001cb96308b00, 0x000001cb963070c0, 0x000001cb96307de0,
0x000001cb96305d10, 0x000001cb963063a0, 0x000001cb96308470, 0x000001cb96309190,
0x000001cb96307750, 0x000001cbdddc37f0, 0x000001cbdddc58c0, 0x000001cbdddc4510,
0x000001cbdddc2440, 0x000001cbdddc5230
}

Java Threads: ( => current thread )
  0x000001cbfeaffbc0 JavaThread "main"                              [_thread_blocked, id=13432, stack(0x0000002576e00000,0x0000002576f00000) (1024K)]
  0x000001cb962ed530 JavaThread "Reference Handler"          daemon [_thread_blocked, id=13956, stack(0x0000002577200000,0x0000002577300000) (1024K)]
  0x000001cb962eebf0 JavaThread "Finalizer"                  daemon [_thread_blocked, id=16908, stack(0x0000002577300000,0x0000002577400000) (1024K)]
  0x000001cb962f0350 JavaThread "Signal Dispatcher"          daemon [_thread_blocked, id=4816, stack(0x0000002577400000,0x0000002577500000) (1024K)]
  0x000001cb962f14f0 JavaThread "Attach Listener"            daemon [_thread_blocked, id=16312, stack(0x0000002577500000,0x0000002577600000) (1024K)]
  0x000001cb962f6d00 JavaThread "Service Thread"             daemon [_thread_blocked, id=13820, stack(0x0000002577600000,0x0000002577700000) (1024K)]
  0x000001cb96306a30 JavaThread "Monitor Deflation Thread"   daemon [_thread_blocked, id=17912, stack(0x0000002577700000,0x0000002577800000) (1024K)]
=>0x000001cb962fb830 JavaThread "C2 CompilerThread0"         daemon [_thread_in_native, id=6968, stack(0x0000002577800000,0x0000002577900000) (1024K)]
  0x000001cb962fc370 JavaThread "C1 CompilerThread0"         daemon [_thread_blocked, id=15860, stack(0x0000002577900000,0x0000002577a00000) (1024K)]
  0x000001cb96308b00 JavaThread "Common-Cleaner"             daemon [_thread_blocked, id=17444, stack(0x0000002577a00000,0x0000002577b00000) (1024K)]
  0x000001cb963070c0 JavaThread "Notification Thread"        daemon [_thread_blocked, id=10284, stack(0x0000002577b00000,0x0000002577c00000) (1024K)]
  0x000001cb96307de0 JavaThread "Active Thread: Equinox Container: b99ff09f-4f0f-4ba7-8b07-79e75d011e1e"        [_thread_blocked, id=7248, stack(0x0000002578200000,0x0000002578300000) (1024K)]
  0x000001cb96305d10 JavaThread "Refresh Thread: Equinox Container: b99ff09f-4f0f-4ba7-8b07-79e75d011e1e" daemon [_thread_blocked, id=8908, stack(0x0000002578400000,0x0000002578500000) (1024K)]
  0x000001cb963063a0 JavaThread "Framework Event Dispatcher: Equinox Container: b99ff09f-4f0f-4ba7-8b07-79e75d011e1e" daemon [_thread_blocked, id=6552, stack(0x0000002578500000,0x0000002578600000) (1024K)]
  0x000001cb96308470 JavaThread "Start Level: Equinox Container: b99ff09f-4f0f-4ba7-8b07-79e75d011e1e" daemon [_thread_in_vm, id=19408, stack(0x0000002578600000,0x0000002578700000) (1024K)]
  0x000001cb96309190 JavaThread "Bundle File Closer"         daemon [_thread_blocked, id=6636, stack(0x0000002578700000,0x0000002578800000) (1024K)]
  0x000001cb96307750 JavaThread "SCR Component Actor"        daemon [_thread_blocked, id=4032, stack(0x0000002578800000,0x0000002578900000) (1024K)]
  0x000001cbdddc37f0 JavaThread "Worker-JM"                         [_thread_blocked, id=16816, stack(0x0000002578900000,0x0000002578a00000) (1024K)]
  0x000001cbdddc58c0 JavaThread "JNA Cleaner"                daemon [_thread_blocked, id=12428, stack(0x0000002578a00000,0x0000002578b00000) (1024K)]
  0x000001cbdddc4510 JavaThread "Worker-0"                          [_thread_blocked, id=15752, stack(0x0000002578b00000,0x0000002578c00000) (1024K)]
  0x000001cbdddc2440 JavaThread "Worker-1"                          [_thread_blocked, id=15000, stack(0x0000002578c00000,0x0000002578d00000) (1024K)]
  0x000001cbdddc5230 JavaThread "Java indexing"              daemon [_thread_blocked, id=14508, stack(0x0000002578d00000,0x0000002578e00000) (1024K)]
Total: 22

Other Threads:
  0x000001cb962e26f0 VMThread "VM Thread"                           [id=14944, stack(0x0000002577100000,0x0000002577200000) (1024K)]
  0x000001cbfeb699d0 WatcherThread "VM Periodic Task Thread"        [id=16656, stack(0x0000002577000000,0x0000002577100000) (1024K)]
  0x000001cbfeb1dfd0 WorkerThread "GC Thread#0"                     [id=18712, stack(0x0000002576f00000,0x0000002577000000) (1024K)]
  0x000001cbdd83efe0 WorkerThread "GC Thread#1"                     [id=18128, stack(0x0000002577c00000,0x0000002577d00000) (1024K)]
  0x000001cbdd83f390 WorkerThread "GC Thread#2"                     [id=1396, stack(0x0000002577d00000,0x0000002577e00000) (1024K)]
  0x000001cbdd83f740 WorkerThread "GC Thread#3"                     [id=16464, stack(0x0000002577e00000,0x0000002577f00000) (1024K)]
  0x000001cbdd7e25e0 WorkerThread "GC Thread#4"                     [id=3728, stack(0x0000002577f00000,0x0000002578000000) (1024K)]
  0x000001cbdd7e2d90 WorkerThread "GC Thread#5"                     [id=14116, stack(0x0000002578000000,0x0000002578100000) (1024K)]
  0x000001cbdd6ac400 WorkerThread "GC Thread#6"                     [id=12568, stack(0x0000002578100000,0x0000002578200000) (1024K)]
  0x000001cbdd8859f0 WorkerThread "GC Thread#7"                     [id=8680, stack(0x0000002578300000,0x0000002578400000) (1024K)]
Total: 10

Threads with active compile tasks:
C2 CompilerThread0  5957 4007       4       org.lombokweb.asm.ClassReader::readMethod (1070 bytes)
Total: 1

VM state: not at safepoint (normal execution)

VM Mutex/Monitor currently owned by a thread: None

Heap address: 0x0000000080000000, size: 2048 MB, Compressed Oops mode: 32-bit

CDS archive(s) mapped at: [0x000001cb97000000-0x000001cb97ba0000-0x000001cb97ba0000), size 12189696, SharedBaseAddress: 0x000001cb97000000, ArchiveRelocationMode: 1.
Compressed class space mapped at: 0x000001cb98000000-0x000001cbd8000000, reserved size: 1073741824
Narrow klass base: 0x000001cb97000000, Narrow klass shift: 0, Narrow klass range: 0x100000000

GC Precious Log:
 CardTable entry size: 512
 CPUs: 8 total, 8 available
 Memory: 7103M
 Large Page Support: Disabled
 NUMA Support: Disabled
 Compressed Oops: Enabled (32-bit)
 Alignments: Space 512K, Generation 512K, Heap 2M
 Heap Min Capacity: 100M
 Heap Initial Capacity: 100M
 Heap Max Capacity: 2G
 Pre-touch: Disabled
 Parallel Workers: 8

Heap:
 PSYoungGen      total 24576K, used 13976K [0x00000000d5580000, 0x00000000d7300000, 0x0000000100000000)
  eden space 23040K, 55% used [0x00000000d5580000,0x00000000d61f4f20,0x00000000d6c00000)
  from space 1536K, 79% used [0x00000000d7180000,0x00000000d72b1148,0x00000000d7300000)
  to   space 1536K, 0% used [0x00000000d7000000,0x00000000d7000000,0x00000000d7180000)
 ParOldGen       total 68608K, used 15993K [0x0000000080000000, 0x0000000084300000, 0x00000000d5580000)
  object space 68608K, 23% used [0x0000000080000000,0x0000000080f9e438,0x0000000084300000)
 Metaspace       used 29973K, committed 31040K, reserved 1114112K
  class space    used 2983K, committed 3392K, reserved 1048576K

Card table byte_map: [0x000001cbfe4b0000,0x000001cbfe8c0000] _byte_map_base: 0x000001cbfe0b0000

Marking Bits: (ParMarkBitMap*) 0x00007ffe926f3450
 Begin Bits: [0x000001cb92140000, 0x000001cb94140000)
 End Bits:   [0x000001cb94140000, 0x000001cb96140000)

Polling page: 0x000001cbfc930000

Metaspace:

Usage:
  Non-class:     26.36 MB used.
      Class:      2.91 MB used.
       Both:     29.27 MB used.

Virtual space:
  Non-class space:       64.00 MB reserved,      27.00 MB ( 42%) committed,  1 nodes.
      Class space:        1.00 GB reserved,       3.31 MB ( <1%) committed,  1 nodes.
             Both:        1.06 GB reserved,      30.31 MB (  3%) committed. 

Chunk freelists:
   Non-Class:  4.11 MB
       Class:  12.72 MB
        Both:  16.83 MB

MaxMetaspaceSize: unlimited
CompressedClassSpaceSize: 1.00 GB
Initial GC threshold: 21.00 MB
Current GC threshold: 35.00 MB
CDS: on
 - commit_granule_bytes: 65536.
 - commit_granule_words: 8192.
 - virtual_space_node_default_size: 8388608.
 - enlarge_chunks_in_place: 1.
 - use_allocation_guard: 0.


Internal statistics:

num_allocs_failed_limit: 3.
num_arena_births: 844.
num_arena_deaths: 14.
num_vsnodes_births: 2.
num_vsnodes_deaths: 0.
num_space_committed: 485.
num_space_uncommitted: 0.
num_chunks_returned_to_freelist: 17.
num_chunks_taken_from_freelist: 2090.
num_chunk_merges: 9.
num_chunk_splits: 1341.
num_chunks_enlarged: 786.
num_inconsistent_stats: 0.

CodeHeap 'non-profiled nmethods': size=120000Kb used=1663Kb max_used=1663Kb free=118336Kb
 bounds [0x000001cb8ac10000, 0x000001cb8ae80000, 0x000001cb92140000]
CodeHeap 'profiled nmethods': size=120000Kb used=9022Kb max_used=9022Kb free=110977Kb
 bounds [0x000001cb83140000, 0x000001cb83a10000, 0x000001cb8a670000]
CodeHeap 'non-nmethods': size=5760Kb used=1346Kb max_used=1346Kb free=4413Kb
 bounds [0x000001cb8a670000, 0x000001cb8a8e0000, 0x000001cb8ac10000]
CodeCache: size=245760Kb, used=12031Kb, max_used=12031Kb, free=233726Kb
 total_blobs=4954, nmethods=4318, adapters=542, full_count=0
Compilation: enabled, stopped_count=0, restarted_count=0

Compilation events (20 events):
Event: 5.915 Thread 0x000001cb962fc370 4332       2       com.sun.org.apache.xerces.internal.dom.NodeImpl::hasStringValue (17 bytes)
Event: 5.915 Thread 0x000001cb962fc370 nmethod 4332 0x000001cb83a0af10 code [0x000001cb83a0b0a0, 0x000001cb83a0b1c0]
Event: 5.915 Thread 0x000001cb962fc370 4334       2       com.sun.org.apache.xerces.internal.dom.DeferredDocumentImpl::getLastChild (7 bytes)
Event: 5.915 Thread 0x000001cb962fc370 nmethod 4334 0x000001cb83a0b290 code [0x000001cb83a0b440, 0x000001cb83a0b570]
Event: 5.915 Thread 0x000001cb962fc370 4335       2       com.sun.org.apache.xerces.internal.dom.DeferredDocumentImpl::getLastChild (49 bytes)
Event: 5.915 Thread 0x000001cb962fc370 nmethod 4335 0x000001cb83a0b610 code [0x000001cb83a0b7c0, 0x000001cb83a0b9b8]
Event: 5.915 Thread 0x000001cb962fc370 4336       1       org.eclipse.text.templates.TemplatePersistenceData::getId (5 bytes)
Event: 5.915 Thread 0x000001cb962fc370 nmethod 4336 0x000001cb8adafa10 code [0x000001cb8adafba0, 0x000001cb8adafc68]
Event: 5.915 Thread 0x000001cb962fc370 4333       2       com.sun.org.apache.xerces.internal.dom.AttrImpl::getNodeValue (5 bytes)
Event: 5.915 Thread 0x000001cb962fc370 nmethod 4333 0x000001cb83a0bb10 code [0x000001cb83a0bcc0, 0x000001cb83a0bde8]
Event: 5.921 Thread 0x000001cb962fc370 4337       2       java.lang.NamedPackage::<init> (59 bytes)
Event: 5.922 Thread 0x000001cb962fc370 nmethod 4337 0x000001cb83a0be90 code [0x000001cb83a0c0a0, 0x000001cb83a0c4c8]
Event: 5.930 Thread 0x000001cb962fc370 4338       2       java.lang.invoke.MethodHandle::asFixedArity (23 bytes)
Event: 5.930 Thread 0x000001cb962fc370 nmethod 4338 0x000001cb83a0c790 code [0x000001cb83a0c920, 0x000001cb83a0ca28]
Event: 5.930 Thread 0x000001cb962fc370 4339       2       java.lang.invoke.LambdaForm$MH/0x000001cb98019c00::invoke (25 bytes)
Event: 5.930 Thread 0x000001cb962fc370 nmethod 4339 0x000001cb83a0ca90 code [0x000001cb83a0cc40, 0x000001cb83a0cdf8]
Event: 5.931 Thread 0x000001cb962fc370 4340       2       java.util.jar.Manifest::getTrustedAttributes (57 bytes)
Event: 5.931 Thread 0x000001cb962fc370 nmethod 4340 0x000001cb83a0cf10 code [0x000001cb83a0d120, 0x000001cb83a0d578]
Event: 5.932 Thread 0x000001cb962fc370 4341   !   2       org.eclipse.osgi.internal.loader.SystemBundleLoader::findLocalClass (12 bytes)
Event: 5.932 Thread 0x000001cb962fc370 nmethod 4341 0x000001cb83a0d810 code [0x000001cb83a0d9c0, 0x000001cb83a0db50]

GC Heap History (20 events):
Event: 1.911 GC heap before
{Heap before GC invocations=2 (full 0):
 PSYoungGen      total 29696K, used 28896K [0x00000000d5580000, 0x00000000d7680000, 0x0000000100000000)
  eden space 25600K, 100% used [0x00000000d5580000,0x00000000d6e80000,0x00000000d6e80000)
  from space 4096K, 80% used [0x00000000d6e80000,0x00000000d71b8138,0x00000000d7280000)
  to   space 4096K, 0% used [0x00000000d7280000,0x00000000d7280000,0x00000000d7680000)
 ParOldGen       total 68608K, used 16K [0x0000000080000000, 0x0000000084300000, 0x00000000d5580000)
  object space 68608K, 0% used [0x0000000080000000,0x0000000080004000,0x0000000084300000)
 Metaspace       used 7974K, committed 8256K, reserved 1114112K
  class space    used 829K, committed 960K, reserved 1048576K
}
Event: 1.917 GC heap after
{Heap after GC invocations=2 (full 0):
 PSYoungGen      total 29696K, used 4070K [0x00000000d5580000, 0x00000000d7680000, 0x0000000100000000)
  eden space 25600K, 0% used [0x00000000d5580000,0x00000000d5580000,0x00000000d6e80000)
  from space 4096K, 99% used [0x00000000d7280000,0x00000000d7679820,0x00000000d7680000)
  to   space 4096K, 0% used [0x00000000d6e80000,0x00000000d6e80000,0x00000000d7280000)
 ParOldGen       total 68608K, used 2073K [0x0000000080000000, 0x0000000084300000, 0x00000000d5580000)
  object space 68608K, 3% used [0x0000000080000000,0x00000000802066a8,0x0000000084300000)
 Metaspace       used 7974K, committed 8256K, reserved 1114112K
  class space    used 829K, committed 960K, reserved 1048576K
}
Event: 2.446 GC heap before
{Heap before GC invocations=3 (full 0):
 PSYoungGen      total 29696K, used 29670K [0x00000000d5580000, 0x00000000d7680000, 0x0000000100000000)
  eden space 25600K, 100% used [0x00000000d5580000,0x00000000d6e80000,0x00000000d6e80000)
  from space 4096K, 99% used [0x00000000d7280000,0x00000000d7679820,0x00000000d7680000)
  to   space 4096K, 0% used [0x00000000d6e80000,0x00000000d6e80000,0x00000000d7280000)
 ParOldGen       total 68608K, used 2073K [0x0000000080000000, 0x0000000084300000, 0x00000000d5580000)
  object space 68608K, 3% used [0x0000000080000000,0x00000000802066a8,0x0000000084300000)
 Metaspace       used 9448K, committed 9792K, reserved 1114112K
  class space    used 1007K, committed 1152K, reserved 1048576K
}
Event: 2.454 GC heap after
{Heap after GC invocations=3 (full 0):
 PSYoungGen      total 29696K, used 4084K [0x00000000d5580000, 0x00000000d7680000, 0x0000000100000000)
  eden space 25600K, 0% used [0x00000000d5580000,0x00000000d5580000,0x00000000d6e80000)
  from space 4096K, 99% used [0x00000000d6e80000,0x00000000d727d168,0x00000000d7280000)
  to   space 4096K, 0% used [0x00000000d7280000,0x00000000d7280000,0x00000000d7680000)
 ParOldGen       total 68608K, used 4653K [0x0000000080000000, 0x0000000084300000, 0x00000000d5580000)
  object space 68608K, 6% used [0x0000000080000000,0x000000008048b798,0x0000000084300000)
 Metaspace       used 9448K, committed 9792K, reserved 1114112K
  class space    used 1007K, committed 1152K, reserved 1048576K
}
Event: 3.100 GC heap before
{Heap before GC invocations=4 (full 0):
 PSYoungGen      total 29696K, used 29684K [0x00000000d5580000, 0x00000000d7680000, 0x0000000100000000)
  eden space 25600K, 100% used [0x00000000d5580000,0x00000000d6e80000,0x00000000d6e80000)
  from space 4096K, 99% used [0x00000000d6e80000,0x00000000d727d168,0x00000000d7280000)
  to   space 4096K, 0% used [0x00000000d7280000,0x00000000d7280000,0x00000000d7680000)
 ParOldGen       total 68608K, used 4653K [0x0000000080000000, 0x0000000084300000, 0x00000000d5580000)
  object space 68608K, 6% used [0x0000000080000000,0x000000008048b798,0x0000000084300000)
 Metaspace       used 11597K, committed 11968K, reserved 1114112K
  class space    used 1223K, committed 1408K, reserved 1048576K
}
Event: 3.107 GC heap after
{Heap after GC invocations=4 (full 0):
 PSYoungGen      total 29696K, used 4071K [0x00000000d5580000, 0x00000000d7680000, 0x0000000100000000)
  eden space 25600K, 0% used [0x00000000d5580000,0x00000000d5580000,0x00000000d6e80000)
  from space 4096K, 99% used [0x00000000d7280000,0x00000000d7679d30,0x00000000d7680000)
  to   space 4096K, 0% used [0x00000000d6e80000,0x00000000d6e80000,0x00000000d7280000)
 ParOldGen       total 68608K, used 6576K [0x0000000080000000, 0x0000000084300000, 0x00000000d5580000)
  object space 68608K, 9% used [0x0000000080000000,0x000000008066c2f0,0x0000000084300000)
 Metaspace       used 11597K, committed 11968K, reserved 1114112K
  class space    used 1223K, committed 1408K, reserved 1048576K
}
Event: 3.748 GC heap before
{Heap before GC invocations=5 (full 0):
 PSYoungGen      total 29696K, used 29671K [0x00000000d5580000, 0x00000000d7680000, 0x0000000100000000)
  eden space 25600K, 100% used [0x00000000d5580000,0x00000000d6e80000,0x00000000d6e80000)
  from space 4096K, 99% used [0x00000000d7280000,0x00000000d7679d30,0x00000000d7680000)
  to   space 4096K, 0% used [0x00000000d6e80000,0x00000000d6e80000,0x00000000d7280000)
 ParOldGen       total 68608K, used 6576K [0x0000000080000000, 0x0000000084300000, 0x00000000d5580000)
  object space 68608K, 9% used [0x0000000080000000,0x000000008066c2f0,0x0000000084300000)
 Metaspace       used 15519K, committed 16128K, reserved 1114112K
  class space    used 1618K, committed 1920K, reserved 1048576K
}
Event: 3.754 GC heap after
{Heap after GC invocations=5 (full 0):
 PSYoungGen      total 29184K, used 4079K [0x00000000d5580000, 0x00000000d7a00000, 0x0000000100000000)
  eden space 25088K, 0% used [0x00000000d5580000,0x00000000d5580000,0x00000000d6e00000)
  from space 4096K, 99% used [0x00000000d6e80000,0x00000000d727bf58,0x00000000d7280000)
  to   space 6144K, 0% used [0x00000000d7400000,0x00000000d7400000,0x00000000d7a00000)
 ParOldGen       total 68608K, used 8019K [0x0000000080000000, 0x0000000084300000, 0x00000000d5580000)
  object space 68608K, 11% used [0x0000000080000000,0x00000000807d4f00,0x0000000084300000)
 Metaspace       used 15519K, committed 16128K, reserved 1114112K
  class space    used 1618K, committed 1920K, reserved 1048576K
}
Event: 4.438 GC heap before
{Heap before GC invocations=6 (full 0):
 PSYoungGen      total 29184K, used 29167K [0x00000000d5580000, 0x00000000d7a00000, 0x0000000100000000)
  eden space 25088K, 100% used [0x00000000d5580000,0x00000000d6e00000,0x00000000d6e00000)
  from space 4096K, 99% used [0x00000000d6e80000,0x00000000d727bf58,0x00000000d7280000)
  to   space 6144K, 0% used [0x00000000d7400000,0x00000000d7400000,0x00000000d7a00000)
 ParOldGen       total 68608K, used 8019K [0x0000000080000000, 0x0000000084300000, 0x00000000d5580000)
  object space 68608K, 11% used [0x0000000080000000,0x00000000807d4f00,0x0000000084300000)
 Metaspace       used 18649K, committed 19520K, reserved 1114112K
  class space    used 1968K, committed 2304K, reserved 1048576K
}
Event: 4.443 GC heap after
{Heap after GC invocations=6 (full 0):
 PSYoungGen      total 29696K, used 4942K [0x00000000d5580000, 0x00000000d7900000, 0x0000000100000000)
  eden space 24576K, 0% used [0x00000000d5580000,0x00000000d5580000,0x00000000d6d80000)
  from space 5120K, 96% used [0x00000000d7400000,0x00000000d78d3a88,0x00000000d7900000)
  to   space 5632K, 0% used [0x00000000d6e00000,0x00000000d6e00000,0x00000000d7380000)
 ParOldGen       total 68608K, used 8027K [0x0000000080000000, 0x0000000084300000, 0x00000000d5580000)
  object space 68608K, 11% used [0x0000000080000000,0x00000000807d6f00,0x0000000084300000)
 Metaspace       used 18649K, committed 19520K, reserved 1114112K
  class space    used 1968K, committed 2304K, reserved 1048576K
}
Event: 4.800 GC heap before
{Heap before GC invocations=7 (full 0):
 PSYoungGen      total 29696K, used 24362K [0x00000000d5580000, 0x00000000d7900000, 0x0000000100000000)
  eden space 24576K, 79% used [0x00000000d5580000,0x00000000d6876f68,0x00000000d6d80000)
  from space 5120K, 96% used [0x00000000d7400000,0x00000000d78d3a88,0x00000000d7900000)
  to   space 5632K, 0% used [0x00000000d6e00000,0x00000000d6e00000,0x00000000d7380000)
 ParOldGen       total 68608K, used 8027K [0x0000000080000000, 0x0000000084300000, 0x00000000d5580000)
  object space 68608K, 11% used [0x0000000080000000,0x00000000807d6f00,0x0000000084300000)
 Metaspace       used 20592K, committed 21504K, reserved 1114112K
  class space    used 2202K, committed 2560K, reserved 1048576K
}
Event: 4.804 GC heap after
{Heap after GC invocations=7 (full 0):
 PSYoungGen      total 29184K, used 4502K [0x00000000d5580000, 0x00000000d7780000, 0x0000000100000000)
  eden space 24576K, 0% used [0x00000000d5580000,0x00000000d5580000,0x00000000d6d80000)
  from space 4608K, 97% used [0x00000000d6e00000,0x00000000d7265a90,0x00000000d7280000)
  to   space 5120K, 0% used [0x00000000d7280000,0x00000000d7280000,0x00000000d7780000)
 ParOldGen       total 68608K, used 9631K [0x0000000080000000, 0x0000000084300000, 0x00000000d5580000)
  object space 68608K, 14% used [0x0000000080000000,0x0000000080967ee0,0x0000000084300000)
 Metaspace       used 20592K, committed 21504K, reserved 1114112K
  class space    used 2202K, committed 2560K, reserved 1048576K
}
Event: 4.804 GC heap before
{Heap before GC invocations=8 (full 1):
 PSYoungGen      total 29184K, used 4502K [0x00000000d5580000, 0x00000000d7780000, 0x0000000100000000)
  eden space 24576K, 0% used [0x00000000d5580000,0x00000000d5580000,0x00000000d6d80000)
  from space 4608K, 97% used [0x00000000d6e00000,0x00000000d7265a90,0x00000000d7280000)
  to   space 5120K, 0% used [0x00000000d7280000,0x00000000d7280000,0x00000000d7780000)
 ParOldGen       total 68608K, used 9631K [0x0000000080000000, 0x0000000084300000, 0x00000000d5580000)
  object space 68608K, 14% used [0x0000000080000000,0x0000000080967ee0,0x0000000084300000)
 Metaspace       used 20592K, committed 21504K, reserved 1114112K
  class space    used 2202K, committed 2560K, reserved 1048576K
}
Event: 4.842 GC heap after
{Heap after GC invocations=8 (full 1):
 PSYoungGen      total 29184K, used 0K [0x00000000d5580000, 0x00000000d7780000, 0x0000000100000000)
  eden space 24576K, 0% used [0x00000000d5580000,0x00000000d5580000,0x00000000d6d80000)
  from space 4608K, 0% used [0x00000000d6e00000,0x00000000d6e00000,0x00000000d7280000)
  to   space 5120K, 0% used [0x00000000d7280000,0x00000000d7280000,0x00000000d7780000)
 ParOldGen       total 68608K, used 13514K [0x0000000080000000, 0x0000000084300000, 0x00000000d5580000)
  object space 68608K, 19% used [0x0000000080000000,0x0000000080d32ae0,0x0000000084300000)
 Metaspace       used 20580K, committed 21504K, reserved 1114112K
  class space    used 2198K, committed 2560K, reserved 1048576K
}
Event: 5.123 GC heap before
{Heap before GC invocations=9 (full 1):
 PSYoungGen      total 29184K, used 24576K [0x00000000d5580000, 0x00000000d7780000, 0x0000000100000000)
  eden space 24576K, 100% used [0x00000000d5580000,0x00000000d6d80000,0x00000000d6d80000)
  from space 4608K, 0% used [0x00000000d6e00000,0x00000000d6e00000,0x00000000d7280000)
  to   space 5120K, 0% used [0x00000000d7280000,0x00000000d7280000,0x00000000d7780000)
 ParOldGen       total 68608K, used 13514K [0x0000000080000000, 0x0000000084300000, 0x00000000d5580000)
  object space 68608K, 19% used [0x0000000080000000,0x0000000080d32ae0,0x0000000084300000)
 Metaspace       used 22703K, committed 23680K, reserved 1114112K
  class space    used 2388K, committed 2752K, reserved 1048576K
}
Event: 5.125 GC heap after
{Heap after GC invocations=9 (full 1):
 PSYoungGen      total 25600K, used 1042K [0x00000000d5580000, 0x00000000d7400000, 0x0000000100000000)
  eden space 24064K, 0% used [0x00000000d5580000,0x00000000d5580000,0x00000000d6d00000)
  from space 1536K, 67% used [0x00000000d7280000,0x00000000d7384aa0,0x00000000d7400000)
  to   space 2560K, 0% used [0x00000000d6f00000,0x00000000d6f00000,0x00000000d7180000)
 ParOldGen       total 68608K, used 13522K [0x0000000080000000, 0x0000000084300000, 0x00000000d5580000)
  object space 68608K, 19% used [0x0000000080000000,0x0000000080d34ae0,0x0000000084300000)
 Metaspace       used 22703K, committed 23680K, reserved 1114112K
  class space    used 2388K, committed 2752K, reserved 1048576K
}
Event: 5.401 GC heap before
{Heap before GC invocations=10 (full 1):
 PSYoungGen      total 25600K, used 25106K [0x00000000d5580000, 0x00000000d7400000, 0x0000000100000000)
  eden space 24064K, 100% used [0x00000000d5580000,0x00000000d6d00000,0x00000000d6d00000)
  from space 1536K, 67% used [0x00000000d7280000,0x00000000d7384aa0,0x00000000d7400000)
  to   space 2560K, 0% used [0x00000000d6f00000,0x00000000d6f00000,0x00000000d7180000)
 ParOldGen       total 68608K, used 13522K [0x0000000080000000, 0x0000000084300000, 0x00000000d5580000)
  object space 68608K, 19% used [0x0000000080000000,0x0000000080d34ae0,0x0000000084300000)
 Metaspace       used 26328K, committed 27264K, reserved 1114112K
  class space    used 2650K, committed 3008K, reserved 1048576K
}
Event: 5.403 GC heap after
{Heap after GC invocations=10 (full 1):
 PSYoungGen      total 26112K, used 1335K [0x00000000d5580000, 0x00000000d7300000, 0x0000000100000000)
  eden space 23552K, 0% used [0x00000000d5580000,0x00000000d5580000,0x00000000d6c80000)
  from space 2560K, 52% used [0x00000000d6f00000,0x00000000d704dcb8,0x00000000d7180000)
  to   space 1536K, 0% used [0x00000000d7180000,0x00000000d7180000,0x00000000d7300000)
 ParOldGen       total 68608K, used 13530K [0x0000000080000000, 0x0000000084300000, 0x00000000d5580000)
  object space 68608K, 19% used [0x0000000080000000,0x0000000080d36ae0,0x0000000084300000)
 Metaspace       used 26328K, committed 27264K, reserved 1114112K
  class space    used 2650K, committed 3008K, reserved 1048576K
}
Event: 5.669 GC heap before
{Heap before GC invocations=11 (full 1):
 PSYoungGen      total 26112K, used 24887K [0x00000000d5580000, 0x00000000d7300000, 0x0000000100000000)
  eden space 23552K, 100% used [0x00000000d5580000,0x00000000d6c80000,0x00000000d6c80000)
  from space 2560K, 52% used [0x00000000d6f00000,0x00000000d704dcb8,0x00000000d7180000)
  to   space 1536K, 0% used [0x00000000d7180000,0x00000000d7180000,0x00000000d7300000)
 ParOldGen       total 68608K, used 13530K [0x0000000080000000, 0x0000000084300000, 0x00000000d5580000)
  object space 68608K, 19% used [0x0000000080000000,0x0000000080d36ae0,0x0000000084300000)
 Metaspace       used 27984K, committed 29056K, reserved 1114112K
  class space    used 2774K, committed 3200K, reserved 1048576K
}
Event: 5.672 GC heap after
{Heap after GC invocations=11 (full 1):
 PSYoungGen      total 24576K, used 1220K [0x00000000d5580000, 0x00000000d7300000, 0x0000000100000000)
  eden space 23040K, 0% used [0x00000000d5580000,0x00000000d5580000,0x00000000d6c00000)
  from space 1536K, 79% used [0x00000000d7180000,0x00000000d72b1148,0x00000000d7300000)
  to   space 1536K, 0% used [0x00000000d7000000,0x00000000d7000000,0x00000000d7180000)
 ParOldGen       total 68608K, used 15993K [0x0000000080000000, 0x0000000084300000, 0x00000000d5580000)
  object space 68608K, 23% used [0x0000000080000000,0x0000000080f9e438,0x0000000084300000)
 Metaspace       used 27984K, committed 29056K, reserved 1114112K
  class space    used 2774K, committed 3200K, reserved 1048576K
}

Dll operation events (10 events):
Event: 0.010 Loaded shared library c:\Users\KEKE\.cursor\extensions\redhat.java-1.53.0-win32-x64\jre\21.0.10-win32-x86_64\bin\java.dll
Event: 0.168 Loaded shared library c:\Users\KEKE\.cursor\extensions\redhat.java-1.53.0-win32-x64\jre\21.0.10-win32-x86_64\bin\zip.dll
Event: 0.207 Loaded shared library C:\Users\KEKE\.cursor\extensions\redhat.java-1.53.0-win32-x64\jre\21.0.10-win32-x86_64\bin\instrument.dll
Event: 0.217 Loaded shared library C:\Users\KEKE\.cursor\extensions\redhat.java-1.53.0-win32-x64\jre\21.0.10-win32-x86_64\bin\net.dll
Event: 0.221 Loaded shared library C:\Users\KEKE\.cursor\extensions\redhat.java-1.53.0-win32-x64\jre\21.0.10-win32-x86_64\bin\nio.dll
Event: 0.226 Loaded shared library C:\Users\KEKE\.cursor\extensions\redhat.java-1.53.0-win32-x64\jre\21.0.10-win32-x86_64\bin\zip.dll
Event: 0.257 Loaded shared library C:\Users\KEKE\.cursor\extensions\redhat.java-1.53.0-win32-x64\jre\21.0.10-win32-x86_64\bin\jimage.dll
Event: 0.379 Loaded shared library c:\Users\KEKE\.cursor\extensions\redhat.java-1.53.0-win32-x64\jre\21.0.10-win32-x86_64\bin\verify.dll
Event: 1.981 Loaded shared library C:\Users\KEKE\AppData\Roaming\Cursor\User\globalStorage\redhat.java\1.53.0\config_win\org.eclipse.equinox.launcher\org.eclipse.equinox.launcher.win32.win32.x86_64_1.3.0.v20260203-2149\eclipse_11919.dll
Event: 4.019 Loaded shared library C:\Users\KEKE\AppData\Local\Temp\jna-2303028\jna6791318227981574766.dll

Deoptimization events (20 events):
Event: 5.662 Thread 0x000001cb96308470 Uncommon trap: trap_request=0xffffff45 fr.pc=0x000001cb8ac70b48 relative=0x0000000000000308
Event: 5.662 Thread 0x000001cb96308470 Uncommon trap: reason=unstable_if action=reinterpret pc=0x000001cb8ac70b48 method=jdk.internal.util.ArraysSupport.vectorizedHashCode(Ljava/lang/Object;IIII)I @ 2 c2
Event: 5.662 Thread 0x000001cb96308470 DEOPT PACKING pc=0x000001cb8ac70b48 sp=0x00000025786f9680
Event: 5.662 Thread 0x000001cb96308470 DEOPT UNPACKING pc=0x000001cb8a6c3aa2 sp=0x00000025786f9630 mode 2
Event: 5.722 Thread 0x000001cb96308470 Uncommon trap: trap_request=0xffffffc6 fr.pc=0x000001cb8aca8a04 relative=0x0000000000000a04
Event: 5.722 Thread 0x000001cb96308470 Uncommon trap: reason=bimorphic_or_optimized_type_check action=maybe_recompile pc=0x000001cb8aca8a04 method=java.util.HashMap.putVal(ILjava/lang/Object;Ljava/lang/Object;ZZ)Ljava/lang/Object; @ 56 c2
Event: 5.722 Thread 0x000001cb96308470 DEOPT PACKING pc=0x000001cb8aca8a04 sp=0x00000025786fddc0
Event: 5.722 Thread 0x000001cb96308470 DEOPT UNPACKING pc=0x000001cb8a6c3aa2 sp=0x00000025786fdcc0 mode 2
Event: 5.722 Thread 0x000001cb96308470 Uncommon trap: trap_request=0xffffffc6 fr.pc=0x000001cb8aca8a04 relative=0x0000000000000a04
Event: 5.722 Thread 0x000001cb96308470 Uncommon trap: reason=bimorphic_or_optimized_type_check action=maybe_recompile pc=0x000001cb8aca8a04 method=java.util.HashMap.putVal(ILjava/lang/Object;Ljava/lang/Object;ZZ)Ljava/lang/Object; @ 56 c2
Event: 5.722 Thread 0x000001cb96308470 DEOPT PACKING pc=0x000001cb8aca8a04 sp=0x00000025786fddc0
Event: 5.722 Thread 0x000001cb96308470 DEOPT UNPACKING pc=0x000001cb8a6c3aa2 sp=0x00000025786fdcc0 mode 2
Event: 5.722 Thread 0x000001cb96308470 Uncommon trap: trap_request=0xffffffc6 fr.pc=0x000001cb8aca8a5c relative=0x0000000000000a5c
Event: 5.722 Thread 0x000001cb96308470 Uncommon trap: reason=bimorphic_or_optimized_type_check action=maybe_recompile pc=0x000001cb8aca8a5c method=java.util.HashMap.putVal(ILjava/lang/Object;Ljava/lang/Object;ZZ)Ljava/lang/Object; @ 152 c2
Event: 5.722 Thread 0x000001cb96308470 DEOPT PACKING pc=0x000001cb8aca8a5c sp=0x00000025786fddc0
Event: 5.722 Thread 0x000001cb96308470 DEOPT UNPACKING pc=0x000001cb8a6c3aa2 sp=0x00000025786fdcc8 mode 2
Event: 5.722 Thread 0x000001cb96308470 Uncommon trap: trap_request=0xffffffc6 fr.pc=0x000001cb8aca8a04 relative=0x0000000000000a04
Event: 5.722 Thread 0x000001cb96308470 Uncommon trap: reason=bimorphic_or_optimized_type_check action=maybe_recompile pc=0x000001cb8aca8a04 method=java.util.HashMap.putVal(ILjava/lang/Object;Ljava/lang/Object;ZZ)Ljava/lang/Object; @ 56 c2
Event: 5.723 Thread 0x000001cb96308470 DEOPT PACKING pc=0x000001cb8aca8a04 sp=0x00000025786fddc0
Event: 5.723 Thread 0x000001cb96308470 DEOPT UNPACKING pc=0x000001cb8a6c3aa2 sp=0x00000025786fdcc0 mode 2

Classes loaded (20 events):
Event: 5.901 Loading class com/sun/org/apache/xml/internal/serializer/NamespaceMappings
Event: 5.902 Loading class com/sun/org/apache/xml/internal/serializer/NamespaceMappings done
Event: 5.902 Loading class com/sun/org/apache/xml/internal/serializer/NamespaceMappings$MappingRecord
Event: 5.902 Loading class com/sun/org/apache/xml/internal/serializer/NamespaceMappings$MappingRecord done
Event: 5.902 Loading class javax/xml/transform/stream/StreamSource
Event: 5.902 Loading class javax/xml/transform/stream/StreamSource done
Event: 5.902 Loading class javax/xml/transform/sax/SAXSource
Event: 5.902 Loading class javax/xml/transform/sax/SAXSource done
Event: 5.902 Loading class javax/xml/transform/stax/StAXSource
Event: 5.902 Loading class javax/xml/transform/stax/StAXSource done
Event: 5.902 Loading class com/sun/org/apache/xalan/internal/xsltc/trax/DOM2TO
Event: 5.902 Loading class com/sun/org/apache/xalan/internal/xsltc/trax/DOM2TO done
Event: 5.905 Loading class com/sun/org/apache/xml/internal/serializer/WriterToUTF8Buffered
Event: 5.906 Loading class com/sun/org/apache/xml/internal/serializer/WriterChain
Event: 5.906 Loading class com/sun/org/apache/xml/internal/serializer/WriterChain done
Event: 5.906 Loading class com/sun/org/apache/xml/internal/serializer/WriterToUTF8Buffered done
Event: 5.906 Loading class com/sun/org/apache/xml/internal/serializer/WriterToASCI
Event: 5.906 Loading class com/sun/org/apache/xml/internal/serializer/WriterToASCI done
Event: 5.933 Loading class sun/nio/cs/UTF_8$Encoder
Event: 5.933 Loading class sun/nio/cs/UTF_8$Encoder done

Classes unloaded (7 events):
Event: 4.810 Thread 0x000001cb962e26f0 Unloading class 0x000001cb981aac00 'java/lang/invoke/LambdaForm$MH+0x000001cb981aac00'
Event: 4.810 Thread 0x000001cb962e26f0 Unloading class 0x000001cb981aa800 'java/lang/invoke/LambdaForm$MH+0x000001cb981aa800'
Event: 4.810 Thread 0x000001cb962e26f0 Unloading class 0x000001cb981aa400 'java/lang/invoke/LambdaForm$MH+0x000001cb981aa400'
Event: 4.810 Thread 0x000001cb962e26f0 Unloading class 0x000001cb981aa000 'java/lang/invoke/LambdaForm$MH+0x000001cb981aa000'
Event: 4.810 Thread 0x000001cb962e26f0 Unloading class 0x000001cb981a9c00 'java/lang/invoke/LambdaForm$BMH+0x000001cb981a9c00'
Event: 4.810 Thread 0x000001cb962e26f0 Unloading class 0x000001cb981a9800 'java/lang/invoke/LambdaForm$DMH+0x000001cb981a9800'
Event: 4.810 Thread 0x000001cb962e26f0 Unloading class 0x000001cb981a8400 'java/lang/invoke/LambdaForm$DMH+0x000001cb981a8400'

Classes redefined (0 events):
No events

Internal exceptions (20 events):
Event: 4.731 Thread 0x000001cb96308470 Exception <a 'java/lang/NoSuchMethodError'{0x00000000d67010c0}: 'int java.lang.invoke.DirectMethodHandle$Holder.invokeStaticInit(java.lang.Object, float, float)'> (0x00000000d67010c0) 
thrown [s\src\hotspot\share\interpreter\linkResolver.cpp, line 773]
Event: 4.731 Thread 0x000001cb96308470 Exception <a 'java/lang/NoSuchMethodError'{0x00000000d6708a70}: 'int java.lang.invoke.DirectMethodHandle$Holder.invokeStaticInit(java.lang.Object, double, double)'> (0x00000000d6708a70) 
thrown [s\src\hotspot\share\interpreter\linkResolver.cpp, line 773]
Event: 4.732 Thread 0x000001cb96308470 Exception <a 'java/lang/NoSuchMethodError'{0x00000000d670de88}: 'int java.lang.invoke.DirectMethodHandle$Holder.invokeStatic(java.lang.Object, long)'> (0x00000000d670de88) 
thrown [s\src\hotspot\share\interpreter\linkResolver.cpp, line 773]
Event: 4.736 Thread 0x000001cb96308470 Exception <a 'java/lang/NoSuchMethodError'{0x00000000d672cb70}: 'int java.lang.invoke.Invokers$Holder.linkToTargetMethod(java.lang.Object, java.lang.Object)'> (0x00000000d672cb70) 
thrown [s\src\hotspot\share\interpreter\linkResolver.cpp, line 773]
Event: 4.798 Thread 0x000001cb96308470 Exception <a 'java/lang/NoSuchMethodError'{0x00000000d6822ba8}: 'java.lang.Object java.lang.invoke.Invokers$Holder.invoke_MT(java.lang.Object, java.lang.Object, java.lang.Object, java.lang.Object, java.lang.Object, java.lang.Object, java.lang.Object, java.lang.Object, java.lang.Object, java.lang.Object, java.lang.Object)'> (0x00000000d6822ba8) 
thrown [s\src\hotspot\share\interpreter\linkResolver.cpp, line 773]
Event: 4.859 Thread 0x000001cb96308470 Exception <a 'java/lang/NoSuchMethodError'{0x00000000d560e4a0}: 'java.lang.Object java.lang.invoke.Invokers$Holder.invoke_MT(java.lang.Object, java.lang.Object, java.lang.Object, java.lang.Object, java.lang.Object, java.lang.Object, java.lang.Object, java.lang.Object, java.lang.Object, java.lang.Object)'> (0x00000000d560e4a0) 
thrown [s\src\hotspot\share\interpreter\linkResolver.cpp, line 773]
Event: 4.874 Thread 0x000001cb96308470 Exception <a 'java/lang/NoSuchMethodError'{0x00000000d56be618}: 'java.lang.Object java.lang.invoke.DirectMethodHandle$Holder.newInvokeSpecial(java.lang.Object, java.lang.Object, java.lang.Object, java.lang.Object, java.lang.Object, java.lang.Object, java.lang.Object)'> (0x00000000d56be618) 
thrown [s\src\hotspot\share\interpreter\linkResolver.cpp, line 773]
Event: 4.886 Thread 0x000001cb96308470 Exception <a 'java/lang/NoSuchMethodError'{0x00000000d573b2a0}: 'java.lang.Object java.lang.invoke.Invokers$Holder.invoker(java.lang.Object, java.lang.Object, java.lang.Object, java.lang.Object, java.lang.Object, java.lang.Object, java.lang.Object, java.lang.Object, java.lang.Object, java.lang.Object, java.lang.Object, java.lang.Object, java.lang.Object)'> (0x00000000d573b2a0) 
thrown [s\src\hotspot\share\interpreter\linkResolver.cpp, line 773]
Event: 4.887 Thread 0x000001cb96308470 Exception <a 'java/lang/NoSuchMethodError'{0x00000000d5745738}: 'java.lang.Object java.lang.invoke.DelegatingMethodHandle$Holder.delegate(java.lang.Object, java.lang.Object, java.lang.Object, java.lang.Object, java.lang.Object, java.lang.Object, java.lang.Object, java.lang.Object, java.lang.Object, java.lang.Object, java.lang.Object, java.lang.Object, java.lang.Object)'> (0x00000000d5745738) 
thrown [s\src\hotspot\share\interpreter\linkResolver.cpp, line 773]
Event: 4.894 Thread 0x000001cb96308470 Exception <a 'java/lang/NoSuchMethodError'{0x00000000d57b1a18}: static Lorg/eclipse/m2e/core/internal/lifecyclemapping/model/PluginExecutionMetadata;.<clinit>()V> (0x00000000d57b1a18) 
thrown [s\src\hotspot\share\prims\jni.cpp, line 1111]
Event: 4.902 Thread 0x000001cb96308470 Exception <a 'java/lang/NoSuchMethodError'{0x00000000d5811808}: static Lorg/eclipse/m2e/core/internal/lifecyclemapping/model/PluginExecutionFilter;.<clinit>()V> (0x00000000d5811808) 
thrown [s\src\hotspot\share\prims\jni.cpp, line 1111]
Event: 4.905 Thread 0x000001cb96308470 Exception <a 'java/lang/NoSuchMethodError'{0x00000000d5841890}: static Lorg/eclipse/m2e/core/internal/project/registry/MavenProjectFacade$MavenProjectConfiguration;.<clinit>()V> (0x00000000d5841890) 
thrown [s\src\hotspot\share\prims\jni.cpp, line 1111]
Event: 4.983 Thread 0x000001cb96308470 Exception <a 'java/lang/NoSuchMethodError'{0x00000000d5cc5f30}: 'double java.lang.invoke.DirectMethodHandle$Holder.invokeStatic(java.lang.Object, java.lang.Object)'> (0x00000000d5cc5f30) 
thrown [s\src\hotspot\share\interpreter\linkResolver.cpp, line 773]
Event: 4.983 Thread 0x000001cb96308470 Exception <a 'java/lang/NoSuchMethodError'{0x00000000d5cc95f0}: 'double java.lang.invoke.DirectMethodHandle$Holder.invokeStaticInit(java.lang.Object, java.lang.Object)'> (0x00000000d5cc95f0) 
thrown [s\src\hotspot\share\interpreter\linkResolver.cpp, line 773]
Event: 5.323 Thread 0x000001cb96308470 Implicit null exception at 0x000001cb8ada5e75 to 0x000001cb8ada5f50
Event: 5.455 Thread 0x000001cb96308470 Exception <a 'java/lang/NoSuchMethodError'{0x00000000d626d018}: 'java.lang.Object java.lang.invoke.DirectMethodHandle$Holder.newInvokeSpecial(java.lang.Object, int, java.lang.Object, java.lang.Object)'> (0x00000000d626d018) 
thrown [s\src\hotspot\share\interpreter\linkResolver.cpp, line 773]
Event: 5.649 Thread 0x000001cb96308470 Exception <a 'java/lang/ClassNotFoundException'{0x00000000d6b57e30}: com/sun/org/apache/xerces/internal/impl/msg/spi/DOMMessagesProvider> (0x00000000d6b57e30) 
thrown [s\src\hotspot\share\classfile\systemDictionary.cpp, line 312]
Event: 5.651 Thread 0x000001cb96308470 Exception <a 'java/lang/ClassNotFoundException'{0x00000000d6b7d8c0}: com/sun/org/apache/xerces/internal/impl/msg/spi/XMLSerializerMessagesProvider> (0x00000000d6b7d8c0) 
thrown [s\src\hotspot\share\classfile\systemDictionary.cpp, line 312]
Event: 5.653 Thread 0x000001cb96308470 Exception <a 'java/lang/ClassNotFoundException'{0x00000000d6b95f40}: com/sun/org/apache/xerces/internal/impl/msg/spi/XMLMessagesProvider> (0x00000000d6b95f40) 
thrown [s\src\hotspot\share\classfile\systemDictionary.cpp, line 312]
Event: 5.825 Thread 0x000001cb96308470 Exception <a 'java/lang/ClassNotFoundException'{0x00000000d5d3c3a0}: com/sun/org/apache/xml/internal/serializer/spi/XMLEntitiesProvider> (0x00000000d5d3c3a0) 
thrown [s\src\hotspot\share\classfile\systemDictionary.cpp, line 312]

ZGC Phase Switch (0 events):
No events

VM Operations (20 events):
Event: 4.298 Executing non-safepoint VM operation: HandshakeAllThreads (Deoptimize)
Event: 4.298 Executing non-safepoint VM operation: HandshakeAllThreads (Deoptimize) done
Event: 4.376 Executing safepoint VM operation: ICBufferFull
Event: 4.376 Executing safepoint VM operation: ICBufferFull done
Event: 4.438 Executing safepoint VM operation: ParallelGCFailedAllocation (Allocation Failure)
Event: 4.443 Executing safepoint VM operation: ParallelGCFailedAllocation (Allocation Failure) done
Event: 4.705 Executing non-safepoint VM operation: HandshakeAllThreads (Deoptimize)
Event: 4.705 Executing non-safepoint VM operation: HandshakeAllThreads (Deoptimize) done
Event: 4.800 Executing safepoint VM operation: CollectForMetadataAllocation (Metadata GC Threshold)
Event: 4.842 Executing safepoint VM operation: CollectForMetadataAllocation (Metadata GC Threshold) done
Event: 5.123 Executing safepoint VM operation: ParallelGCFailedAllocation (Allocation Failure)
Event: 5.125 Executing safepoint VM operation: ParallelGCFailedAllocation (Allocation Failure) done
Event: 5.401 Executing safepoint VM operation: ParallelGCFailedAllocation (Allocation Failure)
Event: 5.403 Executing safepoint VM operation: ParallelGCFailedAllocation (Allocation Failure) done
Event: 5.669 Executing safepoint VM operation: ParallelGCFailedAllocation (Allocation Failure)
Event: 5.672 Executing safepoint VM operation: ParallelGCFailedAllocation (Allocation Failure) done
Event: 5.722 Executing non-safepoint VM operation: HandshakeAllThreads (Deoptimize)
Event: 5.722 Executing non-safepoint VM operation: HandshakeAllThreads (Deoptimize) done
Event: 5.857 Executing non-safepoint VM operation: HandshakeAllThreads (Deoptimize)
Event: 5.857 Executing non-safepoint VM operation: HandshakeAllThreads (Deoptimize) done

Memory protections (0 events):
No events

Nmethod flushes (0 events):
No events

Events (20 events):
Event: 0.044 Thread 0x000001cbfeaffbc0 Thread added: 0x000001cb962eebf0
Event: 0.044 Thread 0x000001cbfeaffbc0 Thread added: 0x000001cb962f0350
Event: 0.044 Thread 0x000001cbfeaffbc0 Thread added: 0x000001cb962f14f0
Event: 0.045 Thread 0x000001cbfeaffbc0 Thread added: 0x000001cb962f6d00
Event: 0.045 Thread 0x000001cbfeaffbc0 Thread added: 0x000001cb96306a30
Event: 0.045 Thread 0x000001cbfeaffbc0 Thread added: 0x000001cb962fb830
Event: 0.045 Thread 0x000001cbfeaffbc0 Thread added: 0x000001cb962fc370
Event: 0.212 Thread 0x000001cbfeaffbc0 Thread added: 0x000001cb96308b00
Event: 0.531 Thread 0x000001cbfeaffbc0 Thread added: 0x000001cb963070c0
Event: 1.656 Thread 0x000001cbfeaffbc0 Thread added: 0x000001cb96307de0
Event: 1.974 Thread 0x000001cbfeaffbc0 Thread added: 0x000001cb96305d10
Event: 2.025 Thread 0x000001cb96305d10 Thread added: 0x000001cb963063a0
Event: 2.030 Thread 0x000001cbfeaffbc0 Thread added: 0x000001cb96308470
Event: 2.538 Thread 0x000001cb96308470 Thread added: 0x000001cb96309190
Event: 3.064 Thread 0x000001cb96308470 Thread added: 0x000001cb96307750
Event: 3.473 Thread 0x000001cb96308470 Thread added: 0x000001cbdddc37f0
Event: 4.062 Thread 0x000001cb96308470 Thread added: 0x000001cbdddc58c0
Event: 4.121 Thread 0x000001cb96308470 Thread added: 0x000001cbdddc4510
Event: 4.152 Thread 0x000001cb96308470 Thread added: 0x000001cbdddc2440
Event: 5.692 Thread 0x000001cb96308470 Thread added: 0x000001cbdddc5230


Dynamic libraries:
0x00007ff649970000 - 0x00007ff64997e000 	c:\Users\KEKE\.cursor\extensions\redhat.java-1.53.0-win32-x64\jre\21.0.10-win32-x86_64\bin\java.exe
0x00007ffecd310000 - 0x00007ffecd508000 	C:\WINDOWS\SYSTEM32\ntdll.dll
0x00007ffecd050000 - 0x00007ffecd112000 	C:\WINDOWS\System32\KERNEL32.DLL
0x00007ffecb040000 - 0x00007ffecb336000 	C:\WINDOWS\System32\KERNELBASE.dll
0x00007ffecae90000 - 0x00007ffecaf90000 	C:\WINDOWS\System32\ucrtbase.dll
0x00007ffec5580000 - 0x00007ffec559e000 	c:\Users\KEKE\.cursor\extensions\redhat.java-1.53.0-win32-x64\jre\21.0.10-win32-x86_64\bin\VCRUNTIME140.dll
0x00007ffec55a0000 - 0x00007ffec55b8000 	c:\Users\KEKE\.cursor\extensions\redhat.java-1.53.0-win32-x64\jre\21.0.10-win32-x86_64\bin\jli.dll
0x00007ffecc6b0000 - 0x00007ffecc84d000 	C:\WINDOWS\System32\USER32.dll
0x00007ffecac20000 - 0x00007ffecac42000 	C:\WINDOWS\System32\win32u.dll
0x00007ffeba390000 - 0x00007ffeba62b000 	C:\WINDOWS\WinSxS\amd64_microsoft.windows.common-controls_6595b64144ccf1df_6.0.19041.6280_none_60bc30a171f2f3f3\COMCTL32.dll
0x00007ffecbf10000 - 0x00007ffecbf3b000 	C:\WINDOWS\System32\GDI32.dll
0x00007ffecb340000 - 0x00007ffecb3de000 	C:\WINDOWS\System32\msvcrt.dll
0x00007ffecac50000 - 0x00007ffecad69000 	C:\WINDOWS\System32\gdi32full.dll
0x00007ffecad70000 - 0x00007ffecae0d000 	C:\WINDOWS\System32\msvcp_win.dll
0x00007ffecc130000 - 0x00007ffecc15f000 	C:\WINDOWS\System32\IMM32.DLL
0x00007ffebd370000 - 0x00007ffebd37c000 	c:\Users\KEKE\.cursor\extensions\redhat.java-1.53.0-win32-x64\jre\21.0.10-win32-x86_64\bin\vcruntime140_1.dll
0x00007ffea9520000 - 0x00007ffea95ad000 	c:\Users\KEKE\.cursor\extensions\redhat.java-1.53.0-win32-x64\jre\21.0.10-win32-x86_64\bin\msvcp140.dll
0x00007ffe91a30000 - 0x00007ffe927d1000 	c:\Users\KEKE\.cursor\extensions\redhat.java-1.53.0-win32-x64\jre\21.0.10-win32-x86_64\bin\server\jvm.dll
0x00007ffecc070000 - 0x00007ffecc121000 	C:\WINDOWS\System32\ADVAPI32.dll
0x00007ffecc610000 - 0x00007ffecc6af000 	C:\WINDOWS\System32\sechost.dll
0x00007ffecbc40000 - 0x00007ffecbd60000 	C:\WINDOWS\System32\RPCRT4.dll
0x00007ffecae10000 - 0x00007ffecae37000 	C:\WINDOWS\System32\bcrypt.dll
0x00007ffecb960000 - 0x00007ffecb9cb000 	C:\WINDOWS\System32\WS2_32.dll
0x00007ffeca810000 - 0x00007ffeca85b000 	C:\WINDOWS\SYSTEM32\POWRPROF.dll
0x00007ffec1b90000 - 0x00007ffec1b9a000 	C:\WINDOWS\SYSTEM32\VERSION.dll
0x00007ffebfce0000 - 0x00007ffebfd07000 	C:\WINDOWS\SYSTEM32\WINMM.dll
0x00007ffeca7f0000 - 0x00007ffeca802000 	C:\WINDOWS\SYSTEM32\UMPDC.dll
0x00007ffec91d0000 - 0x00007ffec91e2000 	C:\WINDOWS\SYSTEM32\kernel.appcore.dll
0x00007ffec3e00000 - 0x00007ffec3e0a000 	c:\Users\KEKE\.cursor\extensions\redhat.java-1.53.0-win32-x64\jre\21.0.10-win32-x86_64\bin\jimage.dll
0x00007ffec8c60000 - 0x00007ffec8e61000 	C:\WINDOWS\SYSTEM32\DBGHELP.DLL
0x00007ffeb4840000 - 0x00007ffeb4874000 	C:\WINDOWS\SYSTEM32\dbgcore.DLL
0x00007ffeca9b0000 - 0x00007ffecaa32000 	C:\WINDOWS\System32\bcryptPrimitives.dll
0x00007ffec3df0000 - 0x00007ffec3dff000 	c:\Users\KEKE\.cursor\extensions\redhat.java-1.53.0-win32-x64\jre\21.0.10-win32-x86_64\bin\instrument.dll
0x00007ffeaf8d0000 - 0x00007ffeaf8f0000 	c:\Users\KEKE\.cursor\extensions\redhat.java-1.53.0-win32-x64\jre\21.0.10-win32-x86_64\bin\java.dll
0x00007ffecc850000 - 0x00007ffeccfc0000 	C:\WINDOWS\System32\SHELL32.dll
0x00007ffec83e0000 - 0x00007ffec8b85000 	C:\WINDOWS\SYSTEM32\windows.storage.dll
0x00007ffecc270000 - 0x00007ffecc5c3000 	C:\WINDOWS\System32\combase.dll
0x00007ffeca310000 - 0x00007ffeca33b000 	C:\WINDOWS\SYSTEM32\Wldp.dll
0x00007ffecbf40000 - 0x00007ffecc00d000 	C:\WINDOWS\System32\OLEAUT32.dll
0x00007ffecb8b0000 - 0x00007ffecb95d000 	C:\WINDOWS\System32\SHCORE.dll
0x00007ffecbbd0000 - 0x00007ffecbc2b000 	C:\WINDOWS\System32\shlwapi.dll
0x00007ffeca8e0000 - 0x00007ffeca904000 	C:\WINDOWS\SYSTEM32\profapi.dll
0x00007ffeaf4f0000 - 0x00007ffeaf508000 	c:\Users\KEKE\.cursor\extensions\redhat.java-1.53.0-win32-x64\jre\21.0.10-win32-x86_64\bin\zip.dll
0x00007ffebd4b0000 - 0x00007ffebd4c0000 	C:\Users\KEKE\.cursor\extensions\redhat.java-1.53.0-win32-x64\jre\21.0.10-win32-x86_64\bin\net.dll
0x00007ffec14e0000 - 0x00007ffec15ea000 	C:\WINDOWS\SYSTEM32\WINHTTP.dll
0x00007ffeca070000 - 0x00007ffeca0da000 	C:\WINDOWS\system32\mswsock.dll
0x00007ffea9600000 - 0x00007ffea9616000 	C:\Users\KEKE\.cursor\extensions\redhat.java-1.53.0-win32-x64\jre\21.0.10-win32-x86_64\bin\nio.dll
0x00007ffeb7a00000 - 0x00007ffeb7a10000 	c:\Users\KEKE\.cursor\extensions\redhat.java-1.53.0-win32-x64\jre\21.0.10-win32-x86_64\bin\verify.dll
0x00007ffea7d80000 - 0x00007ffea7dc5000 	C:\Users\KEKE\AppData\Roaming\Cursor\User\globalStorage\redhat.java\1.53.0\config_win\org.eclipse.equinox.launcher\org.eclipse.equinox.launcher.win32.win32.x86_64_1.3.0.v20260203-2149\eclipse_11919.dll
0x00007ffecd120000 - 0x00007ffecd24b000 	C:\WINDOWS\System32\ole32.dll
0x00007ffeca270000 - 0x00007ffeca288000 	C:\WINDOWS\SYSTEM32\CRYPTSP.dll
0x00007ffec9990000 - 0x00007ffec99c8000 	C:\WINDOWS\system32\rsaenh.dll
0x00007ffeca8a0000 - 0x00007ffeca8ce000 	C:\WINDOWS\SYSTEM32\USERENV.dll
0x00007ffeca260000 - 0x00007ffeca26c000 	C:\WINDOWS\SYSTEM32\CRYPTBASE.dll
0x00007ffec9d50000 - 0x00007ffec9d8b000 	C:\WINDOWS\SYSTEM32\IPHLPAPI.DLL
0x00007ffecc5e0000 - 0x00007ffecc5e8000 	C:\WINDOWS\System32\NSI.dll
0x00007ffeaa5b0000 - 0x00007ffeaa5f9000 	C:\Users\KEKE\AppData\Local\Temp\jna-2303028\jna6791318227981574766.dll
0x00007ffecbc30000 - 0x00007ffecbc38000 	C:\WINDOWS\System32\PSAPI.DLL

JVMTI agents:
c:\Users\KEKE\.cursor\extensions\redhat.java-1.53.0-win32-x64\lombok\lombok-1.18.39-4050.jar path:c:\Users\KEKE\.cursor\extensions\redhat.java-1.53.0-win32-x64\jre\21.0.10-win32-x86_64\bin\instrument.dll, loaded, initialized, instrumentlib options:none

dbghelp: loaded successfully - version: 4.0.5 - missing functions: none
symbol engine: initialized successfully - sym options: 0x614 - pdb path: .;c:\Users\KEKE\.cursor\extensions\redhat.java-1.53.0-win32-x64\jre\21.0.10-win32-x86_64\bin;C:\WINDOWS\SYSTEM32;C:\WINDOWS\WinSxS\amd64_microsoft.windows.common-controls_6595b64144ccf1df_6.0.19041.6280_none_60bc30a171f2f3f3;c:\Users\KEKE\.cursor\extensions\redhat.java-1.53.0-win32-x64\jre\21.0.10-win32-x86_64\bin\server;C:\Users\KEKE\AppData\Roaming\Cursor\User\globalStorage\redhat.java\1.53.0\config_win\org.eclipse.equinox.launcher\org.eclipse.equinox.launcher.win32.win32.x86_64_1.3.0.v20260203-2149;C:\Users\KEKE\AppData\Local\Temp\jna-2303028

VM Arguments:
jvm_args: --add-modules=ALL-SYSTEM --add-opens=java.base/java.util=ALL-UNNAMED --add-opens=java.base/java.lang=ALL-UNNAMED --add-opens=java.base/sun.nio.fs=ALL-UNNAMED -Declipse.application=org.eclipse.jdt.ls.core.id1 -Dosgi.bundles.defaultStartLevel=4 -Declipse.product=org.eclipse.jdt.ls.core.product -Djava.import.generatesMetadataFilesAtProjectRoot=false -DDetectVMInstallationsJob.disabled=true -Dfile.encoding=utf8 -XX:+UseParallelGC -XX:GCTimeRatio=4 -XX:AdaptiveSizePolicyWeight=90 -Dsun.zip.disableMemoryMapping=true -Xmx2G -Xms100m -Xlog:disable -javaagent:c:\Users\KEKE\.cursor\extensions\redhat.java-1.53.0-win32-x64\lombok\lombok-1.18.39-4050.jar -XX:+HeapDumpOnOutOfMemoryError -XX:HeapDumpPath=c:\Users\KEKE\AppData\Roaming\Cursor\User\workspaceStorage\b4f81907cdd886fa0c08bef9f9a78c8a\redhat.java -Daether.dependencyCollector.impl=bf 
java_command: c:\Users\KEKE\.cursor\extensions\redhat.java-1.53.0-win32-x64\server\plugins\org.eclipse.equinox.launcher_1.7.100.v20251111-0406.jar -configuration c:\Users\KEKE\AppData\Roaming\Cursor\User\globalStorage\redhat.java\1.53.0\config_win -data c:\Users\KEKE\AppData\Roaming\Cursor\User\workspaceStorage\b4f81907cdd886fa0c08bef9f9a78c8a\redhat.java\jdt_ws --pipe=\\.\pipe\lsp-8a757255619e296e2f86edef9672d705-sock
java_class_path (initial): c:\Users\KEKE\.cursor\extensions\redhat.java-1.53.0-win32-x64\server\plugins\org.eclipse.equinox.launcher_1.7.100.v20251111-0406.jar
Launcher Type: SUN_STANDARD

[Global flags]
    uintx AdaptiveSizePolicyWeight                 = 90                                        {product} {command line}
     intx CICompilerCount                          = 4                                         {product} {ergonomic}
    uintx GCTimeRatio                              = 4                                         {product} {command line}
     bool HeapDumpOnOutOfMemoryError               = true                                   {manageable} {command line}
    ccstr HeapDumpPath                             = c:\Users\KEKE\AppData\Roaming\Cursor\User\workspaceStorage\b4f81907cdd886fa0c08bef9f9a78c8a\redhat.java         {manageable} {command line}
   size_t InitialHeapSize                          = 104857600                                 {product} {command line}
   size_t MaxHeapSize                              = 2147483648                                {product} {command line}
   size_t MaxNewSize                               = 715653120                                 {product} {ergonomic}
   size_t MinHeapDeltaBytes                        = 524288                                    {product} {ergonomic}
   size_t MinHeapSize                              = 104857600                                 {product} {command line}
   size_t NewSize                                  = 34603008                                  {product} {ergonomic}
    uintx NonNMethodCodeHeapSize                   = 5839372                                {pd product} {ergonomic}
    uintx NonProfiledCodeHeapSize                  = 122909434                              {pd product} {ergonomic}
   size_t OldSize                                  = 70254592                                  {product} {ergonomic}
    uintx ProfiledCodeHeapSize                     = 122909434                              {pd product} {ergonomic}
    uintx ReservedCodeCacheSize                    = 251658240                              {pd product} {ergonomic}
     bool SegmentedCodeCache                       = true                                      {product} {ergonomic}
   size_t SoftMaxHeapSize                          = 2147483648                             {manageable} {ergonomic}
     bool UseCompressedOops                        = true                           {product lp64_product} {ergonomic}
     bool UseLargePagesIndividualAllocation        = false                                  {pd product} {ergonomic}
     bool UseParallelGC                            = true                                      {product} {command line}

Logging:
Log output configuration:
 #0: stdout all=off uptime,level,tags foldmultilines=false
 #1: stderr all=off uptime,level,tags foldmultilines=false

Release file:
JAVA_VERSION="21.0.10" 
MODULES="java.base java.compiler java.datatransfer java.xml java.prefs java.desktop java.instrument java.logging java.management java.security.sasl java.naming java.rmi java.management.rmi java.net.http java.scripting java.security.jgss java.transaction.xa java.sql java.sql.rowset java.xml.crypto java.se java.smartcardio jdk.accessibility jdk.internal.jvmstat jdk.attach jdk.charsets jdk.internal.opt jdk.zipfs jdk.compiler jdk.crypto.ec jdk.crypto.cryptoki jdk.crypto.mscapi jdk.dynalink jdk.internal.ed jdk.editpad jdk.hotspot.agent jdk.httpserver jdk.internal.le jdk.internal.vm.ci jdk.internal.vm.compiler jdk.internal.vm.compiler.management jdk.jartool jdk.javadoc jdk.jcmd jdk.management jdk.management.agent jdk.jconsole jdk.jdeps jdk.jdwp.agent jdk.jdi jdk.jfr jdk.jshell jdk.jsobject jdk.jstatd jdk.localedata jdk.management.jfr jdk.naming.dns jdk.naming.rmi jdk.net jdk.nio.mapmode jdk.random jdk.sctp jdk.security.auth jdk.security.jgss jdk.unsupported jdk.unsupported.desktop jdk.xml.dom" 

Environment Variables:
PATH=C:\env\java\jdk-11\bin;C:\Program Files (x86)\Common Files\Oracle\Java\javapath;C:\WINDOWS\system32;C:\WINDOWS;C:\WINDOWS\System32\Wbem;C:\WINDOWS\System32\WindowsPowerShell\v1.0\;C:\WINDOWS\System32\OpenSSH\;C:\Program Files\Git\cmd;C:\env softs\cmake-4.1.0-rc1-windows-x86_64\bin;C:\Program Files\nodejs\;C:\env\apache-maven-3.9.8\bin;C:\redis;C:\laragon\bin\mysql\mysql-8.0.30-winx64\bin;C:\laragon\bin;C:\laragon\bin\apache\httpd-2.4.54-win64-VS16\bin;C:\laragon\bin\composer;C:\laragon\bin\dbeaver;C:\laragon\bin\git\bin;C:\laragon\bin\git\cmd;C:\laragon\bin\git\mingw64\bin;C:\laragon\bin\git\usr\bin;C:\laragon\bin\laragon\utils;C:\laragon\bin\mysql\mysql-8.0.30-winx64\bin;C:\laragon\bin\nginx\nginx-1.22.0;C:\laragon\bin\ngrok;C:\laragon\bin\nodejs\node-v18;C:\laragon\bin\notepad++;C:\laragon\bin\php\php-8.2.30-Win32-vs16-x64;C:\laragon\bin\python\python-3.10;C:\laragon\bin\python\python-3.10\Scripts;C:\laragon\bin\redis\redis-x64-5.0.14.1;C:\laragon\bin\telnet;C:\laragon\usr\bin;C:\Users\KEKE\AppData\Local\Yarn\config\global\node_modules\.bin;C:\Users\KEKE\AppData\Roaming\Composer\vendor\bin;C:\Users\KEKE\AppData\Roaming\npm;C:\Program Files\MySQL\MySQL Shell 8.0\bin\;C:\Users\KEKE\AppData\Local\Microsoft\WindowsApps;C:\Users\KEKE\AppData\Local\Programs\cursor\resources\app\bin;C:\Users\KEKE\AppData\Local\Programs\Microsoft VS Code\bin
USERNAME=KEKE
OS=Windows_NT
PROCESSOR_IDENTIFIER=AMD64 Family 23 Model 24 Stepping 1, AuthenticAMD
TMP=C:\Users\KEKE\AppData\Local\Temp
TEMP=C:\Users\KEKE\AppData\Local\Temp




Periodic native trim disabled

---------------  S Y S T E M  ---------------

OS:
 Windows 10 , 64 bit Build 19041 (10.0.19041.5915)
OS uptime: 0 days 9:08 hours

CPU: total 8 (initial active 8) (8 cores per cpu, 2 threads per core) family 23 model 24 stepping 1 microcode 0x0, cx8, cmov, fxsr, ht, mmx, 3dnowpref, sse, sse2, sse3, ssse3, sse4a, sse4.1, sse4.2, popcnt, lzcnt, tsc, tscinvbit, avx, avx2, aes, clmul, bmi1, bmi2, adx, sha, fma, vzeroupper, clflush, clflushopt, rdtscp, f16c
Processor Information for the first 8 processors :
  Max Mhz: 2100, Current Mhz: 2100, Mhz Limit: 2100

Memory: 4k page, system-wide physical 7103M (146M free)
TotalPageFile size 22463M (AvailPageFile size 2M)
current process WorkingSet (physical memory assigned to process): 162M, peak: 165M
current process commit charge ("private bytes"): 291M, peak: 294M

vm_info: OpenJDK 64-Bit Server VM (21.0.10+7-LTS) for windows-amd64 JRE (21.0.10+7-LTS), built on 2026-01-20T00:00:00Z by "admin" with MS VC++ 17.12 (VS2022)

END.
